--------- beginning of main
12-04 20:24:49.892 24920 24920 D ViewRootImpl: ViewPostImeInputStage processPointer 1
12-04 20:24:49.912 24920 25077 I FtcDashboard: [RECV]	{"type":"GET_ROBOT_STATUS"}
12-04 20:24:49.912 24920 25077 I FtcDashboard: [SENT]	{"data":{"activeOpMode":"$Stop$Robot$","activeOpModeStatus":"RUNNING","available":true,"errorMessage":"","warningMessage":"REV Robotics USB Expansion Hub Portal [DQ2FYPMN] detached; unable to find webcam \"Webcam 1\" with serial number 3F2DF43F"},"type":"RECEIVE_ROBOT_STATUS"}
12-04 20:24:50.522 24920 24920 V RCActivity: onPause()
12-04 20:24:50.922 24920 25077 I FtcDashboard: [RECV]	{"type":"GET_ROBOT_STATUS"}
12-04 20:24:50.922 24920 25077 I FtcDashboard: [SENT]	{"data":{"activeOpMode":"$Stop$Robot$","activeOpModeStatus":"RUNNING","available":true,"errorMessage":"","warningMessage":"REV Robotics USB Expansion Hub Portal [DQ2FYPMN] detached; unable to find webcam \"Webcam 1\" with serial number 3F2DF43F"},"type":"RECEIVE_ROBOT_STATUS"}
12-04 20:24:51.922 24920 25077 I FtcDashboard: [RECV]	{"type":"GET_ROBOT_STATUS"}
12-04 20:24:51.922 24920 25077 I FtcDashboard: [SENT]	{"data":{"activeOpMode":"$Stop$Robot$","activeOpModeStatus":"RUNNING","available":true,"errorMessage":"","warningMessage":"REV Robotics USB Expansion Hub Portal [DQ2FYPMN] detached; unable to find webcam \"Webcam 1\" with serial number 3F2DF43F"},"type":"RECEIVE_ROBOT_STATUS"}
12-04 20:24:52.922 24920 25077 I FtcDashboard: [RECV]	{"type":"GET_ROBOT_STATUS"}
12-04 20:24:52.922 24920 25077 I FtcDashboard: [SENT]	{"data":{"activeOpMode":"$Stop$Robot$","activeOpModeStatus":"RUNNING","available":true,"errorMessage":"","warningMessage":"REV Robotics USB Expansion Hub Portal [DQ2FYPMN] detached; unable to find webcam \"Webcam 1\" with serial number 3F2DF43F"},"type":"RECEIVE_ROBOT_STATUS"}
12-04 20:24:53.922 24920 25077 I FtcDashboard: [RECV]	{"type":"GET_ROBOT_STATUS"}
12-04 20:24:53.922 24920 25077 I FtcDashboard: [SENT]	{"data":{"activeOpMode":"$Stop$Robot$","activeOpModeStatus":"RUNNING","available":true,"errorMessage":"","warningMessage":"REV Robotics USB Expansion Hub Portal [DQ2FYPMN] detached; unable to find webcam \"Webcam 1\" with serial number 3F2DF43F"},"type":"RECEIVE_ROBOT_STATUS"}
12-04 20:24:54.922 24920 25077 I FtcDashboard: [RECV]	{"type":"GET_ROBOT_STATUS"}
12-04 20:24:54.922 24920 25077 I FtcDashboard: [SENT]	{"data":{"activeOpMode":"$Stop$Robot$","activeOpModeStatus":"RUNNING","available":true,"errorMessage":"","warningMessage":"REV Robotics USB Expansion Hub Portal [DQ2FYPMN] detached; unable to find webcam \"Webcam 1\" with serial number 3F2DF43F"},"type":"RECEIVE_ROBOT_STATUS"}
12-04 20:24:55.922 24920 25077 I FtcDashboard: [RECV]	{"type":"GET_ROBOT_STATUS"}
12-04 20:24:55.932 24920 25077 I FtcDashboard: [SENT]	{"data":{"activeOpMode":"$Stop$Robot$","activeOpModeStatus":"RUNNING","available":true,"errorMessage":"","warningMessage":"REV Robotics USB Expansion Hub Portal [DQ2FYPMN] detached; unable to find webcam \"Webcam 1\" with serial number 3F2DF43F"},"type":"RECEIVE_ROBOT_STATUS"}
12-04 20:24:56.922 24920 25077 I FtcDashboard: [RECV]	{"type":"GET_ROBOT_STATUS"}
12-04 20:24:56.932 24920 25077 I FtcDashboard: [SENT]	{"data":{"activeOpMode":"$Stop$Robot$","activeOpModeStatus":"RUNNING","available":true,"errorMessage":"","warningMessage":"REV Robotics USB Expansion Hub Portal [DQ2FYPMN] detached; unable to find webcam \"Webcam 1\" with serial number 3F2DF43F"},"type":"RECEIVE_ROBOT_STATUS"}
12-04 20:24:57.932 24920 25077 I FtcDashboard: [RECV]	{"type":"GET_ROBOT_STATUS"}
12-04 20:24:57.932 24920 25077 I FtcDashboard: [SENT]	{"data":{"activeOpMode":"$Stop$Robot$","activeOpModeStatus":"RUNNING","available":true,"errorMessage":"","warningMessage":"REV Robotics USB Expansion Hub Portal [DQ2FYPMN] detached; unable to find webcam \"Webcam 1\" with serial number 3F2DF43F"},"type":"RECEIVE_ROBOT_STATUS"}
12-04 20:24:58.932 24920 25077 I FtcDashboard: [RECV]	{"type":"GET_ROBOT_STATUS"}
12-04 20:24:58.932 24920 25077 I FtcDashboard: [SENT]	{"data":{"activeOpMode":"$Stop$Robot$","activeOpModeStatus":"RUNNING","available":true,"errorMessage":"","warningMessage":"REV Robotics USB Expansion Hub Portal [DQ2FYPMN] detached; unable to find webcam \"Webcam 1\" with serial number 3F2DF43F"},"type":"RECEIVE_ROBOT_STATUS"}
12-04 20:24:59.932 24920 25077 I FtcDashboard: [RECV]	{"type":"GET_ROBOT_STATUS"}
12-04 20:24:59.932 24920 25077 I FtcDashboard: [SENT]	{"data":{"activeOpMode":"$Stop$Robot$","activeOpModeStatus":"RUNNING","available":true,"errorMessage":"","warningMessage":"REV Robotics USB Expansion Hub Portal [DQ2FYPMN] detached; unable to find webcam \"Webcam 1\" with serial number 3F2DF43F"},"type":"RECEIVE_ROBOT_STATUS"}
12-04 20:25:00.932 24920 25077 I FtcDashboard: [RECV]	{"type":"GET_ROBOT_STATUS"}
12-04 20:25:00.942 24920 25077 I FtcDashboard: [SENT]	{"data":{"activeOpMode":"$Stop$Robot$","activeOpModeStatus":"RUNNING","available":true,"errorMessage":"","warningMessage":"REV Robotics USB Expansion Hub Portal [DQ2FYPMN] detached; unable to find webcam \"Webcam 1\" with serial number 3F2DF43F"},"type":"RECEIVE_ROBOT_STATUS"}
12-04 20:25:01.932 24920 25077 I FtcDashboard: [RECV]	{"type":"GET_ROBOT_STATUS"}
12-04 20:25:01.932 24920 25077 I FtcDashboard: [SENT]	{"data":{"activeOpMode":"$Stop$Robot$","activeOpModeStatus":"RUNNING","available":true,"errorMessage":"","warningMessage":"REV Robotics USB Expansion Hub Portal [DQ2FYPMN] detached; unable to find webcam \"Webcam 1\" with serial number 3F2DF43F"},"type":"RECEIVE_ROBOT_STATUS"}
12-04 20:25:02.932 24920 25077 I FtcDashboard: [RECV]	{"type":"GET_ROBOT_STATUS"}
12-04 20:25:02.932 24920 25077 I FtcDashboard: [SENT]	{"data":{"activeOpMode":"$Stop$Robot$","activeOpModeStatus":"RUNNING","available":true,"errorMessage":"","warningMessage":"REV Robotics USB Expansion Hub Portal [DQ2FYPMN] detached; unable to find webcam \"Webcam 1\" with serial number 3F2DF43F"},"type":"RECEIVE_ROBOT_STATUS"}
12-04 20:25:03.942 24920 25077 I FtcDashboard: [RECV]	{"type":"GET_ROBOT_STATUS"}
12-04 20:25:03.942 24920 25077 I FtcDashboard: [SENT]	{"data":{"activeOpMode":"$Stop$Robot$","activeOpModeStatus":"RUNNING","available":true,"errorMessage":"","warningMessage":"REV Robotics USB Expansion Hub Portal [DQ2FYPMN] detached; unable to find webcam \"Webcam 1\" with serial number 3F2DF43F"},"type":"RECEIVE_ROBOT_STATUS"}
12-04 20:25:04.942 24920 25077 I FtcDashboard: [RECV]	{"type":"GET_ROBOT_STATUS"}
12-04 20:25:04.942 24920 25077 I FtcDashboard: [SENT]	{"data":{"activeOpMode":"$Stop$Robot$","activeOpModeStatus":"RUNNING","available":true,"errorMessage":"","warningMessage":"REV Robotics USB Expansion Hub Portal [DQ2FYPMN] detached; unable to find webcam \"Webcam 1\" with serial number 3F2DF43F"},"type":"RECEIVE_ROBOT_STATUS"}
12-04 20:25:05.942 24920 25077 I FtcDashboard: [RECV]	{"type":"GET_ROBOT_STATUS"}
12-04 20:25:05.942 24920 25077 I FtcDashboard: [SENT]	{"data":{"activeOpMode":"$Stop$Robot$","activeOpModeStatus":"RUNNING","available":true,"errorMessage":"","warningMessage":"REV Robotics USB Expansion Hub Portal [DQ2FYPMN] detached; unable to find webcam \"Webcam 1\" with serial number 3F2DF43F"},"type":"RECEIVE_ROBOT_STATUS"}
12-04 20:25:06.942 24920 25077 I FtcDashboard: [RECV]	{"type":"GET_ROBOT_STATUS"}
12-04 20:25:06.942 24920 25077 I FtcDashboard: [SENT]	{"data":{"activeOpMode":"$Stop$Robot$","activeOpModeStatus":"RUNNING","available":true,"errorMessage":"","warningMessage":"REV Robotics USB Expansion Hub Portal [DQ2FYPMN] detached; unable to find webcam \"Webcam 1\" with serial number 3F2DF43F"},"type":"RECEIVE_ROBOT_STATUS"}
12-04 20:25:07.942 24920 25077 I FtcDashboard: [RECV]	{"type":"GET_ROBOT_STATUS"}
12-04 20:25:07.942 24920 25077 I FtcDashboard: [SENT]	{"data":{"activeOpMode":"$Stop$Robot$","activeOpModeStatus":"RUNNING","available":true,"errorMessage":"","warningMessage":"REV Robotics USB Expansion Hub Portal [DQ2FYPMN] detached; unable to find webcam \"Webcam 1\" with serial number 3F2DF43F"},"type":"RECEIVE_ROBOT_STATUS"}
12-04 20:25:08.942 24920 25077 I FtcDashboard: [RECV]	{"type":"GET_ROBOT_STATUS"}
12-04 20:25:08.942 24920 25077 I FtcDashboard: [SENT]	{"data":{"activeOpMode":"$Stop$Robot$","activeOpModeStatus":"RUNNING","available":true,"errorMessage":"","warningMessage":"REV Robotics USB Expansion Hub Portal [DQ2FYPMN] detached; unable to find webcam \"Webcam 1\" with serial number 3F2DF43F"},"type":"RECEIVE_ROBOT_STATUS"}
12-04 20:25:09.952 24920 25077 I FtcDashboard: [RECV]	{"type":"GET_ROBOT_STATUS"}
12-04 20:25:09.952 24920 25077 I FtcDashboard: [SENT]	{"data":{"activeOpMode":"$Stop$Robot$","activeOpModeStatus":"RUNNING","available":true,"errorMessage":"","warningMessage":"REV Robotics USB Expansion Hub Portal [DQ2FYPMN] detached; unable to find webcam \"Webcam 1\" with serial number 3F2DF43F"},"type":"RECEIVE_ROBOT_STATUS"}
12-04 20:25:10.952 24920 25077 I FtcDashboard: [RECV]	{"type":"GET_ROBOT_STATUS"}
12-04 20:25:10.952 24920 25077 I FtcDashboard: [SENT]	{"data":{"activeOpMode":"$Stop$Robot$","activeOpModeStatus":"RUNNING","available":true,"errorMessage":"","warningMessage":"REV Robotics USB Expansion Hub Portal [DQ2FYPMN] detached; unable to find webcam \"Webcam 1\" with serial number 3F2DF43F"},"type":"RECEIVE_ROBOT_STATUS"}
12-04 20:25:11.952 24920 25077 I FtcDashboard: [RECV]	{"type":"GET_ROBOT_STATUS"}
12-04 20:25:11.952 24920 25077 I FtcDashboard: [SENT]	{"data":{"activeOpMode":"$Stop$Robot$","activeOpModeStatus":"RUNNING","available":true,"errorMessage":"","warningMessage":"REV Robotics USB Expansion Hub Portal [DQ2FYPMN] detached; unable to find webcam \"Webcam 1\" with serial number 3F2DF43F"},"type":"RECEIVE_ROBOT_STATUS"}
12-04 20:25:12.952 24920 25077 I FtcDashboard: [RECV]	{"type":"GET_ROBOT_STATUS"}
12-04 20:25:12.952 24920 25077 I FtcDashboard: [SENT]	{"data":{"activeOpMode":"$Stop$Robot$","activeOpModeStatus":"RUNNING","available":true,"errorMessage":"","warningMessage":"REV Robotics USB Expansion Hub Portal [DQ2FYPMN] detached; unable to find webcam \"Webcam 1\" with serial number 3F2DF43F"},"type":"RECEIVE_ROBOT_STATUS"}
12-04 20:25:13.952 24920 25077 I FtcDashboard: [RECV]	{"type":"GET_ROBOT_STATUS"}
12-04 20:25:13.952 24920 25077 I FtcDashboard: [SENT]	{"data":{"activeOpMode":"$Stop$Robot$","activeOpModeStatus":"RUNNING","available":true,"errorMessage":"","warningMessage":"REV Robotics USB Expansion Hub Portal [DQ2FYPMN] detached; unable to find webcam \"Webcam 1\" with serial number 3F2DF43F"},"type":"RECEIVE_ROBOT_STATUS"}
12-04 20:25:14.952 24920 25077 I FtcDashboard: [RECV]	{"type":"GET_ROBOT_STATUS"}
12-04 20:25:14.952 24920 25077 I FtcDashboard: [SENT]	{"data":{"activeOpMode":"$Stop$Robot$","activeOpModeStatus":"RUNNING","available":true,"errorMessage":"","warningMessage":"REV Robotics USB Expansion Hub Portal [DQ2FYPMN] detached; unable to find webcam \"Webcam 1\" with serial number 3F2DF43F"},"type":"RECEIVE_ROBOT_STATUS"}
12-04 20:25:15.952 24920 25077 I FtcDashboard: [RECV]	{"type":"GET_ROBOT_STATUS"}
12-04 20:25:15.962 24920 25077 I FtcDashboard: [SENT]	{"data":{"activeOpMode":"$Stop$Robot$","activeOpModeStatus":"RUNNING","available":true,"errorMessage":"","warningMessage":"REV Robotics USB Expansion Hub Portal [DQ2FYPMN] detached; unable to find webcam \"Webcam 1\" with serial number 3F2DF43F"},"type":"RECEIVE_ROBOT_STATUS"}
12-04 20:25:16.962 24920 25077 I FtcDashboard: [RECV]	{"type":"GET_ROBOT_STATUS"}
12-04 20:25:16.962 24920 25077 I FtcDashboard: [SENT]	{"data":{"activeOpMode":"$Stop$Robot$","activeOpModeStatus":"RUNNING","available":true,"errorMessage":"","warningMessage":"REV Robotics USB Expansion Hub Portal [DQ2FYPMN] detached; unable to find webcam \"Webcam 1\" with serial number 3F2DF43F"},"type":"RECEIVE_ROBOT_STATUS"}
12-04 20:25:17.962 24920 25077 I FtcDashboard: [RECV]	{"type":"GET_ROBOT_STATUS"}
12-04 20:25:17.962 24920 25077 I FtcDashboard: [SENT]	{"data":{"activeOpMode":"$Stop$Robot$","activeOpModeStatus":"RUNNING","available":true,"errorMessage":"","warningMessage":"REV Robotics USB Expansion Hub Portal [DQ2FYPMN] detached; unable to find webcam \"Webcam 1\" with serial number 3F2DF43F"},"type":"RECEIVE_ROBOT_STATUS"}
12-04 20:25:18.962 24920 25077 I FtcDashboard: [RECV]	{"type":"GET_ROBOT_STATUS"}
12-04 20:25:18.962 24920 25077 I FtcDashboard: [SENT]	{"data":{"activeOpMode":"$Stop$Robot$","activeOpModeStatus":"RUNNING","available":true,"errorMessage":"","warningMessage":"REV Robotics USB Expansion Hub Portal [DQ2FYPMN] detached; unable to find webcam \"Webcam 1\" with serial number 3F2DF43F"},"type":"RECEIVE_ROBOT_STATUS"}
12-04 20:25:19.962 24920 25077 I FtcDashboard: [RECV]	{"type":"GET_ROBOT_STATUS"}
12-04 20:25:19.962 24920 25077 I FtcDashboard: [SENT]	{"data":{"activeOpMode":"$Stop$Robot$","activeOpModeStatus":"RUNNING","available":true,"errorMessage":"","warningMessage":"REV Robotics USB Expansion Hub Portal [DQ2FYPMN] detached; unable to find webcam \"Webcam 1\" with serial number 3F2DF43F"},"type":"RECEIVE_ROBOT_STATUS"}
12-04 20:25:20.962 24920 25077 I FtcDashboard: [RECV]	{"type":"GET_ROBOT_STATUS"}
12-04 20:25:20.962 24920 25077 I FtcDashboard: [SENT]	{"data":{"activeOpMode":"$Stop$Robot$","activeOpModeStatus":"RUNNING","available":true,"errorMessage":"","warningMessage":"REV Robotics USB Expansion Hub Portal [DQ2FYPMN] detached; unable to find webcam \"Webcam 1\" with serial number 3F2DF43F"},"type":"RECEIVE_ROBOT_STATUS"}
12-04 20:25:21.972 24920 25077 I FtcDashboard: [RECV]	{"type":"GET_ROBOT_STATUS"}
12-04 20:25:21.972 24920 25077 I FtcDashboard: [SENT]	{"data":{"activeOpMode":"$Stop$Robot$","activeOpModeStatus":"RUNNING","available":true,"errorMessage":"","warningMessage":"REV Robotics USB Expansion Hub Portal [DQ2FYPMN] detached; unable to find webcam \"Webcam 1\" with serial number 3F2DF43F"},"type":"RECEIVE_ROBOT_STATUS"}
12-04 20:25:22.962 24920 25077 I FtcDashboard: [RECV]	{"type":"GET_ROBOT_STATUS"}
12-04 20:25:22.962 24920 25077 I FtcDashboard: [SENT]	{"data":{"activeOpMode":"$Stop$Robot$","activeOpModeStatus":"RUNNING","available":true,"errorMessage":"","warningMessage":"REV Robotics USB Expansion Hub Portal [DQ2FYPMN] detached; unable to find webcam \"Webcam 1\" with serial number 3F2DF43F"},"type":"RECEIVE_ROBOT_STATUS"}
12-04 20:25:23.972 24920 25077 I FtcDashboard: [RECV]	{"type":"GET_ROBOT_STATUS"}
12-04 20:25:23.972 24920 25077 I FtcDashboard: [SENT]	{"data":{"activeOpMode":"$Stop$Robot$","activeOpModeStatus":"RUNNING","available":true,"errorMessage":"","warningMessage":"REV Robotics USB Expansion Hub Portal [DQ2FYPMN] detached; unable to find webcam \"Webcam 1\" with serial number 3F2DF43F"},"type":"RECEIVE_ROBOT_STATUS"}
12-04 20:25:24.962 24920 25077 I FtcDashboard: [RECV]	{"type":"GET_ROBOT_STATUS"}
12-04 20:25:24.972 24920 25077 I FtcDashboard: [SENT]	{"data":{"activeOpMode":"$Stop$Robot$","activeOpModeStatus":"RUNNING","available":true,"errorMessage":"","warningMessage":"REV Robotics USB Expansion Hub Portal [DQ2FYPMN] detached; unable to find webcam \"Webcam 1\" with serial number 3F2DF43F"},"type":"RECEIVE_ROBOT_STATUS"}
12-04 20:25:25.972 24920 25077 I FtcDashboard: [RECV]	{"type":"GET_ROBOT_STATUS"}
12-04 20:25:25.972 24920 25077 I FtcDashboard: [SENT]	{"data":{"activeOpMode":"$Stop$Robot$","activeOpModeStatus":"RUNNING","available":true,"errorMessage":"","warningMessage":"REV Robotics USB Expansion Hub Portal [DQ2FYPMN] detached; unable to find webcam \"Webcam 1\" with serial number 3F2DF43F"},"type":"RECEIVE_ROBOT_STATUS"}
12-04 20:25:26.972 24920 25077 I FtcDashboard: [RECV]	{"type":"GET_ROBOT_STATUS"}
12-04 20:25:26.972 24920 25077 I FtcDashboard: [SENT]	{"data":{"activeOpMode":"$Stop$Robot$","activeOpModeStatus":"RUNNING","available":true,"errorMessage":"","warningMessage":"REV Robotics USB Expansion Hub Portal [DQ2FYPMN] detached; unable to find webcam \"Webcam 1\" with serial number 3F2DF43F"},"type":"RECEIVE_ROBOT_STATUS"}
12-04 20:25:27.972 24920 25077 I FtcDashboard: [RECV]	{"type":"GET_ROBOT_STATUS"}
12-04 20:25:27.972 24920 25077 I FtcDashboard: [SENT]	{"data":{"activeOpMode":"$Stop$Robot$","activeOpModeStatus":"RUNNING","available":true,"errorMessage":"","warningMessage":"REV Robotics USB Expansion Hub Portal [DQ2FYPMN] detached; unable to find webcam \"Webcam 1\" with serial number 3F2DF43F"},"type":"RECEIVE_ROBOT_STATUS"}
12-04 20:25:28.972 24920 25077 I FtcDashboard: [RECV]	{"type":"GET_ROBOT_STATUS"}
12-04 20:25:28.972 24920 25077 I FtcDashboard: [SENT]	{"data":{"activeOpMode":"$Stop$Robot$","activeOpModeStatus":"RUNNING","available":true,"errorMessage":"","warningMessage":"REV Robotics USB Expansion Hub Portal [DQ2FYPMN] detached; unable to find webcam \"Webcam 1\" with serial number 3F2DF43F"},"type":"RECEIVE_ROBOT_STATUS"}
12-04 20:25:29.972 24920 25077 I FtcDashboard: [RECV]	{"type":"GET_ROBOT_STATUS"}
12-04 20:25:29.982 24920 25077 I FtcDashboard: [SENT]	{"data":{"activeOpMode":"$Stop$Robot$","activeOpModeStatus":"RUNNING","available":true,"errorMessage":"","warningMessage":"REV Robotics USB Expansion Hub Portal [DQ2FYPMN] detached; unable to find webcam \"Webcam 1\" with serial number 3F2DF43F"},"type":"RECEIVE_ROBOT_STATUS"}
12-04 20:25:30.972 24920 25077 I FtcDashboard: [RECV]	{"type":"GET_ROBOT_STATUS"}
12-04 20:25:30.972 24920 25077 I FtcDashboard: [SENT]	{"data":{"activeOpMode":"$Stop$Robot$","activeOpModeStatus":"RUNNING","available":true,"errorMessage":"","warningMessage":"REV Robotics USB Expansion Hub Portal [DQ2FYPMN] detached; unable to find webcam \"Webcam 1\" with serial number 3F2DF43F"},"type":"RECEIVE_ROBOT_STATUS"}
12-04 20:25:31.972 24920 25077 I FtcDashboard: [RECV]	{"type":"GET_ROBOT_STATUS"}
12-04 20:25:31.982 24920 25077 I FtcDashboard: [SENT]	{"data":{"activeOpMode":"$Stop$Robot$","activeOpModeStatus":"RUNNING","available":true,"errorMessage":"","warningMessage":"REV Robotics USB Expansion Hub Portal [DQ2FYPMN] detached; unable to find webcam \"Webcam 1\" with serial number 3F2DF43F"},"type":"RECEIVE_ROBOT_STATUS"}
12-04 20:25:32.972 24920 25077 I FtcDashboard: [RECV]	{"type":"GET_ROBOT_STATUS"}
12-04 20:25:32.982 24920 25077 I FtcDashboard: [SENT]	{"data":{"activeOpMode":"$Stop$Robot$","activeOpModeStatus":"RUNNING","available":true,"errorMessage":"","warningMessage":"REV Robotics USB Expansion Hub Portal [DQ2FYPMN] detached; unable to find webcam \"Webcam 1\" with serial number 3F2DF43F"},"type":"RECEIVE_ROBOT_STATUS"}
12-04 20:25:33.982 24920 25077 I FtcDashboard: [RECV]	{"type":"GET_ROBOT_STATUS"}
12-04 20:25:33.982 24920 25077 I FtcDashboard: [SENT]	{"data":{"activeOpMode":"$Stop$Robot$","activeOpModeStatus":"RUNNING","available":true,"errorMessage":"","warningMessage":"REV Robotics USB Expansion Hub Portal [DQ2FYPMN] detached; unable to find webcam \"Webcam 1\" with serial number 3F2DF43F"},"type":"RECEIVE_ROBOT_STATUS"}
12-04 20:25:34.982 24920 25077 I FtcDashboard: [RECV]	{"type":"GET_ROBOT_STATUS"}
12-04 20:25:34.982 24920 25077 I FtcDashboard: [SENT]	{"data":{"activeOpMode":"$Stop$Robot$","activeOpModeStatus":"RUNNING","available":true,"errorMessage":"","warningMessage":"REV Robotics USB Expansion Hub Portal [DQ2FYPMN] detached; unable to find webcam \"Webcam 1\" with serial number 3F2DF43F"},"type":"RECEIVE_ROBOT_STATUS"}
12-04 20:25:35.992 24920 25077 I FtcDashboard: [RECV]	{"type":"GET_ROBOT_STATUS"}
12-04 20:25:35.992 24920 25077 I FtcDashboard: [SENT]	{"data":{"activeOpMode":"$Stop$Robot$","activeOpModeStatus":"RUNNING","available":true,"errorMessage":"","warningMessage":"REV Robotics USB Expansion Hub Portal [DQ2FYPMN] detached; unable to find webcam \"Webcam 1\" with serial number 3F2DF43F"},"type":"RECEIVE_ROBOT_STATUS"}
12-04 20:25:36.992 24920 25077 I FtcDashboard: [RECV]	{"type":"GET_ROBOT_STATUS"}
12-04 20:25:36.992 24920 25077 I FtcDashboard: [SENT]	{"data":{"activeOpMode":"$Stop$Robot$","activeOpModeStatus":"RUNNING","available":true,"errorMessage":"","warningMessage":"REV Robotics USB Expansion Hub Portal [DQ2FYPMN] detached; unable to find webcam \"Webcam 1\" with serial number 3F2DF43F"},"type":"RECEIVE_ROBOT_STATUS"}
12-04 20:25:38.282 24920 25077 I FtcDashboard: [RECV]	{"type":"GET_ROBOT_STATUS"}
12-04 20:25:38.292 24920 25077 I FtcDashboard: [SENT]	{"data":{"activeOpMode":"$Stop$Robot$","activeOpModeStatus":"RUNNING","available":true,"errorMessage":"","warningMessage":"REV Robotics USB Expansion Hub Portal [DQ2FYPMN] detached; unable to find webcam \"Webcam 1\" with serial number 3F2DF43F"},"type":"RECEIVE_ROBOT_STATUS"}
12-04 20:25:38.992 24920 25077 I FtcDashboard: [RECV]	{"type":"GET_ROBOT_STATUS"}
12-04 20:25:39.002 24920 25077 I FtcDashboard: [SENT]	{"data":{"activeOpMode":"$Stop$Robot$","activeOpModeStatus":"RUNNING","available":true,"errorMessage":"","warningMessage":"REV Robotics USB Expansion Hub Portal [DQ2FYPMN] detached; unable to find webcam \"Webcam 1\" with serial number 3F2DF43F"},"type":"RECEIVE_ROBOT_STATUS"}
12-04 20:25:39.992 24920 25077 I FtcDashboard: [RECV]	{"type":"GET_ROBOT_STATUS"}
12-04 20:25:39.992 24920 25077 I FtcDashboard: [SENT]	{"data":{"activeOpMode":"$Stop$Robot$","activeOpModeStatus":"RUNNING","available":true,"errorMessage":"","warningMessage":"REV Robotics USB Expansion Hub Portal [DQ2FYPMN] detached; unable to find webcam \"Webcam 1\" with serial number 3F2DF43F"},"type":"RECEIVE_ROBOT_STATUS"}
12-04 20:25:41.002 24920 25077 I FtcDashboard: [RECV]	{"type":"GET_ROBOT_STATUS"}
12-04 20:25:41.002 24920 25077 I FtcDashboard: [SENT]	{"data":{"activeOpMode":"$Stop$Robot$","activeOpModeStatus":"RUNNING","available":true,"errorMessage":"","warningMessage":"REV Robotics USB Expansion Hub Portal [DQ2FYPMN] detached; unable to find webcam \"Webcam 1\" with serial number 3F2DF43F"},"type":"RECEIVE_ROBOT_STATUS"}
12-04 20:25:42.002 24920 25077 I FtcDashboard: [RECV]	{"type":"GET_ROBOT_STATUS"}
12-04 20:25:42.002 24920 25077 I FtcDashboard: [SENT]	{"data":{"activeOpMode":"$Stop$Robot$","activeOpModeStatus":"RUNNING","available":true,"errorMessage":"","warningMessage":"REV Robotics USB Expansion Hub Portal [DQ2FYPMN] detached; unable to find webcam \"Webcam 1\" with serial number 3F2DF43F"},"type":"RECEIVE_ROBOT_STATUS"}
12-04 20:25:43.002 24920 25077 I FtcDashboard: [RECV]	{"type":"GET_ROBOT_STATUS"}
12-04 20:25:43.002 24920 25077 I FtcDashboard: [SENT]	{"data":{"activeOpMode":"$Stop$Robot$","activeOpModeStatus":"RUNNING","available":true,"errorMessage":"","warningMessage":"REV Robotics USB Expansion Hub Portal [DQ2FYPMN] detached; unable to find webcam \"Webcam 1\" with serial number 3F2DF43F"},"type":"RECEIVE_ROBOT_STATUS"}
12-04 20:25:44.002 24920 25077 I FtcDashboard: [RECV]	{"type":"GET_ROBOT_STATUS"}
12-04 20:25:44.002 24920 25077 I FtcDashboard: [SENT]	{"data":{"activeOpMode":"$Stop$Robot$","activeOpModeStatus":"RUNNING","available":true,"errorMessage":"","warningMessage":"REV Robotics USB Expansion Hub Portal [DQ2FYPMN] detached; unable to find webcam \"Webcam 1\" with serial number 3F2DF43F"},"type":"RECEIVE_ROBOT_STATUS"}
12-04 20:25:45.002 24920 25077 I FtcDashboard: [RECV]	{"type":"GET_ROBOT_STATUS"}
12-04 20:25:45.002 24920 25077 I FtcDashboard: [SENT]	{"data":{"activeOpMode":"$Stop$Robot$","activeOpModeStatus":"RUNNING","available":true,"errorMessage":"","warningMessage":"REV Robotics USB Expansion Hub Portal [DQ2FYPMN] detached; unable to find webcam \"Webcam 1\" with serial number 3F2DF43F"},"type":"RECEIVE_ROBOT_STATUS"}
12-04 20:25:45.632 24920 24920 V RCActivity: onResume()
12-04 20:25:45.652 24920 24920 I Timeline: Timeline: Activity_idle id: android.os.BinderProxy@684d171 time:4126543
12-04 20:25:46.002 24920 25077 I FtcDashboard: [RECV]	{"type":"GET_ROBOT_STATUS"}
12-04 20:25:46.002 24920 25077 I FtcDashboard: [SENT]	{"data":{"activeOpMode":"$Stop$Robot$","activeOpModeStatus":"RUNNING","available":true,"errorMessage":"","warningMessage":"REV Robotics USB Expansion Hub Portal [DQ2FYPMN] detached; unable to find webcam \"Webcam 1\" with serial number 3F2DF43F"},"type":"RECEIVE_ROBOT_STATUS"}
12-04 20:25:47.012 24920 25077 I FtcDashboard: [RECV]	{"type":"GET_ROBOT_STATUS"}
12-04 20:25:47.012 24920 25077 I FtcDashboard: [SENT]	{"data":{"activeOpMode":"$Stop$Robot$","activeOpModeStatus":"RUNNING","available":true,"errorMessage":"","warningMessage":"REV Robotics USB Expansion Hub Portal [DQ2FYPMN] detached; unable to find webcam \"Webcam 1\" with serial number 3F2DF43F"},"type":"RECEIVE_ROBOT_STATUS"}
12-04 20:25:48.002 24920 25077 I FtcDashboard: [RECV]	{"type":"GET_ROBOT_STATUS"}
12-04 20:25:48.012 24920 25077 I FtcDashboard: [SENT]	{"data":{"activeOpMode":"$Stop$Robot$","activeOpModeStatus":"RUNNING","available":true,"errorMessage":"","warningMessage":"REV Robotics USB Expansion Hub Portal [DQ2FYPMN] detached; unable to find webcam \"Webcam 1\" with serial number 3F2DF43F"},"type":"RECEIVE_ROBOT_STATUS"}
12-04 20:25:49.012 24920 25077 I FtcDashboard: [RECV]	{"type":"GET_ROBOT_STATUS"}
12-04 20:25:49.012 24920 25077 I FtcDashboard: [SENT]	{"data":{"activeOpMode":"$Stop$Robot$","activeOpModeStatus":"RUNNING","available":true,"errorMessage":"","warningMessage":"REV Robotics USB Expansion Hub Portal [DQ2FYPMN] detached; unable to find webcam \"Webcam 1\" with serial number 3F2DF43F"},"type":"RECEIVE_ROBOT_STATUS"}
12-04 20:25:50.012 24920 25077 I FtcDashboard: [RECV]	{"type":"GET_ROBOT_STATUS"}
12-04 20:25:50.022 24920 25077 I FtcDashboard: [SENT]	{"data":{"activeOpMode":"$Stop$Robot$","activeOpModeStatus":"RUNNING","available":true,"errorMessage":"","warningMessage":"REV Robotics USB Expansion Hub Portal [DQ2FYPMN] detached; unable to find webcam \"Webcam 1\" with serial number 3F2DF43F"},"type":"RECEIVE_ROBOT_STATUS"}
12-04 20:25:51.012 24920 25077 I FtcDashboard: [RECV]	{"type":"GET_ROBOT_STATUS"}
12-04 20:25:51.012 24920 25077 I FtcDashboard: [SENT]	{"data":{"activeOpMode":"$Stop$Robot$","activeOpModeStatus":"RUNNING","available":true,"errorMessage":"","warningMessage":"REV Robotics USB Expansion Hub Portal [DQ2FYPMN] detached; unable to find webcam \"Webcam 1\" with serial number 3F2DF43F"},"type":"RECEIVE_ROBOT_STATUS"}
12-04 20:25:52.012 24920 25077 I FtcDashboard: [RECV]	{"type":"GET_ROBOT_STATUS"}
12-04 20:25:52.012 24920 25077 I FtcDashboard: [SENT]	{"data":{"activeOpMode":"$Stop$Robot$","activeOpModeStatus":"RUNNING","available":true,"errorMessage":"","warningMessage":"REV Robotics USB Expansion Hub Portal [DQ2FYPMN] detached; unable to find webcam \"Webcam 1\" with serial number 3F2DF43F"},"type":"RECEIVE_ROBOT_STATUS"}
12-04 20:25:53.022 24920 25077 I FtcDashboard: [RECV]	{"type":"GET_ROBOT_STATUS"}
12-04 20:25:53.022 24920 25077 I FtcDashboard: [SENT]	{"data":{"activeOpMode":"$Stop$Robot$","activeOpModeStatus":"RUNNING","available":true,"errorMessage":"","warningMessage":"REV Robotics USB Expansion Hub Portal [DQ2FYPMN] detached; unable to find webcam \"Webcam 1\" with serial number 3F2DF43F"},"type":"RECEIVE_ROBOT_STATUS"}
12-04 20:25:54.022 24920 25077 I FtcDashboard: [RECV]	{"type":"GET_ROBOT_STATUS"}
12-04 20:25:54.022 24920 25077 I FtcDashboard: [SENT]	{"data":{"activeOpMode":"$Stop$Robot$","activeOpModeStatus":"RUNNING","available":true,"errorMessage":"","warningMessage":"REV Robotics USB Expansion Hub Portal [DQ2FYPMN] detached; unable to find webcam \"Webcam 1\" with serial number 3F2DF43F"},"type":"RECEIVE_ROBOT_STATUS"}
12-04 20:25:54.492 24920 24920 V FtDeviceManager: ACTION_USB_DEVICE_ATTACHED: /dev/bus/usb/001/003
12-04 20:25:54.492 24920 24920 V FtDeviceManager: addOrUpdateUsbDevice(vid=0x0403 pid=0x6015)
12-04 20:25:54.492 24920 25244 D CameraManager: ---------------------------------------------- ACTION_USB_DEVICE_ATTACHED
12-04 20:25:54.522 24920 24920 V FtDevice: initialize(vid=0x0403 pid=0x6015 bcdDevice=0x1000)
12-04 20:25:54.522 24920 24920 V MonitoredUsbDeviceConnection: closing UsbDeviceConnection(DQ2FYPMN)
12-04 20:25:54.522 24920 24920 D UsbDeviceConnectionJNI: close
12-04 20:25:54.522 24920 24920 V MonitoredUsbDeviceConnection: closing UsbDeviceConnection(DQ2FYPMN)
12-04 20:25:54.522 24920 24920 D UsbDeviceConnectionJNI: close
12-04 20:25:54.522 24920 24920 V RCActivity: onPause()
12-04 20:25:54.522 24920 24920 V RCActivity: ACTION_USB_DEVICE_ATTACHED: /dev/bus/usb/001/003
12-04 20:25:54.522 24920 24920 V RCActivity: onResume()
12-04 20:25:54.522 24920 26234 I FtcEventLoop: vv===== MODULE ATTACH: disarm REV Robotics USB Expansion Hub Portal [DQ2FYPMN]=====vv
12-04 20:25:54.522 24920 26234 V LynxUsb : disarmDevice() serial=DQ2FYPMN...
12-04 20:25:54.522 24920 26234 V LynxUsb : ...done disarmDevice()
12-04 20:25:54.532 24920 26234 I FtcEventLoop: ======= MODULE ATTACH: arm or pretend REV Robotics USB Expansion Hub Portal [DQ2FYPMN]=======
12-04 20:25:54.532 24920 26234 V LynxUsb : clearing extant global warning: "REV Robotics USB Expansion Hub Portal [DQ2FYPMN] detached"
12-04 20:25:54.532 24920 26234 V FtDeviceManager: createDeviceInfoList(): 1 USB devices
12-04 20:25:54.532 24920 26234 V FtDevice: vv********************DQ2FYPMN opening********************vv 0x0ac20c1c
12-04 20:25:54.532 24920 26234 V FtDevice: ^^********************DQ2FYPMN opened ********************^^
12-04 20:25:54.532 24920 26234 V FtDevice: resetting DQ2FYPMN
12-04 20:25:54.542 24920 26234 V LynxUsb : armDevice() serial=DQ2FYPMN...
12-04 20:25:54.542 24920 26234 V LynxModule: pingAndQueryKnownInterfaces mod=1
12-04 20:25:54.542 24920 27995 V RobotCore: thread: 'lynx incoming datagrams' starting...
12-04 20:25:54.542 24920 27995 V LynxUsb : synchronization gained: serial=DQ2FYPMN
12-04 20:25:54.542 24920 26234 V LynxModule: mod#=1 queryInterface(DEKA)=54 commands starting at 4096
12-04 20:25:54.552 24920 26234 V LynxModule: sendLEDPatternSteps(): #steps=4
12-04 20:25:54.552 24920 26219 V LynxModule: received status: LynxGetModuleStatusResponse(status=0x05 alerts=0x00: KeepAliveTimeout|FailSafe)
12-04 20:25:54.552 24920 26219 V LynxModule: resendCurrentPattern()
12-04 20:25:54.552 24920 26219 V LynxModule: sendLEDPatternSteps(): #steps=4
12-04 20:25:54.562 24920 26234 V LynxModule: pingAndQueryKnownInterfaces mod=2
12-04 20:25:54.572 24920 26234 V LynxModule: mod#=2 queryInterface(DEKA)=49 commands starting at 4096
12-04 20:25:54.572 24920 26234 V LynxModule: mod#=2 intf=DEKA: expected 54 commands; found 49
12-04 20:25:54.572 24920 26234 V LynxModule: sendLEDPatternSteps(): #steps=6
12-04 20:25:54.572 24920 26220 V LynxModule: received status: LynxGetModuleStatusResponse(status=0x05 alerts=0x00: KeepAliveTimeout|FailSafe)
12-04 20:25:54.572 24920 26220 V LynxModule: resendCurrentPattern()
12-04 20:25:54.572 24920 26220 V LynxModule: sendLEDPatternSteps(): #steps=6
12-04 20:25:54.592 24920 26234 V LynxUsb : ...done armDevice()
12-04 20:25:54.592 24920 26234 I FtcEventLoop: ^^===== MODULE ATTACH: complete REV Robotics USB Expansion Hub Portal [DQ2FYPMN]=====^^
12-04 20:25:54.592 24920 26234 D RobotCore: system telemetry: key=$System$Warning$ msg="unable to find webcam "Webcam 1" with serial number 3F2DF43F"
12-04 20:25:54.592 24920 25650 W AudioTrack: AUDIO_OUTPUT_FLAG_FAST denied by client; transfer 4, track 44100 Hz, output 48000 Hz
12-04 20:25:54.602 24920 25650 D SoundPlayer: playing volume=0.000000 samp=2|ms=1044
12-04 20:25:54.602 24920 25645 V Robocol : sending CMD_PLAY_SOUND(7136), attempt: 0
12-04 20:25:55.022 24920 25077 I FtcDashboard: [RECV]	{"type":"GET_ROBOT_STATUS"}
12-04 20:25:55.022 24920 25077 I FtcDashboard: [SENT]	{"data":{"activeOpMode":"$Stop$Robot$","activeOpModeStatus":"RUNNING","available":true,"errorMessage":"","warningMessage":"unable to find webcam \"Webcam 1\" with serial number 3F2DF43F"},"type":"RECEIVE_ROBOT_STATUS"}
12-04 20:25:56.032 24920 25077 I FtcDashboard: [RECV]	{"type":"GET_ROBOT_STATUS"}
12-04 20:25:56.032 24920 25077 I FtcDashboard: [SENT]	{"data":{"activeOpMode":"$Stop$Robot$","activeOpModeStatus":"RUNNING","available":true,"errorMessage":"","warningMessage":"unable to find webcam \"Webcam 1\" with serial number 3F2DF43F"},"type":"RECEIVE_ROBOT_STATUS"}
12-04 20:25:57.032 24920 25077 I FtcDashboard: [RECV]	{"type":"GET_ROBOT_STATUS"}
12-04 20:25:57.032 24920 25077 I FtcDashboard: [SENT]	{"data":{"activeOpMode":"$Stop$Robot$","activeOpModeStatus":"RUNNING","available":true,"errorMessage":"","warningMessage":"unable to find webcam \"Webcam 1\" with serial number 3F2DF43F"},"type":"RECEIVE_ROBOT_STATUS"}
12-04 20:25:57.152 24920 25244 D CameraManager: ---------------------------------------------- ACTION_USB_DEVICE_ATTACHED
12-04 20:25:57.152 24920 24920 V FtDeviceManager: ACTION_USB_DEVICE_ATTACHED: /dev/bus/usb/001/004
12-04 20:25:57.152 24920 24920 V FtDeviceManager: addOrUpdateUsbDevice(vid=0x046d pid=0x082d)
12-04 20:25:57.172 24920 24920 V RCActivity: onPause()
12-04 20:25:57.172 24920 24920 V RCActivity: ACTION_USB_DEVICE_ATTACHED: /dev/bus/usb/001/004
12-04 20:25:57.172 24920 24920 V RCActivity: onResume()
12-04 20:25:57.182 24920 26234 I FtcEventLoop: vv===== MODULE ATTACH: disarm Webcam [3F2DF43F]=====vv
12-04 20:25:57.182 24920 26234 I FtcEventLoop: ======= MODULE ATTACH: arm or pretend Webcam [3F2DF43F]=======
12-04 20:25:57.182 24920 26234 V WebcamNameImpl: clearing extant global warning: "unable to find webcam "Webcam 1" with serial number 3F2DF43F"
12-04 20:25:57.242 24920 25644 D RobotCore: system telemetry: key=$System$None$ msg=""
12-04 20:25:57.282 24920 26234 I FtcEventLoop: ^^===== MODULE ATTACH: complete Webcam [3F2DF43F]=====^^
12-04 20:25:58.042 24920 25077 I FtcDashboard: [RECV]	{"type":"GET_ROBOT_STATUS"}
12-04 20:25:58.042 24920 25077 I FtcDashboard: [SENT]	{"data":{"activeOpMode":"$Stop$Robot$","activeOpModeStatus":"RUNNING","available":true,"errorMessage":"","warningMessage":""},"type":"RECEIVE_ROBOT_STATUS"}
12-04 20:25:59.042 24920 25077 I FtcDashboard: [RECV]	{"type":"GET_ROBOT_STATUS"}
12-04 20:25:59.042 24920 25077 I FtcDashboard: [SENT]	{"data":{"activeOpMode":"$Stop$Robot$","activeOpModeStatus":"RUNNING","available":true,"errorMessage":"","warningMessage":""},"type":"RECEIVE_ROBOT_STATUS"}
12-04 20:26:00.032 24920 25077 I FtcDashboard: [RECV]	{"type":"GET_ROBOT_STATUS"}
12-04 20:26:00.032 24920 25077 I FtcDashboard: [SENT]	{"data":{"activeOpMode":"$Stop$Robot$","activeOpModeStatus":"RUNNING","available":true,"errorMessage":"","warningMessage":""},"type":"RECEIVE_ROBOT_STATUS"}
12-04 20:26:01.042 24920 25077 I FtcDashboard: [RECV]	{"type":"GET_ROBOT_STATUS"}
12-04 20:26:01.042 24920 25077 I FtcDashboard: [SENT]	{"data":{"activeOpMode":"$Stop$Robot$","activeOpModeStatus":"RUNNING","available":true,"errorMessage":"","warningMessage":""},"type":"RECEIVE_ROBOT_STATUS"}
12-04 20:26:02.042 24920 25077 I FtcDashboard: [RECV]	{"type":"GET_ROBOT_STATUS"}
12-04 20:26:02.042 24920 25077 I FtcDashboard: [SENT]	{"data":{"activeOpMode":"$Stop$Robot$","activeOpModeStatus":"RUNNING","available":true,"errorMessage":"","warningMessage":""},"type":"RECEIVE_ROBOT_STATUS"}
12-04 20:26:03.052 24920 25077 I FtcDashboard: [RECV]	{"type":"GET_ROBOT_STATUS"}
12-04 20:26:03.052 24920 25077 I FtcDashboard: [SENT]	{"data":{"activeOpMode":"$Stop$Robot$","activeOpModeStatus":"RUNNING","available":true,"errorMessage":"","warningMessage":""},"type":"RECEIVE_ROBOT_STATUS"}
12-04 20:26:04.052 24920 25077 I FtcDashboard: [RECV]	{"type":"GET_ROBOT_STATUS"}
12-04 20:26:04.052 24920 25077 I FtcDashboard: [SENT]	{"data":{"activeOpMode":"$Stop$Robot$","activeOpModeStatus":"RUNNING","available":true,"errorMessage":"","warningMessage":""},"type":"RECEIVE_ROBOT_STATUS"}
12-04 20:26:05.052 24920 25077 I FtcDashboard: [RECV]	{"type":"GET_ROBOT_STATUS"}
12-04 20:26:05.052 24920 25077 I FtcDashboard: [SENT]	{"data":{"activeOpMode":"$Stop$Robot$","activeOpModeStatus":"RUNNING","available":true,"errorMessage":"","warningMessage":""},"type":"RECEIVE_ROBOT_STATUS"}
12-04 20:26:06.352 24920 25077 I FtcDashboard: [RECV]	{"type":"GET_ROBOT_STATUS"}
12-04 20:26:06.352 24920 25077 I FtcDashboard: [SENT]	{"data":{"activeOpMode":"$Stop$Robot$","activeOpModeStatus":"RUNNING","available":true,"errorMessage":"","warningMessage":""},"type":"RECEIVE_ROBOT_STATUS"}
12-04 20:26:07.052 24920 25077 I FtcDashboard: [RECV]	{"type":"GET_ROBOT_STATUS"}
12-04 20:26:07.052 24920 25077 I FtcDashboard: [SENT]	{"data":{"activeOpMode":"$Stop$Robot$","activeOpModeStatus":"RUNNING","available":true,"errorMessage":"","warningMessage":""},"type":"RECEIVE_ROBOT_STATUS"}
12-04 20:26:08.052 24920 25077 I FtcDashboard: [RECV]	{"type":"GET_ROBOT_STATUS"}
12-04 20:26:08.052 24920 25077 I FtcDashboard: [SENT]	{"data":{"activeOpMode":"$Stop$Robot$","activeOpModeStatus":"RUNNING","available":true,"errorMessage":"","warningMessage":""},"type":"RECEIVE_ROBOT_STATUS"}
12-04 20:26:09.062 24920 25077 I FtcDashboard: [RECV]	{"type":"GET_ROBOT_STATUS"}
12-04 20:26:09.062 24920 25077 I FtcDashboard: [SENT]	{"data":{"activeOpMode":"$Stop$Robot$","activeOpModeStatus":"RUNNING","available":true,"errorMessage":"","warningMessage":""},"type":"RECEIVE_ROBOT_STATUS"}
12-04 20:26:10.062 24920 25077 I FtcDashboard: [RECV]	{"type":"GET_ROBOT_STATUS"}
12-04 20:26:10.062 24920 25077 I FtcDashboard: [SENT]	{"data":{"activeOpMode":"$Stop$Robot$","activeOpModeStatus":"RUNNING","available":true,"errorMessage":"","warningMessage":""},"type":"RECEIVE_ROBOT_STATUS"}
12-04 20:26:10.952 24920 25077 I FtcDashboard: [RECV]	{"type":"SAVE_CONFIG_OPTIONS","data":{"DriveConstants":{"BASE_CONSTRAINTS":{"maximumAcceleration":4}}}}
12-04 20:26:10.952 24920 25077 I System.out: DriveConstants={"BASE_CONSTRAINTS":{"maximumAcceleration":4}}
12-04 20:26:10.952 24920 25077 I FtcDashboard: [SENT]	{"data":{"Autonomous":{},"ComplementaryVuforiaLocalizer":{"LOW_FREQ_WEIGHT":0.02,"CAMERA_LEFT_DISPLACEMENT":0,"CAMERA_VERTICAL_DISPLACEMENT":200,"CAMERA_FORWARD_DISPLACEMENT":110},"DriveConstants":{"kV":0.02785,"WHEEL_RADIUS":2.0,"TRACK_WIDTH":1.0,"GEAR_RATIO":0.66666,"kA":0.0,"BASE_CONSTRAINTS":{"maximumVelocity":6.0,"maximumAcceleration":4.0,"maximumAngularVelocity":0.5235987755982988,"maximumAngularAcceleration":0.5235987755982988},"kStatic":0.0},"DriveFFTuningOpMode":{},"DriveVelocityPIDTuner":{"MOTOR_PID":{"kI":0.0,"kD":0.0,"kP":0.0},"USE_THEORETICAL_KV":true,"DISTANCE":24.0},"NewTrackWidthCalibrationOpMode":{"NUM_TRIALS":1,"CIRCUMFERENTIAL_DISTANCE":200},"SampleMecanumDriveBase":{"HEADING_PID":{"kI":0.0,"kD":0.0,"kP":0.0},"TRANSLATIONAL_PID":{"kI":0.0,"kD":0.0,"kP":0.0}},"SampleTankDriveBase":{"DISPLACEMENT_PID":{"kI":0.0,"kD":0.0,"kP":0.0},"CROSS_TRACK_PID":{"kI":0.0,"kD":0.0,"kP":0.0}},"StandardTrackingWheelLocalizer":{"LATERAL_DISTANCE":10.0,"WHEEL_RADIUS":2.0,"GEAR_RATIO":1.0,"FORWARD_OFFSET":4.0,"TICKS_PER_REV":1.0}},"type":"RECEIVE_CONFIG_OPTIONS"}
12-04 20:26:11.062 24920 25077 I FtcDashboard: [RECV]	{"type":"GET_ROBOT_STATUS"}
12-04 20:26:11.062 24920 25077 I FtcDashboard: [SENT]	{"data":{"activeOpMode":"$Stop$Robot$","activeOpModeStatus":"RUNNING","available":true,"errorMessage":"","warningMessage":""},"type":"RECEIVE_ROBOT_STATUS"}
12-04 20:26:12.072 24920 25077 I FtcDashboard: [RECV]	{"type":"GET_ROBOT_STATUS"}
12-04 20:26:12.072 24920 25077 I FtcDashboard: [SENT]	{"data":{"activeOpMode":"$Stop$Robot$","activeOpModeStatus":"RUNNING","available":true,"errorMessage":"","warningMessage":""},"type":"RECEIVE_ROBOT_STATUS"}
12-04 20:26:13.072 24920 25077 I FtcDashboard: [RECV]	{"type":"GET_ROBOT_STATUS"}
12-04 20:26:13.072 24920 25077 I FtcDashboard: [SENT]	{"data":{"activeOpMode":"$Stop$Robot$","activeOpModeStatus":"RUNNING","available":true,"errorMessage":"","warningMessage":""},"type":"RECEIVE_ROBOT_STATUS"}
12-04 20:26:14.982 24920 25077 I FtcDashboard: [RECV]	{"type":"GET_ROBOT_STATUS"}
12-04 20:26:14.982 24920 25077 I FtcDashboard: [SENT]	{"data":{"activeOpMode":"$Stop$Robot$","activeOpModeStatus":"RUNNING","available":true,"errorMessage":"","warningMessage":""},"type":"RECEIVE_ROBOT_STATUS"}
12-04 20:26:15.992 24920 25077 I FtcDashboard: [RECV]	{"type":"GET_ROBOT_STATUS"}
12-04 20:26:15.992 24920 25077 I FtcDashboard: [SENT]	{"data":{"activeOpMode":"$Stop$Robot$","activeOpModeStatus":"RUNNING","available":true,"errorMessage":"","warningMessage":""},"type":"RECEIVE_ROBOT_STATUS"}
12-04 20:26:16.072 24920 25077 I FtcDashboard: [RECV]	{"type":"GET_ROBOT_STATUS"}
12-04 20:26:16.082 24920 25077 I FtcDashboard: [SENT]	{"data":{"activeOpMode":"$Stop$Robot$","activeOpModeStatus":"RUNNING","available":true,"errorMessage":"","warningMessage":""},"type":"RECEIVE_ROBOT_STATUS"}
12-04 20:26:16.882 24920 25077 I FtcDashboard: [RECV]	{"type":"INIT_OP_MODE","data":"StraightTestOpMode"}
12-04 20:26:16.882 24920 25077 I RobotCore: ******************** START - OPMODE StraightTestOpMode ********************
12-04 20:26:16.882 24920 26234 I RobotCore: Attempting to switch to op mode StraightTestOpMode
12-04 20:26:17.062 24920 26234 W LynxPwmOutputController: LynxSetPWMEnableCommand not implemented by lynx hw; ignoring
12-04 20:26:17.062 24920 26234 W LynxPwmOutputController: LynxSetPWMConfigurationCommand not implemented by lynx hw; ignoring
12-04 20:26:17.072 24920 26234 W LynxPwmOutputController: LynxSetPWMEnableCommand not implemented by lynx hw; ignoring
12-04 20:26:17.082 24920 25077 I FtcDashboard: [RECV]	{"type":"GET_ROBOT_STATUS"}
12-04 20:26:17.082 24920 25077 I FtcDashboard: [SENT]	{"data":{"activeOpMode":"StraightTestOpMode","activeOpModeStatus":"STOPPED","available":true,"errorMessage":"","warningMessage":""},"type":"RECEIVE_ROBOT_STATUS"}
12-04 20:26:17.082 24920 26234 W LynxPwmOutputController: LynxSetPWMConfigurationCommand not implemented by lynx hw; ignoring
12-04 20:26:17.082 24920 26234 W LynxPwmOutputController: LynxSetPWMEnableCommand not implemented by lynx hw; ignoring
12-04 20:26:17.092 24920 26234 W LynxPwmOutputController: LynxSetPWMConfigurationCommand not implemented by lynx hw; ignoring
12-04 20:26:17.092 24920 26234 W LynxPwmOutputController: LynxSetPWMEnableCommand not implemented by lynx hw; ignoring
12-04 20:26:17.102 24920 26234 W LynxPwmOutputController: LynxSetPWMConfigurationCommand not implemented by lynx hw; ignoring
12-04 20:26:17.142 24920 26234 D STMicroVL53L0X: : Checking to see if it's really a VL53L0X sensor...
12-04 20:26:17.162 24920 26234 D STMicroVL53L0X: : Reg 0xC0 = ee (should be 0xEE)
12-04 20:26:17.182 24920 26234 D STMicroVL53L0X: : Reg 0xC1 = aa (should be 0xAA)
12-04 20:26:17.192 24920 26234 D STMicroVL53L0X: : Reg 0xC2 = 10 (should be 0x10)
12-04 20:26:17.212 24920 26234 D STMicroVL53L0X: : Reg 0x51 = 0 (should be 0x0099)
12-04 20:26:17.232 24920 26234 D STMicroVL53L0X: : Reg 0x61 = 0 (should be 0x0000)
12-04 20:26:17.332 24920 26234 D STMicroVL53L0X: : initial sig rate lim (MCPS) 0.250000
12-04 20:26:17.362 24920 26234 D STMicroVL53L0X: : adjusted sig rate lim (MCPS) 0.250000
12-04 20:26:18.092 24920 25077 I FtcDashboard: [RECV]	{"type":"GET_ROBOT_STATUS"}
12-04 20:26:18.092 24920 25077 I FtcDashboard: [SENT]	{"data":{"activeOpMode":"StraightTestOpMode","activeOpModeStatus":"STOPPED","available":true,"errorMessage":"","warningMessage":""},"type":"RECEIVE_ROBOT_STATUS"}
12-04 20:26:18.252 24920 26234 W LynxPwmOutputController: LynxSetPWMEnableCommand not implemented by lynx hw; ignoring
12-04 20:26:18.262 24920 26234 W LynxPwmOutputController: LynxSetPWMConfigurationCommand not implemented by lynx hw; ignoring
12-04 20:26:18.262 24920 26234 W LynxPwmOutputController: LynxSetPWMEnableCommand not implemented by lynx hw; ignoring
12-04 20:26:18.272 24920 26234 W LynxPwmOutputController: LynxSetPWMConfigurationCommand not implemented by lynx hw; ignoring
12-04 20:26:18.272 24920 26234 W LynxPwmOutputController: LynxSetPWMEnableCommand not implemented by lynx hw; ignoring
12-04 20:26:18.282 24920 26234 W LynxPwmOutputController: LynxSetPWMConfigurationCommand not implemented by lynx hw; ignoring
12-04 20:26:18.282 24920 26234 W LynxPwmOutputController: LynxSetPWMEnableCommand not implemented by lynx hw; ignoring
12-04 20:26:18.292 24920 26234 W LynxPwmOutputController: LynxSetPWMConfigurationCommand not implemented by lynx hw; ignoring
12-04 20:26:18.452 24920 28083 V RobotCore: thread: 'LinearOpMode main' starting...
12-04 20:26:18.452 24920 28083 I RobotCore: LynxFirmwareVersionManager: LynxI2cDeviceSynchV1
12-04 20:26:18.452 24920 28083 V LynxI2cDeviceSynch: initializeHardware() mod#=2
12-04 20:26:18.482 24920 25645 V Robocol : sending CMD_NOTIFY_INIT_OP_MODE(7436), attempt: 0
12-04 20:26:18.562 24920 28083 V RobotCore: addr=false data=true arb=false clock=false
12-04 20:26:18.562 24920 28083 E LynxI2cDeviceSynch: readStatusQuery: cbExpected=1 cbRead=0
12-04 20:26:18.562 24920 28083 E LynxI2cDeviceSynch: placeholder: readStatusQuery
12-04 20:26:18.642 24920 28083 V RobotCore: addr=false data=true arb=false clock=false
12-04 20:26:18.642 24920 28083 E LynxI2cDeviceSynch: readStatusQuery: cbExpected=1 cbRead=0
12-04 20:26:18.722 24920 28083 V RobotCore: addr=false data=true arb=false clock=false
12-04 20:26:18.722 24920 28083 E LynxI2cDeviceSynch: readStatusQuery: cbExpected=1 cbRead=0
12-04 20:26:18.792 24920 28083 V RobotCore: addr=false data=true arb=false clock=false
12-04 20:26:18.802 24920 28083 E LynxI2cDeviceSynch: readStatusQuery: cbExpected=1 cbRead=0
12-04 20:26:19.082 24920 25077 I FtcDashboard: [RECV]	{"type":"GET_ROBOT_STATUS"}
12-04 20:26:19.082 24920 25077 I FtcDashboard: [SENT]	{"data":{"activeOpMode":"StraightTestOpMode","activeOpModeStatus":"INIT","available":true,"errorMessage":"","warningMessage":""},"type":"RECEIVE_ROBOT_STATUS"}
12-04 20:26:20.022 24920 25077 I FtcDashboard: [RECV]	{"type":"START_OP_MODE"}
12-04 20:26:20.042 24920 25645 V Robocol : sending CMD_NOTIFY_RUN_OP_MODE(7453), attempt: 0
12-04 20:26:20.082 24920 25077 I FtcDashboard: [RECV]	{"type":"GET_ROBOT_STATUS"}
12-04 20:26:20.082 24920 25077 I FtcDashboard: [SENT]	{"data":{"activeOpMode":"StraightTestOpMode","activeOpModeStatus":"RUNNING","available":true,"errorMessage":"","warningMessage":""},"type":"RECEIVE_ROBOT_STATUS"}
12-04 20:26:20.252 24920 25241 I FtcDashboard: [SENT]	{"data":{"data":{"heading":"0.0","x":"0.0","y":"0.0"},"fieldOverlay":{"ops":[{"width":4,"type":"strokeWidth"},{"color":"green","type":"stroke"},{"xPoints":[0.0,2.650297945593222E-4,0.0010601191782372889,0.002385268151033899,0.004240476712949155,0.006625744863983056,0.009541072604135597,0.012986459933406786,0.01696190685179662,0.0214674133593051,0.026502979455932225,0.032068605141677996,0.03816429041654239,0.04479003528052545,0.051945839733627146,0.05963170377584749,0.06784762740718649,0.07659361062764412,0.0858696534372204,0.09567575583591532,0.1060119178237289,0.11687813940066108,0.12827442056671198,0.14020076132188147,0.15265716166616955,0.16564362159957635,0.1791601411221018,0.19320672023374585,0.20778335893450858,0.22289005722438995,0.23852681510338997,0.2546936325715086,0.27139050962874595,0.2886174462751019,0.30637444251057644,0.3246614983351697,0.34347861374888156,0.3628257887517121,0.38270302334366135,0.4031103175247291,0.42404767129491555,0.4455150846542206,0.4675125576026443,0.4900400901401867,0.5130976822668478,0.5366853339826275,0.5608030452875259,0.5854508161815428,0.6106286466646783,0.6363365367369327,0.6625744863983055,0.6893424956487971,0.7166405644884072,0.7444686929171362,0.7728268809349835,0.8017151285419497,0.8311334357380344,0.861081802523238,0.8915602288975598,0.9225687148610008,0.9541072604135599,0.9861758655552378,1.0187745302860345,1.0519032546059501,1.0855620385149838,1.119750882013136,1.1544697851004075,1.1897187477767972,1.2254977700423058,1.2618068518969328,1.2986459933406789,1.336015194373543,1.3739144549955264,1.4123437752066277,1.451303155006848,1.490792594396187,1.5308120933746447,1.571361651942221,1.6124412700989161,1.6540509478447294,1.6961906851796618,1.7388604821037126,1.782060338616882,1.8257902547191704,1.870050230410577,1.9148402656911028,1.9601603605607463,2.006010515019509,2.052390729067391,2.099301002704391,2.1467413359305096,2.1947117287457467,2.243212181150103,2.2922426931435775,2.341803264726171,2.391893895897882,2.4425145866587123,2.4936653370086623,2.54534614694773,2.5975570164759163,2.6502979455932203,2.703568934299645,2.757369982595187,2.8117010904798483,2.8665622579536274,2.921953485016527,2.9778747716685436,3.034326117909679,3.091307523739933,3.1488189891593064,3.206860514167798,3.2654320987654075,3.3245337429521364,3.384165446727983,3.44432721009295,3.5050190330470343,3.5662409155902375,3.6279928577225586,3.690274859444002,3.753086920754561,3.8164290416542386,3.8803012221430353,3.94470346222095,4.009635761887983,4.075098121144136,4.141090539989408,4.2076130184238,4.274665556447308,4.342248154059934,4.41036081126168,4.479003528052544,4.548048048048015,4.617117117117083,4.686186186186151,4.75525525525522,4.824324324324291,4.893393393393359,4.962462462462428,5.031531531531496,5.100600600600565,5.169669669669634,5.238738738738703,5.30780780780777,5.376876876876842,5.44594594594591,5.515015015014979,5.584084084084047,5.653153153153116,5.722222222222184,5.7912912912912535,5.860360360360322,5.9294294294293906,5.998498498498462,6.06756756756753,6.136636636636599,6.205705705705667,6.274774774774736,6.343843843843804,6.412912912912873,6.481981981981941,6.5510510510510125,6.620120120120081,6.6891891891891495,6.758258258258218,6.8273273273272865,6.896396396396355,6.9654654654654236,7.034534534534493,7.1036036036035615,7.172672672672633,7.2417417417417,7.310810810810769,7.379879879879838,7.448948948948907,7.518018018017976,7.587087087087047,7.656156156156115,7.725225225225183,7.794294294294254,7.8633633633633195,7.93243243243239,8.001501501501458,8.070570570570526,8.139639639639595,8.208708708708667,8.277777777777734,8.346846846846804,8.415915915915871,8.48498498498494,8.554054054054008,8.623123123123078,8.692192192192145,8.761261261261215,8.830330330330286,8.899399399399352,8.968468468468421,9.037537537537489,9.106606606606558,9.175675675675626,9.244744744744695,9.313813813813763,9.382882882882834,9.451951951951903,9.521021021020971,9.59009009009004,9.659159159159108,9.728228228228177,9.797297297297245,9.866366366366314,9.935435435435382,1
