04-14 12:12:35.012 30013 30013 D JavaCameraView: Preview Frame received. Frame size: 1382400
04-14 12:12:35.042 30013 30013 D JavaCameraView: Preview Frame received. Frame size: 1382400
04-14 12:12:35.062 30013  5957 D CustomCameraView: mStretch value: 0.0
04-14 12:12:35.072 30013 30013 D JavaCameraView: Preview Frame received. Frame size: 1382400
04-14 12:12:35.112 30013 30013 D JavaCameraView: Preview Frame received. Frame size: 1382400
04-14 12:12:35.132 30013  5957 D CustomCameraView: mStretch value: 0.0
04-14 12:12:35.142 30013 30013 D JavaCameraView: Preview Frame received. Frame size: 1382400
04-14 12:12:35.172 30013 30013 D JavaCameraView: Preview Frame received. Frame size: 1382400
04-14 12:12:35.202 30013  5957 D CustomCameraView: mStretch value: 0.0
04-14 12:12:35.212 30013 30013 D JavaCameraView: Preview Frame received. Frame size: 1382400
04-14 12:12:35.242 30013 30013 D JavaCameraView: Preview Frame received. Frame size: 1382400
04-14 12:12:35.272 30013  5957 D CustomCameraView: mStretch value: 0.0
04-14 12:12:35.272 30013 30013 D JavaCameraView: Preview Frame received. Frame size: 1382400
04-14 12:12:35.312 30013 30013 D JavaCameraView: Preview Frame received. Frame size: 1382400
04-14 12:12:35.332 30013  5957 D CustomCameraView: mStretch value: 0.0
04-14 12:12:35.342 30013 30013 D JavaCameraView: Preview Frame received. Frame size: 1382400
04-14 12:12:35.372 30013 30013 D JavaCameraView: Preview Frame received. Frame size: 1382400
04-14 12:12:35.392 30013  5957 D CustomCameraView: mStretch value: 0.0
04-14 12:12:35.412 30013 30013 D JavaCameraView: Preview Frame received. Frame size: 1382400
04-14 12:12:35.442 30013 30013 D JavaCameraView: Preview Frame received. Frame size: 1382400
04-14 12:12:35.462 30013  5957 D CustomCameraView: mStretch value: 0.0
04-14 12:12:35.472 30013 30013 D JavaCameraView: Preview Frame received. Frame size: 1382400
04-14 12:12:35.512 30013 30013 D JavaCameraView: Preview Frame received. Frame size: 1382400
04-14 12:12:35.522 30013  5957 D CustomCameraView: mStretch value: 0.0
04-14 12:12:35.542 30013 30013 D JavaCameraView: Preview Frame received. Frame size: 1382400
04-14 12:12:35.572 30013 30013 D JavaCameraView: Preview Frame received. Frame size: 1382400
04-14 12:12:35.582 30013  5957 D CustomCameraView: mStretch value: 0.0
04-14 12:12:35.612 30013 30013 D JavaCameraView: Preview Frame received. Frame size: 1382400
04-14 12:12:35.642 30013 30013 D JavaCameraView: Preview Frame received. Frame size: 1382400
04-14 12:12:35.652 30013  5957 D CustomCameraView: mStretch value: 0.0
04-14 12:12:35.672 30013 30013 D JavaCameraView: Preview Frame received. Frame size: 1382400
04-14 12:12:35.712 30013 30013 D JavaCameraView: Preview Frame received. Frame size: 1382400
04-14 12:12:35.722 30013  5957 D CustomCameraView: mStretch value: 0.0
04-14 12:12:35.742 30013 30013 D JavaCameraView: Preview Frame received. Frame size: 1382400
04-14 12:12:35.772 30013 30013 D JavaCameraView: Preview Frame received. Frame size: 1382400
04-14 12:12:35.782 30013  5957 D CustomCameraView: mStretch value: 0.0
04-14 12:12:35.812 30013 30013 D JavaCameraView: Preview Frame received. Frame size: 1382400
04-14 12:12:35.842 30013  5957 D CustomCameraView: mStretch value: 0.0
04-14 12:12:35.842 30013 30013 D JavaCameraView: Preview Frame received. Frame size: 1382400
04-14 12:12:35.882 30013 30013 D JavaCameraView: Preview Frame received. Frame size: 1382400
04-14 12:12:35.902 30013  5957 D CustomCameraView: mStretch value: 0.0
04-14 12:12:35.912 30013 30013 D JavaCameraView: Preview Frame received. Frame size: 1382400
04-14 12:12:35.942 30013 30013 D JavaCameraView: Preview Frame received. Frame size: 1382400
04-14 12:12:35.972 30013 30013 D JavaCameraView: Preview Frame received. Frame size: 1382400
04-14 12:12:35.982 30013  5957 D CustomCameraView: mStretch value: 0.0
04-14 12:12:36.012 30013 30013 D JavaCameraView: Preview Frame received. Frame size: 1382400
04-14 12:12:36.042 30013 30013 D JavaCameraView: Preview Frame received. Frame size: 1382400
04-14 12:12:36.052 30013  5957 D CustomCameraView: mStretch value: 0.0
04-14 12:12:36.082 30013 30013 D JavaCameraView: Preview Frame received. Frame size: 1382400
04-14 12:12:36.112 30013 30013 D JavaCameraView: Preview Frame received. Frame size: 1382400
04-14 12:12:36.112 30013  5957 D CustomCameraView: mStretch value: 0.0
04-14 12:12:36.142 30013 30013 D JavaCameraView: Preview Frame received. Frame size: 1382400
04-14 12:12:36.172 30013 30013 D JavaCameraView: Preview Frame received. Frame size: 1382400
04-14 12:12:36.182 30013  5957 D CustomCameraView: mStretch value: 0.0
04-14 12:12:36.212 30013 30013 D JavaCameraView: Preview Frame received. Frame size: 1382400
04-14 12:12:36.242 30013 30013 D JavaCameraView: Preview Frame received. Frame size: 1382400
04-14 12:12:36.252 30013  5957 D CustomCameraView: mStretch value: 0.0
04-14 12:12:36.282 30013 30013 D JavaCameraView: Preview Frame received. Frame size: 1382400
04-14 12:12:36.312 30013 30013 D JavaCameraView: Preview Frame received. Frame size: 1382400
04-14 12:12:36.312 30013  5957 D CustomCameraView: mStretch value: 0.0
04-14 12:12:36.342 30013 30013 D JavaCameraView: Preview Frame received. Frame size: 1382400
04-14 12:12:36.382 30013  5957 D CustomCameraView: mStretch value: 0.0
04-14 12:12:36.392 30013 30013 D JavaCameraView: Preview Frame received. Frame size: 1382400
04-14 12:12:36.412 30013 30013 D JavaCameraView: Preview Frame received. Frame size: 1382400
04-14 12:12:36.442 30013 30013 D JavaCameraView: Preview Frame received. Frame size: 1382400
04-14 12:12:36.452 30013  5957 D CustomCameraView: mStretch value: 0.0
04-14 12:12:36.482 30013 30013 D JavaCameraView: Preview Frame received. Frame size: 1382400
04-14 12:12:36.512 30013 30013 D JavaCameraView: Preview Frame received. Frame size: 1382400
04-14 12:12:36.512 30013  5957 D CustomCameraView: mStretch value: 0.0
04-14 12:12:36.542 30013 30013 D JavaCameraView: Preview Frame received. Frame size: 1382400
04-14 12:12:36.582 30013  5957 D CustomCameraView: mStretch value: 0.0
04-14 12:12:36.582 30013 30013 D JavaCameraView: Preview Frame received. Frame size: 1382400
04-14 12:12:36.612 30013 30013 D JavaCameraView: Preview Frame received. Frame size: 1382400
04-14 12:12:36.632 30013  5957 D CustomCameraView: mStretch value: 0.0
04-14 12:12:36.652 30013 30013 D JavaCameraView: Preview Frame received. Frame size: 1382400
04-14 12:12:36.682 30013 30013 D JavaCameraView: Preview Frame received. Frame size: 1382400
04-14 12:12:36.702 30013  5957 D CustomCameraView: mStretch value: 0.0
04-14 12:12:36.712 30013 30013 D JavaCameraView: Preview Frame received. Frame size: 1382400
04-14 12:12:36.742 30013 30013 D JavaCameraView: Preview Frame received. Frame size: 1382400
04-14 12:12:36.772 30013  5957 D CustomCameraView: mStretch value: 0.0
04-14 12:12:36.782 30013 30013 D JavaCameraView: Preview Frame received. Frame size: 1382400
04-14 12:12:36.812 30013 30013 D JavaCameraView: Preview Frame received. Frame size: 1382400
04-14 12:12:36.842 30013  5957 D CustomCameraView: mStretch value: 0.0
04-14 12:12:36.842 30013 30013 D JavaCameraView: Preview Frame received. Frame size: 1382400
04-14 12:12:36.882 30013 30013 D JavaCameraView: Preview Frame received. Frame size: 1382400
04-14 12:12:36.902 30013  5957 D CustomCameraView: mStretch value: 0.0
04-14 12:12:36.912 30013 30013 D JavaCameraView: Preview Frame received. Frame size: 1382400
04-14 12:12:36.942 30013 30013 D JavaCameraView: Preview Frame received. Frame size: 1382400
04-14 12:12:36.972 30013  5957 D CustomCameraView: mStretch value: 0.0
04-14 12:12:36.982 30013 30013 D JavaCameraView: Preview Frame received. Frame size: 1382400
04-14 12:12:37.012 30013 30013 D JavaCameraView: Preview Frame received. Frame size: 1382400
04-14 12:12:37.032 30013  5957 D CustomCameraView: mStretch value: 0.0
04-14 12:12:37.042 30013 30013 D JavaCameraView: Preview Frame received. Frame size: 1382400
04-14 12:12:37.082 30013 30013 D JavaCameraView: Preview Frame received. Frame size: 1382400
04-14 12:12:37.092 30013  5957 D CustomCameraView: mStretch value: 0.0
04-14 12:12:37.112 30013 30013 D JavaCameraView: Preview Frame received. Frame size: 1382400
04-14 12:12:37.142 30013 30013 D JavaCameraView: Preview Frame received. Frame size: 1382400
04-14 12:12:37.162 30013  5957 D CustomCameraView: mStretch value: 0.0
04-14 12:12:37.182 30013 30013 D JavaCameraView: Preview Frame received. Frame size: 1382400
04-14 12:12:37.212 30013 30013 D JavaCameraView: Preview Frame received. Frame size: 1382400
04-14 12:12:37.232 30013  5957 D CustomCameraView: mStretch value: 0.0
04-14 12:12:37.242 30013 30013 D JavaCameraView: Preview Frame received. Frame size: 1382400
04-14 12:12:37.282 30013 30013 D JavaCameraView: Preview Frame received. Frame size: 1382400
04-14 12:12:37.312 30013 30013 D JavaCameraView: Preview Frame received. Frame size: 1382400
04-14 12:12:37.322 30013  5957 D CustomCameraView: mStretch value: 0.0
04-14 12:12:37.342 30013 30013 D JavaCameraView: Preview Frame received. Frame size: 1382400
04-14 12:12:37.382 30013 30013 D JavaCameraView: Preview Frame received. Frame size: 1382400
04-14 12:12:37.392 30013  5957 D CustomCameraView: mStretch value: 0.0
04-14 12:12:37.412 30013 30013 D JavaCameraView: Preview Frame received. Frame size: 1382400
04-14 12:12:37.442 30013 30013 D JavaCameraView: Preview Frame received. Frame size: 1382400
04-14 12:12:37.462 30013  5957 D CustomCameraView: mStretch value: 0.0
04-14 12:12:37.482 30013 30013 D JavaCameraView: Preview Frame received. Frame size: 1382400
04-14 12:12:37.512 30013 30013 D JavaCameraView: Preview Frame received. Frame size: 1382400
04-14 12:12:37.522 30013  5957 D CustomCameraView: mStretch value: 0.0
04-14 12:12:37.542 30013 30013 D JavaCameraView: Preview Frame received. Frame size: 1382400
04-14 12:12:37.572 30013  5957 D CustomCameraView: mStretch value: 0.0
04-14 12:12:37.582 30013 30013 D JavaCameraView: Preview Frame received. Frame size: 1382400
04-14 12:12:37.612 30013 30013 D JavaCameraView: Preview Frame received. Frame size: 1382400
04-14 12:12:37.632 30013  5957 D CustomCameraView: mStretch value: 0.0
04-14 12:12:37.652 30013 30013 D JavaCameraView: Preview Frame received. Frame size: 1382400
04-14 12:12:37.682 30013 30013 D JavaCameraView: Preview Frame received. Frame size: 1382400
04-14 12:12:37.692 30013  5957 D CustomCameraView: mStretch value: 0.0
04-14 12:12:37.712 30013 30013 D JavaCameraView: Preview Frame received. Frame size: 1382400
04-14 12:12:37.742 30013 30013 D JavaCameraView: Preview Frame received. Frame size: 1382400
04-14 12:12:37.752 30013  5957 D CustomCameraView: mStretch value: 0.0
04-14 12:12:37.782 30013 30013 D JavaCameraView: Preview Frame received. Frame size: 1382400
04-14 12:12:37.812 30013 30013 D JavaCameraView: Preview Frame received. Frame size: 1382400
04-14 12:12:37.822 30013  5957 D CustomCameraView: mStretch value: 0.0
04-14 12:12:37.842 30013 30013 D JavaCameraView: Preview Frame received. Frame size: 1382400
04-14 12:12:37.882 30013 30013 D JavaCameraView: Preview Frame received. Frame size: 1382400
04-14 12:12:37.902 30013  5957 D CustomCameraView: mStretch value: 0.0
04-14 12:12:37.912 30013 30013 D JavaCameraView: Preview Frame received. Frame size: 1382400
04-14 12:12:37.942 30013 30013 D JavaCameraView: Preview Frame received. Frame size: 1382400
04-14 12:12:37.972 30013  5957 D CustomCameraView: mStretch value: 0.0
04-14 12:12:37.982 30013 30013 D JavaCameraView: Preview Frame received. Frame size: 1382400
04-14 12:12:38.012 30013 30013 D JavaCameraView: Preview Frame received. Frame size: 1382400
04-14 12:12:38.042 30013  5957 D CustomCameraView: mStretch value: 0.0
04-14 12:12:38.042 30013 30013 D JavaCameraView: Preview Frame received. Frame size: 1382400
04-14 12:12:38.082 30013 30013 D JavaCameraView: Preview Frame received. Frame size: 1382400
04-14 12:12:38.112 30013 30013 D JavaCameraView: Preview Frame received. Frame size: 1382400
04-14 12:12:38.112 30013  5957 D CustomCameraView: mStretch value: 0.0
04-14 12:12:38.142 30013 30013 D JavaCameraView: Preview Frame received. Frame size: 1382400
04-14 12:12:38.182 30013 30013 D JavaCameraView: Preview Frame received. Frame size: 1382400
04-14 12:12:38.192 30013  5957 D CustomCameraView: mStretch value: 0.0
04-14 12:12:38.212 30013 30013 D JavaCameraView: Preview Frame received. Frame size: 1382400
04-14 12:12:38.242 30013 30013 D JavaCameraView: Preview Frame received. Frame size: 1382400
04-14 12:12:38.262 30013  5957 D CustomCameraView: mStretch value: 0.0
04-14 12:12:38.282 30013 30013 D JavaCameraView: Preview Frame received. Frame size: 1382400
04-14 12:12:38.312 30013 30013 D JavaCameraView: Preview Frame received. Frame size: 1382400
04-14 12:12:38.332 30013  5957 D CustomCameraView: mStretch value: 0.0
04-14 12:12:38.352 30013 30013 D JavaCameraView: Preview Frame received. Frame size: 1382400
04-14 12:12:38.382 30013 30013 D JavaCameraView: Preview Frame received. Frame size: 1382400
04-14 12:12:38.392 30013  5957 D CustomCameraView: mStretch value: 0.0
04-14 12:12:38.412 30013 30013 D JavaCameraView: Preview Frame received. Frame size: 1382400
04-14 12:12:38.442 30013 30013 D JavaCameraView: Preview Frame received. Frame size: 1382400
04-14 12:12:38.462 30013  5957 D CustomCameraView: mStretch value: 0.0
04-14 12:12:38.482 30013 30013 D JavaCameraView: Preview Frame received. Frame size: 1382400
04-14 12:12:38.512 30013 30013 D JavaCameraView: Preview Frame received. Frame size: 1382400
04-14 12:12:38.532 30013  5957 D CustomCameraView: mStretch value: 0.0
04-14 12:12:38.552 30013 30013 D JavaCameraView: Preview Frame received. Frame size: 1382400
04-14 12:12:38.582 30013 30013 D JavaCameraView: Preview Frame received. Frame size: 1382400
04-14 12:12:38.592 30013  5957 D CustomCameraView: mStretch value: 0.0
04-14 12:12:38.612 30013 30013 D JavaCameraView: Preview Frame received. Frame size: 1382400
04-14 12:12:38.652 30013  5957 D CustomCameraView: mStretch value: 0.0
04-14 12:12:38.662 30013 30013 D JavaCameraView: Preview Frame received. Frame size: 1382400
04-14 12:12:38.682 30013 30013 D JavaCameraView: Preview Frame received. Frame size: 1382400
04-14 12:12:38.712 30013 30013 D JavaCameraView: Preview Frame received. Frame size: 1382400
04-14 12:12:38.722 30013  5957 D CustomCameraView: mStretch value: 0.0
04-14 12:12:38.752 30013 30013 D JavaCameraView: Preview Frame received. Frame size: 1382400
04-14 12:12:38.782 30013 30013 D JavaCameraView: Preview Frame received. Frame size: 1382400
04-14 12:12:38.792 30013  5957 D CustomCameraView: mStretch value: 0.0
04-14 12:12:38.812 30013 30013 D JavaCameraView: Preview Frame received. Frame size: 1382400
04-14 12:12:38.842 30013 30013 D JavaCameraView: Preview Frame received. Frame size: 1382400
04-14 12:12:38.852 30013  5957 D CustomCameraView: mStretch value: 0.0
04-14 12:12:38.882 30013 30013 D JavaCameraView: Preview Frame received. Frame size: 1382400
04-14 12:12:38.912 30013  5957 D CustomCameraView: mStretch value: 0.0
04-14 12:12:38.912 30013 30013 D JavaCameraView: Preview Frame received. Frame size: 1382400
04-14 12:12:38.952 30013 30013 D JavaCameraView: Preview Frame received. Frame size: 1382400
04-14 12:12:38.982 30013  5957 D CustomCameraView: mStretch value: 0.0
04-14 12:12:38.982 30013 30013 D JavaCameraView: Preview Frame received. Frame size: 1382400
04-14 12:12:39.012 30013 30013 D JavaCameraView: Preview Frame received. Frame size: 1382400
04-14 12:12:39.052 30013 30013 D JavaCameraView: Preview Frame received. Frame size: 1382400
04-14 12:12:39.062 30013  5957 D CustomCameraView: mStretch value: 0.0
04-14 12:12:39.082 30013 30013 D JavaCameraView: Preview Frame received. Frame size: 1382400
04-14 12:12:39.112 30013 30013 D JavaCameraView: Preview Frame received. Frame size: 1382400
04-14 12:12:39.122 30013  5957 D CustomCameraView: mStretch value: 0.0
04-14 12:12:39.152 30013 30013 D JavaCameraView: Preview Frame received. Frame size: 1382400
04-14 12:12:39.182 30013 30013 D JavaCameraView: Preview Frame received. Frame size: 1382400
04-14 12:12:39.182 30013  5957 D CustomCameraView: mStretch value: 0.0
04-14 12:12:39.212 30013 30013 D JavaCameraView: Preview Frame received. Frame size: 1382400
04-14 12:12:39.242 30013  5957 D CustomCameraView: mStretch value: 0.0
04-14 12:12:39.252 30013 30013 D JavaCameraView: Preview Frame received. Frame size: 1382400
04-14 12:12:39.282 30013 30013 D JavaCameraView: Preview Frame received. Frame size: 1382400
04-14 12:12:39.312 30013  5957 D CustomCameraView: mStretch value: 0.0
04-14 12:12:39.312 30013 30013 D JavaCameraView: Preview Frame received. Frame size: 1382400
04-14 12:12:39.352 30013 30013 D JavaCameraView: Preview Frame received. Frame size: 1382400
04-14 12:12:39.372 30013  5957 D CustomCameraView: mStretch value: 0.0
04-14 12:12:39.382 30013 30013 D JavaCameraView: Preview Frame received. Frame size: 1382400
04-14 12:12:39.412 30013 30013 D JavaCameraView: Preview Frame received. Frame size: 1382400
04-14 12:12:39.442 30013  5957 D CustomCameraView: mStretch value: 0.0
04-14 12:12:39.452 30013 30013 D JavaCameraView: Preview Frame received. Frame size: 1382400
04-14 12:12:39.482 30013 30013 D JavaCameraView: Preview Frame received. Frame size: 1382400
04-14 12:12:39.512 30013  5957 D CustomCameraView: mStretch value: 0.0
04-14 12:12:39.512 30013 30013 D JavaCameraView: Preview Frame received. Frame size: 1382400
04-14 12:12:39.552 30013 30013 D JavaCameraView: Preview Frame received. Frame size: 1382400
04-14 12:12:39.572 30013  5957 D CustomCameraView: mStretch value: 0.0
04-14 12:12:39.582 30013 30013 D JavaCameraView: Preview Frame received. Frame size: 1382400
04-14 12:12:39.612 30013 30013 D JavaCameraView: Preview Frame received. Frame size: 1382400
04-14 12:12:39.632 30013  5957 D CustomCameraView: mStretch value: 0.0
04-14 12:12:39.652 30013 30013 D JavaCameraView: Preview Frame received. Frame size: 1382400
04-14 12:12:39.682 30013 30013 D JavaCameraView: Preview Frame received. Frame size: 1382400
04-14 12:12:39.702 30013  5957 D CustomCameraView: mStretch value: 0.0
04-14 12:12:39.712 30013 30013 D JavaCameraView: Preview Frame received. Frame size: 1382400
04-14 12:12:39.752 30013 30013 D JavaCameraView: Preview Frame received. Frame size: 1382400
04-14 12:12:39.782 30013 30013 D JavaCameraView: Preview Frame received. Frame size: 1382400
04-14 12:12:39.782 30013  5957 D CustomCameraView: mStretch value: 0.0
04-14 12:12:39.812 30013 30013 D JavaCameraView: Preview Frame received. Frame size: 1382400
04-14 12:12:39.852 30013  5957 D CustomCameraView: mStretch value: 0.0
04-14 12:12:39.852 30013 30013 D JavaCameraView: Preview Frame received. Frame size: 1382400
04-14 12:12:39.882 30013 30013 D JavaCameraView: Preview Frame received. Frame size: 1382400
04-14 12:12:39.912 30013  5957 D CustomCameraView: mStretch value: 0.0
04-14 12:12:39.912 30013 30013 D JavaCameraView: Preview Frame received. Frame size: 1382400
04-14 12:12:39.952 30013 30013 D JavaCameraView: Preview Frame received. Frame size: 1382400
04-14 12:12:39.972 30013  5957 D CustomCameraView: mStretch value: 0.0
04-14 12:12:39.982 30013 30013 D JavaCameraView: Preview Frame received. Frame size: 1382400
04-14 12:12:40.012 30013 30013 D JavaCameraView: Preview Frame received. Frame size: 1382400
04-14 12:12:40.042 30013  5957 D CustomCameraView: mStretch value: 0.0
04-14 12:12:40.052 30013 30013 D JavaCameraView: Preview Frame received. Frame size: 1382400
04-14 12:12:40.082 30013 30013 D JavaCameraView: Preview Frame received. Frame size: 1382400
04-14 12:12:40.112 30013  5957 D CustomCameraView: mStretch value: 0.0
04-14 12:12:40.112 30013 30013 D JavaCameraView: Preview Frame received. Frame size: 1382400
04-14 12:12:40.152 30013 30013 D JavaCameraView: Preview Frame received. Frame size: 1382400
04-14 12:12:40.172 30013  5957 D CustomCameraView: mStretch value: 0.0
04-14 12:12:40.182 30013 30013 D JavaCameraView: Preview Frame received. Frame size: 1382400
04-14 12:12:40.212 30013 30013 D JavaCameraView: Preview Frame received. Frame size: 1382400
04-14 12:12:40.232 30013  5957 D CustomCameraView: mStretch value: 0.0
04-14 12:12:40.252 30013 30013 D JavaCameraView: Preview Frame received. Frame size: 1382400
04-14 12:12:40.282 30013 30013 D JavaCameraView: Preview Frame received. Frame size: 1382400
04-14 12:12:40.292 30013  5957 D CustomCameraView: mStretch value: 0.0
04-14 12:12:40.312 30013 30013 D JavaCameraView: Preview Frame received. Frame size: 1382400
04-14 12:12:40.352 30013 30013 D JavaCameraView: Preview Frame received. Frame size: 1382400
04-14 12:12:40.352 30013  5957 D CustomCameraView: mStretch value: 0.0
04-14 12:12:40.382 30013 30013 D JavaCameraView: Preview Frame received. Frame size: 1382400
04-14 12:12:40.412 30013 30013 D JavaCameraView: Preview Frame received. Frame size: 1382400
04-14 12:12:40.422 30013  5957 D CustomCameraView: mStretch value: 0.0
04-14 12:12:40.452 30013 30013 D JavaCameraView: Preview Frame received. Frame size: 1382400
04-14 12:12:40.482 30013  5957 D CustomCameraView: mStretch value: 0.0
04-14 12:12:40.482 30013 30013 D JavaCameraView: Preview Frame received. Frame size: 1382400
04-14 12:12:40.512 30013 30013 D JavaCameraView: Preview Frame received. Frame size: 1382400
04-14 12:12:40.542 30013  5957 D CustomCameraView: mStretch value: 0.0
04-14 12:12:40.552 30013 30013 D JavaCameraView: Preview Frame received. Frame size: 1382400
04-14 12:12:40.582 30013 30013 D JavaCameraView: Preview Frame received. Frame size: 1382400
04-14 12:12:40.612 30013  5957 D CustomCameraView: mStretch value: 0.0
04-14 12:12:40.612 30013 30013 D JavaCameraView: Preview Frame received. Frame size: 1382400
04-14 12:12:40.652 30013 30013 D JavaCameraView: Preview Frame received. Frame size: 1382400
04-14 12:12:40.672 30013  5957 D CustomCameraView: mStretch value: 0.0
04-14 12:12:40.682 30013 30013 D JavaCameraView: Preview Frame received. Frame size: 1382400
04-14 12:12:40.712 30013 30013 D JavaCameraView: Preview Frame received. Frame size: 1382400
04-14 12:12:40.742 30013  5957 D CustomCameraView: mStretch value: 0.0
04-14 12:12:40.752 30013 30013 D JavaCameraView: Preview Frame received. Frame size: 1382400
04-14 12:12:40.782 30013 30013 D JavaCameraView: Preview Frame received. Frame size: 1382400
04-14 12:12:40.812 30013  5957 D CustomCameraView: mStretch value: 0.0
04-14 12:12:40.812 30013 30013 D JavaCameraView: Preview Frame received. Frame size: 1382400
04-14 12:12:40.852 30013 30013 D JavaCameraView: Preview Frame received. Frame size: 1382400
04-14 12:12:40.882 30013  5957 D CustomCameraView: mStretch value: 0.0
04-14 12:12:40.882 30013 30013 D JavaCameraView: Preview Frame received. Frame size: 1382400
04-14 12:12:40.922 30013 30013 D JavaCameraView: Preview Frame received. Frame size: 1382400
04-14 12:12:40.952 30013 30013 D JavaCameraView: Preview Frame received. Frame size: 1382400
04-14 12:12:40.952 30013  5957 D CustomCameraView: mStretch value: 0.0
04-14 12:12:40.982 30013 30013 D JavaCameraView: Preview Frame received. Frame size: 1382400
04-14 12:12:41.012 30013  5957 D CustomCameraView: mStretch value: 0.0
04-14 12:12:41.012 30013 30013 D JavaCameraView: Preview Frame received. Frame size: 1382400
04-14 12:12:41.052 30013 30013 D JavaCameraView: Preview Frame received. Frame size: 1382400
04-14 12:12:41.082 30013 30013 D JavaCameraView: Preview Frame received. Frame size: 1382400
04-14 12:12:41.092 30013  5957 D CustomCameraView: mStretch value: 0.0
04-14 12:12:41.122 30013 30013 D JavaCameraView: Preview Frame received. Frame size: 1382400
04-14 12:12:41.152 30013 30013 D JavaCameraView: Preview Frame received. Frame size: 1382400
04-14 12:12:41.172 30013  5957 D CustomCameraView: mStretch value: 0.0
04-14 12:12:41.182 30013 30013 D JavaCameraView: Preview Frame received. Frame size: 1382400
04-14 12:12:41.212 30013 30013 D JavaCameraView: Preview Frame received. Frame size: 1382400
04-14 12:12:41.252 30013 30013 D JavaCameraView: Preview Frame received. Frame size: 1382400
04-14 12:12:41.252 30013  5957 D CustomCameraView: mStretch value: 0.0
04-14 12:12:41.282 30013 30013 D JavaCameraView: Preview Frame received. Frame size: 1382400
04-14 12:12:41.312 30013  5957 D CustomCameraView: mStretch value: 0.0
04-14 12:12:41.312 30013 30013 D JavaCameraView: Preview Frame received. Frame size: 1382400
04-14 12:12:41.352 30013 30013 D JavaCameraView: Preview Frame received. Frame size: 1382400
04-14 12:12:41.382 30013 30013 D JavaCameraView: Preview Frame received. Frame size: 1382400
04-14 12:12:41.392 30013  5957 D CustomCameraView: mStretch value: 0.0
04-14 12:12:41.412 30013 30013 D JavaCameraView: Preview Frame received. Frame size: 1382400
04-14 12:12:41.452 30013 30013 D JavaCameraView: Preview Frame received. Frame size: 1382400
04-14 12:12:41.462 30013  5957 D CustomCameraView: mStretch value: 0.0
04-14 12:12:41.492 30013 30013 D JavaCameraView: Preview Frame received. Frame size: 1382400
04-14 12:12:41.512 30013 30013 D JavaCameraView: Preview Frame received. Frame size: 1382400
04-14 12:12:41.542 30013  5957 D CustomCameraView: mStretch value: 0.0
04-14 12:12:41.552 30013 30013 D JavaCameraView: Preview Frame received. Frame size: 1382400
04-14 12:12:41.582 30013 30013 D JavaCameraView: Preview Frame received. Frame size: 1382400
04-14 12:12:41.602 30013  5957 D CustomCameraView: mStretch value: 0.0
04-14 12:12:41.622 30013 30013 D JavaCameraView: Preview Frame received. Frame size: 1382400
04-14 12:12:41.652 30013 30013 D JavaCameraView: Preview Frame received. Frame size: 1382400
04-14 12:12:41.662 30013  5957 D CustomCameraView: mStretch value: 0.0
04-14 12:12:41.682 30013 30013 D JavaCameraView: Preview Frame received. Frame size: 1382400
04-14 12:12:41.712 30013  5957 D CustomCameraView: mStretch value: 0.0
04-14 12:12:41.722 30013 30013 D JavaCameraView: Preview Frame received. Frame size: 1382400
04-14 12:12:41.752 30013 30013 D JavaCameraView: Preview Frame received. Frame size: 1382400
04-14 12:12:41.772 30013  5957 D CustomCameraView: mStretch value: 0.0
04-14 12:12:41.782 30013 30013 D JavaCameraView: Preview Frame received. Frame size: 1382400
04-14 12:12:41.812 30013 30013 D JavaCameraView: Preview Frame received. Frame size: 1382400
04-14 12:12:41.832 30013  5957 D CustomCameraView: mStretch value: 0.0
04-14 12:12:41.852 30013 30013 D JavaCameraView: Preview Frame received. Frame size: 1382400
04-14 12:12:41.882 30013  5957 D CustomCameraView: mStretch value: 0.0
04-14 12:12:41.882 30013 30013 D JavaCameraView: Preview Frame received. Frame size: 1382400
04-14 12:12:41.912 30013 30013 D JavaCameraView: Preview Frame received. Frame size: 1382400
04-14 12:12:41.932 30013  5957 D CustomCameraView: mStretch value: 0.0
04-14 12:12:41.952 30013 30013 D JavaCameraView: Preview Frame received. Frame size: 1382400
04-14 12:12:41.982 30013 30013 D JavaCameraView: Preview Frame received. Frame size: 1382400
04-14 12:12:41.992 30013  5957 D CustomCameraView: mStretch value: 0.0
04-14 12:12:42.022 30013 30013 D JavaCameraView: Preview Frame received. Frame size: 1382400
04-14 12:12:42.052 30013 30013 D JavaCameraView: Preview Frame received. Frame size: 1382400
04-14 12:12:42.052 30013  5957 D CustomCameraView: mStretch value: 0.0
04-14 12:12:42.082 30013 30013 D JavaCameraView: Preview Frame received. Frame size: 1382400
04-14 12:12:42.112 30013 30013 D JavaCameraView: Preview Frame received. Frame size: 1382400
04-14 12:12:42.122 30013  5957 D CustomCameraView: mStretch value: 0.0
04-14 12:12:42.152 30013 30013 D JavaCameraView: Preview Frame received. Frame size: 1382400
04-14 12:12:42.192 30013  5957 D CustomCameraView: mStretch value: 0.0
04-14 12:12:42.192 30013 30013 D JavaCameraView: Preview Frame received. Frame size: 1382400
04-14 12:12:42.222 30013 30013 D JavaCameraView: Preview Frame received. Frame size: 1382400
04-14 12:12:42.252 30013 30013 D JavaCameraView: Preview Frame received. Frame size: 1382400
04-14 12:12:42.262 30013  5957 D CustomCameraView: mStretch value: 0.0
04-14 12:12:42.292 30013 30013 D JavaCameraView: Preview Frame received. Frame size: 1382400
04-14 12:12:42.322 30013 30013 D JavaCameraView: Preview Frame received. Frame size: 1382400
04-14 12:12:42.342 30013  5957 D CustomCameraView: mStretch value: 0.0
04-14 12:12:42.352 30013 30013 D JavaCameraView: Preview Frame received. Frame size: 1382400
04-14 12:12:42.382 30013 30013 D JavaCameraView: Preview Frame received. Frame size: 1382400
04-14 12:12:42.412 30013  5957 D CustomCameraView: mStretch value: 0.0
04-14 12:12:42.422 30013 30013 D JavaCameraView: Preview Frame received. Frame size: 1382400
04-14 12:12:42.452 30013 30013 D JavaCameraView: Preview Frame received. Frame size: 1382400
04-14 12:12:42.482 30013  5957 D CustomCameraView: mStretch value: 0.0
04-14 12:12:42.482 30013 30013 D JavaCameraView: Preview Frame received. Frame size: 1382400
04-14 12:12:42.522 30013 30013 D JavaCameraView: Preview Frame received. Frame size: 1382400
04-14 12:12:42.542 30013  5957 D CustomCameraView: mStretch value: 0.0
04-14 12:12:42.552 30013 30013 D JavaCameraView: Preview Frame received. Frame size: 1382400
04-14 12:12:42.582 30013 30013 D JavaCameraView: Preview Frame received. Frame size: 1382400
04-14 12:12:42.592 30013  5957 D CustomCameraView: mStretch value: 0.0
04-14 12:12:42.622 30013 30013 D JavaCameraView: Preview Frame received. Frame size: 1382400
04-14 12:12:42.652 30013 30013 D JavaCameraView: Preview Frame received. Frame size: 1382400
04-14 12:12:42.652 30013  5957 D CustomCameraView: mStretch value: 0.0
04-14 12:12:42.682 30013 30013 D JavaCameraView: Preview Frame received. Frame size: 1382400
04-14 12:12:42.712 30013 30013 D JavaCameraView: Preview Frame received. Frame size: 1382400
04-14 12:12:42.722 30013  5957 D CustomCameraView: mStretch value: 0.0
04-14 12:12:42.752 30013 30013 D JavaCameraView: Preview Frame received. Frame size: 1382400
04-14 12:12:42.782 30013 30013 D JavaCameraView: Preview Frame received. Frame size: 1382400
04-14 12:12:42.792 30013  5957 D CustomCameraView: mStretch value: 0.0
04-14 12:12:42.822 30013 30013 D JavaCameraView: Preview Frame received. Frame size: 1382400
04-14 12:12:42.852 30013  5957 D CustomCameraView: mStretch value: 0.0
04-14 12:12:42.852 30013 30013 D JavaCameraView: Preview Frame received. Frame size: 1382400
04-14 12:12:42.882 30013 30013 D JavaCameraView: Preview Frame received. Frame size: 1382400
04-14 12:12:42.912 30013  5957 D CustomCameraView: mStretch value: 0.0
04-14 12:12:42.922 30013 30013 D JavaCameraView: Preview Frame received. Frame size: 1382400
04-14 12:12:42.952 30013 30013 D JavaCameraView: Preview Frame received. Frame size: 1382400
04-14 12:12:42.982 30013  5957 D CustomCameraView: mStretch value: 0.0
04-14 12:12:42.982 30013 30013 D JavaCameraView: Preview Frame received. Frame size: 1382400
04-14 12:12:43.012 30013 30013 D JavaCameraView: Preview Frame received. Frame size: 1382400
04-14 12:12:43.042 30013  5957 D CustomCameraView: mStretch value: 0.0
04-14 12:12:43.052 30013 30013 D JavaCameraView: Preview Frame received. Frame size: 1382400
04-14 12:12:43.082 30013 30013 D JavaCameraView: Preview Frame received. Frame size: 1382400
04-14 12:12:43.102 30013  5957 D CustomCameraView: mStretch value: 0.0
04-14 12:12:43.122 30013 30013 D JavaCameraView: Preview Frame received. Frame size: 1382400
04-14 12:12:43.152 30013 30013 D JavaCameraView: Preview Frame received. Frame size: 1382400
04-14 12:12:43.162 30013  5957 D CustomCameraView: mStretch value: 0.0
04-14 12:12:43.182 30013 30013 D JavaCameraView: Preview Frame received. Frame size: 1382400
04-14 12:12:43.222 30013 30013 D JavaCameraView: Preview Frame received. Frame size: 1382400
04-14 12:12:43.222 30013  5957 D CustomCameraView: mStretch value: 0.0
04-14 12:12:43.252 30013 30013 D JavaCameraView: Preview Frame received. Frame size: 1382400
04-14 12:12:43.282 30013  5957 D CustomCameraView: mStretch value: 0.0
04-14 12:12:43.282 30013 30013 D JavaCameraView: Preview Frame received. Frame size: 1382400
04-14 12:12:43.322 30013 30013 D JavaCameraView: Preview Frame received. Frame size: 1382400
04-14 12:12:43.342 30013  5957 D CustomCameraView: mStretch value: 0.0
04-14 12:12:43.352 30013 30013 D JavaCameraView: Preview Frame received. Frame size: 1382400
04-14 12:12:43.382 30013 30013 D JavaCameraView: Preview Frame received. Frame size: 1382400
04-14 12:12:43.402 30013  5957 D CustomCameraView: mStretch value: 0.0
04-14 12:12:43.422 30013 30013 D JavaCameraView: Preview Frame received. Frame size: 1382400
04-14 12:12:43.452 30013 30013 D JavaCameraView: Preview Frame received. Frame size: 1382400
04-14 12:12:43.472 30013  5957 D CustomCameraView: mStretch value: 0.0
04-14 12:12:43.492 30013 30013 D JavaCameraView: Preview Frame received. Frame size: 1382400
04-14 12:12:43.522 30013 30013 D JavaCameraView: Preview Frame received. Frame size: 1382400
04-14 12:12:43.552 30013  5957 D CustomCameraView: mStretch value: 0.0
04-14 12:12:43.552 30013 30013 D JavaCameraView: Preview Frame received. Frame size: 1382400
04-14 12:12:43.582 30013 30013 D JavaCameraView: Preview Frame received. Frame size: 1382400
04-14 12:12:43.612 30013  5957 D CustomCameraView: mStretch value: 0.0
04-14 12:12:43.612 30013 30885 V Robocol : received command: CMD_RUN_OP_MODE(45677) Main Autonomous
04-14 12:12:43.622 30013 30013 D JavaCameraView: Preview Frame received. Frame size: 1382400
04-14 12:12:43.632 30013 30923 V Robocol : sending CMD_NOTIFY_RUN_OP_MODE(36956), attempt: 0
04-14 12:12:43.642 30013  5900 D CameraBridge: call checkCurrentState
04-14 12:12:43.642 30013  5900 D CameraBridge: call processExitState: 1
04-14 12:12:43.642 30013  5900 D JavaCameraView: Disconnecting from camera
04-14 12:12:43.642 30013  5900 D JavaCameraView: Notify thread
04-14 12:12:43.642 30013  5900 D JavaCameraView: Waiting for thread
04-14 12:12:43.652 30013 30013 D JavaCameraView: Preview Frame received. Frame size: 1382400
04-14 12:12:43.682 30013  5957 D CustomCameraView: mStretch value: 0.0
04-14 12:12:43.682 30013 30013 D JavaCameraView: Preview Frame received. Frame size: 1382400
04-14 12:12:43.682 30013  5957 D JavaCameraView: Finish processing thread
04-14 12:12:44.072 30013  5900 D CameraBridge: call processEnterState: 0
04-14 12:12:44.082 30013 30013 D CameraBridge: call checkCurrentState
04-14 12:12:51.552 30013  5900 I RobotCore: 0.16314588400000002
04-14 12:12:51.602 30013  5900 I RobotCore: 0.04253067899999999
04-14 12:12:51.642 30013  5900 I RobotCore: 0.04818656199999999
04-14 12:12:51.692 30013  5900 I RobotCore: 0.04562338599999999
04-14 12:12:51.732 30013  5900 I RobotCore: 0.04255666600000002
04-14 12:12:51.782 30013  5900 I RobotCore: 0.043710156
04-14 12:12:51.832 30013  5900 I RobotCore: 0.054116459000000006
04-14 12:12:51.882 30013  5900 I RobotCore: 0.051495416000000016
04-14 12:12:51.942 30013  5900 I RobotCore: 0.05562171899999996
04-14 12:12:51.992 30013  5900 I RobotCore: 0.051802813
04-14 12:12:52.072 30013  5900 I RobotCore: 0.08258036499999999
04-14 12:12:52.142 30013  5900 I RobotCore: 0.06692057399999995
04-14 12:12:52.192 30013  5900 I RobotCore: 0.04932322899999997
04-14 12:12:52.242 30013  5900 I RobotCore: 0.051954636000000054
04-14 12:12:52.302 30013  5900 I RobotCore: 0.05776348999999992
04-14 12:12:52.372 30013  5900 I RobotCore: 0.07284427000000004
04-14 12:12:52.432 30013  5900 I RobotCore: 0.05921369799999998
04-14 12:12:52.492 30013  5900 I RobotCore: 0.05603250000000015
04-14 12:12:52.582 30013  5900 I RobotCore: 0.08857968799999982
04-14 12:12:52.632 30013  5900 I RobotCore: 0.052092968000000184
04-14 12:12:52.692 30013  5900 I RobotCore: 0.05481265599999996
04-14 12:12:52.742 30013  5900 I RobotCore: 0.05106593699999995
04-14 12:12:52.782 30013  5900 I RobotCore: 0.04435484300000003
04-14 12:12:52.842 30013  5900 I RobotCore: 0.061881823
04-14 12:12:52.902 30013  5900 I RobotCore: 0.05499374999999995
04-14 12:12:52.952 30013  5900 I RobotCore: 0.05054682299999991
04-14 12:12:53.002 30013  5900 I RobotCore: 0.05288328100000017
04-14 12:12:53.092 30013  5900 I RobotCore: 0.08344713599999998
04-14 12:12:53.142 30013  5900 I RobotCore: 0.05315031299999995
04-14 12:12:53.202 30013  5900 I RobotCore: 0.056505312999999946
04-14 12:12:53.252 30013  5900 I RobotCore: 0.053079322000000095
04-14 12:12:53.302 30013  5900 I RobotCore: 0.04720755300000001
04-14 12:12:53.352 30013  5900 I RobotCore: 0.05470510399999995
04-14 12:12:53.402 30013  5900 I RobotCore: 0.05234989500000009
04-14 12:12:53.452 30013  5900 I RobotCore: 0.0478516149999999
04-14 12:12:53.502 30013  5900 I RobotCore: 0.04576229200000004
04-14 12:12:53.552 30013  5900 I RobotCore: 0.05025703100000012
04-14 12:12:53.642 30013  5900 I RobotCore: 0.0930576030000001
04-14 12:12:53.882 30013  5900 I RobotCore: 0.117223803
04-14 12:12:53.922 30013  5900 I RobotCore: 0.03771843799999999
04-14 12:12:53.962 30013  5900 I RobotCore: 0.03640473999999999
04-14 12:12:53.992 30013  5900 I RobotCore: 0.037714425999999995
04-14 12:12:54.032 30013  5900 I RobotCore: 0.03697687500000002
04-14 12:12:54.072 30013  5900 I RobotCore: 0.04302234399999999
04-14 12:12:54.122 30013  5900 I RobotCore: 0.05085635400000005
04-14 12:12:54.172 30013  5900 I RobotCore: 0.04992239399999998
04-14 12:12:54.212 30013  5900 I RobotCore: 0.038880468
04-14 12:12:54.252 30013  5900 I RobotCore: 0.038109844999999976
04-14 12:12:54.292 30013  5900 I RobotCore: 0.036964739999999996
04-14 12:12:54.332 30013  5900 I RobotCore: 0.03997822900000003
04-14 12:12:54.382 30013  5900 I RobotCore: 0.04927984400000007
04-14 12:12:54.422 30013  5900 I RobotCore: 0.03769098999999998
04-14 12:12:54.462 30013  5900 I RobotCore: 0.04190463600000005
04-14 12:12:54.502 30013  5900 I RobotCore: 0.039965103999999974
04-14 12:12:54.542 30013  5900 I RobotCore: 0.03897296899999991
04-14 12:12:54.582 30013  5900 I RobotCore: 0.04024536499999998
04-14 12:12:54.642 30013  5900 I RobotCore: 0.058448177000000046
04-14 12:12:54.692 30013  5900 I RobotCore: 0.05046890699999995
04-14 12:12:54.732 30013  5900 I RobotCore: 0.03862374999999996
04-14 12:12:54.762 30013  5900 I RobotCore: 0.03673802100000001
04-14 12:12:54.802 30013  5900 I RobotCore: 0.0371914579999999
04-14 12:12:54.842 30013  5900 I RobotCore: 0.0389117189999999
04-14 12:12:54.882 30013  5900 I RobotCore: 0.04375515600000002
04-14 12:12:54.922 30013  5900 I RobotCore: 0.03759828100000018
04-14 12:12:54.972 30013  5900 I RobotCore: 0.05139416699999999
04-14 12:12:55.022 30013  5900 I RobotCore: 0.04772500000000002
04-14 12:12:55.072 30013  5900 I RobotCore: 0.04696661499999988
04-14 12:12:55.122 30013  5900 I RobotCore: 0.050774478999999983
04-14 12:12:55.202 30013  5900 I RobotCore: 0.07878911399999988
04-14 12:12:55.242 30013  5900 I RobotCore: 0.04076020899999988
04-14 12:12:55.282 30013  5900 I RobotCore: 0.045809114999999956
04-14 12:12:55.332 30013  5900 I RobotCore: 0.04521968799999998
04-14 12:12:55.372 30013  5900 I RobotCore: 0.0378650519999999
04-14 12:12:55.412 30013  5900 I RobotCore: 0.041869895999999907
04-14 12:12:55.452 30013  5900 I RobotCore: 0.037806510999999876
04-14 12:12:55.482 30013  5900 I RobotCore: 0.039256665999999996
04-14 12:12:55.522 30013  5900 I RobotCore: 0.039972292000000076
04-14 12:12:55.562 30013  5900 I RobotCore: 0.037898645999999925
04-14 12:12:55.602 30013  5900 I RobotCore: 0.037867708999999916
04-14 12:12:55.652 30013  5900 I RobotCore: 0.04623640699999987
04-14 12:12:55.712 30013  5900 I RobotCore: 0.0636122910000001
04-14 12:12:55.752 30013  5900 I RobotCore: 0.04365968699999989
04-14 12:12:55.792 30013  5900 I RobotCore: 0.04015192700000014
04-14 12:12:55.832 30013  5900 I RobotCore: 0.039905780000000224
04-14 12:12:55.882 30013  5900 I RobotCore: 0.04183718700000005
04-14 12:12:55.922 30013  5900 I RobotCore: 0.04384307300000012
04-14 12:12:55.962 30013  5900 I RobotCore: 0.039033490000000004
04-14 12:12:56.002 30013  5900 I RobotCore: 0.0399252080000001
04-14 12:12:56.042 30013  5900 I RobotCore: 0.039919478999999924
04-14 12:12:56.082 30013  5900 I RobotCore: 0.03935489500000022
04-14 12:12:56.122 30013  5900 I RobotCore: 0.040651405999999835
04-14 12:12:56.162 30013  5900 I RobotCore: 0.0419323949999999
04-14 12:12:56.232 30013  5900 I RobotCore: 0.07106869799999993
04-14 12:12:56.282 30013  5900 I RobotCore: 0.04700546899999969
04-14 12:12:56.322 30013  5900 I RobotCore: 0.04137380199999985
04-14 12:12:56.372 30013  5900 I RobotCore: 0.05118953100000034
04-14 12:12:56.422 30013  5900 I RobotCore: 0.051133541000000005
04-14 12:12:56.472 30013  5900 I RobotCore: 0.04714588499999994
04-14 12:12:56.522 30013  5900 I RobotCore: 0.04867375000000029
04-14 12:12:56.572 30013  5900 I RobotCore: 0.04494734400000011
04-14 12:12:56.622 30013  5900 I RobotCore: 0.051500052000000185
04-14 12:12:56.672 30013  5900 I RobotCore: 0.0480817189999998
04-14 12:12:56.742 30013  5900 I RobotCore: 0.07338208300000026
04-14 12:12:56.782 30013  5900 I RobotCore: 0.045338488000000066
04-14 12:12:56.832 30013  5900 I RobotCore: 0.04987619700000012
04-14 12:12:56.882 30013  5900 I RobotCore: 0.042979792999999766
04-14 12:12:56.932 30013  5900 I RobotCore: 0.049200208999999884
04-14 12:12:56.972 30013  5900 I RobotCore: 0.047872915999999766
04-14 12:12:57.022 30013  5900 I RobotCore: 0.04952567699999966
04-14 12:12:57.072 30013  5900 I RobotCore: 0.04232651100000018
04-14 12:12:57.112 30013  5900 I RobotCore: 0.04573104200000033
04-14 12:12:57.172 30013  5900 I RobotCore: 0.05326536500000012
04-14 12:12:57.212 30013  5900 I RobotCore: 0.04752427100000034
04-14 12:12:57.302 30013  5900 I RobotCore: 0.09012197900000007
04-14 12:12:57.362 30013  5900 I RobotCore: 0.0560884370000001
04-14 12:12:57.432 30013  5900 I RobotCore: 0.06643921899999983
04-14 12:12:57.482 30013  5900 I RobotCore: 0.04885859399999992
04-14 12:12:57.532 30013  5900 I RobotCore: 0.05644213499999973
04-14 12:12:57.592 30013  5900 I RobotCore: 0.05614765700000035
04-14 12:12:57.642 30013  5900 I RobotCore: 0.051178125000000296
04-14 12:12:57.692 30013  5900 I RobotCore: 0.0524731759999999
04-14 12:12:57.752 30013  5900 I RobotCore: 0.05237932299999981
04-14 12:12:57.832 30013  5900 I RobotCore: 0.08161494800000035
04-14 12:12:57.882 30013  5900 I RobotCore: 0.05476994799999968
04-14 12:12:57.932 30013  5900 I RobotCore: 0.05184906199999961
04-14 12:12:57.992 30013  5900 I RobotCore: 0.05333828200000035
04-14 12:12:58.042 30013  5900 I RobotCore: 0.047850365000000394
04-14 12:12:58.092 30013  5900 I RobotCore: 0.05515718699999983
04-14 12:12:58.142 30013  5900 I RobotCore: 0.04578656300000006
04-14 12:12:58.192 30013  5900 I RobotCore: 0.05640442700000037
04-14 12:12:58.242 30013  5900 I RobotCore: 0.05006281200000018
04-14 12:12:58.302 30013  5900 I RobotCore: 0.051909949000000566
04-14 12:12:58.382 30013  5900 I RobotCore: 0.08043677099999957
04-14 12:12:58.442 30013  5900 I RobotCore: 0.06199791600000015
04-14 12:12:58.492 30013  5900 I RobotCore: 0.05016901000000029
04-14 12:12:58.542 30013  5900 I RobotCore: 0.05005921900000043
04-14 12:12:58.592 30013  5900 I RobotCore: 0.05109687500000071
04-14 12:12:58.652 30013  5900 I RobotCore: 0.056740157000000124
04-14 12:12:58.702 30013  5900 I RobotCore: 0.056091978999999625
04-14 12:12:58.752 30013  5900 I RobotCore: 0.05024911400000054
04-14 12:12:58.812 30013  5900 I RobotCore: 0.05165650999999993
04-14 12:12:58.902 30013  5900 I RobotCore: 0.09326807299999995
04-14 12:12:58.952 30013  5900 I RobotCore: 0.05524484300000054
04-14 12:12:58.992 30013  5900 I RobotCore: 0.04048505200000019
04-14 12:12:59.042 30013  5900 I RobotCore: 0.04714515600000002
04-14 12:12:59.082 30013  5900 I RobotCore: 0.04257656199999982
04-14 12:12:59.132 30013  5900 I RobotCore: 0.04592874999999985
04-14 12:12:59.172 30013  5900 I RobotCore: 0.044372915999999485
04-14 12:12:59.222 30013  5900 I RobotCore: 0.046855573000000206
04-14 12:12:59.272 30013  5900 I RobotCore: 0.04835265600000049
04-14 12:12:59.322 30013  5900 I RobotCore: 0.050724896000000186
04-14 12:12:59.412 30013  5900 I RobotCore: 0.09005578000000014
04-14 12:12:59.462 30013  5900 I RobotCore: 0.045071405999999925
04-14 12:12:59.522 30013  5900 I RobotCore: 0.06078963599999998
04-14 12:12:59.572 30013  5900 I RobotCore: 0.05049119800000046
04-14 12:12:59.622 30013  5900 I RobotCore: 0.05329885400000034
04-14 12:12:59.672 30013  5900 I RobotCore: 0.04418916699999986
04-14 12:12:59.722 30013  5900 I RobotCore: 0.053359894999999824
04-14 12:12:59.772 30013  5900 I RobotCore: 0.05094989599999966
04-14 12:12:59.822 30013  5900 I RobotCore: 0.050799063000000366
04-14 12:12:59.872 30013  5900 I RobotCore: 0.04528114600000066
04-14 12:12:59.952 30013  5900 I RobotCore: 0.08460911500000012
04-14 12:13:10.932 30013 30885 V Robocol : received command: CMD_INIT_OP_MODE(45989) $Stop$Robot$
04-14 12:13:10.942 30013 30884 I RobotCore: ******************** STOP - OPMODE /storage/emulated/0/FIRST/matchlogs/Match-0-Main_Autonomous.txt ********************
04-14 12:13:10.942 30013  6098 I RobotCore: saving match logcat to /storage/emulated/0/FIRST/matchlogs/Match-0-Main_Autonomous.txt
04-14 12:13:10.942 30013  6098 I RobotCore: logging command line: exec logcat -d -T '4-14 12:12:4.000' -f /storage/emulated/0/FIRST/matchlogs/Match-0-Main_Autonomous.txt -n4 -v threadtime UsbRequestJNI:S UsbRequest:S art:W ThreadPool:W System:W ExtendedExtractor:W OMXClient:W MediaPlayer:W dalvikvm:W  *:V
04-14 12:13:10.942 30013  5900 V RobotCore: thread: ...terminating 'LinearOpMode main'
04-14 12:13:10.952 30013 30890 I RobotCore: Attempting to switch to op mode $Stop$Robot$
04-14 12:13:11.072 30013 30923 V Robocol : sending CMD_NOTIFY_INIT_OP_MODE(37282), attempt: 0
04-14 12:13:11.092 30013 30885 V Robocol : received command: CMD_RUN_OP_MODE(45996) $Stop$Robot$
04-14 12:13:11.112 30013 30923 V Robocol : sending CMD_NOTIFY_RUN_OP_MODE(37287), attempt: 0
04-14 12:13:11.272 30013  6098 I RobotCore: Done running exec logcat -d -T '4-14 12:12:4.000' -f /storage/emulated/0/FIRST/matchlogs/Match-0-Main_Autonomous.txt -n4 -v threadtime UsbRequestJNI:S UsbRequest:S art:W ThreadPool:W System:W ExtendedExtractor:W OMXClient:W MediaPlayer:W dalvikvm:W  *:V
04-14 12:13:11.272 30013  6098 I RobotCore: exiting match logcat for /storage/emulated/0/FIRST/matchlogs/Match-0-Main_Autonomous.txt
04-14 12:15:22.422 30013 30885 V Robocol : received command: CMD_INIT_OP_MODE(47641) $Stop$Robot$
04-14 12:15:22.422 30013 30890 I RobotCore: Attempting to switch to op mode $Stop$Robot$
04-14 12:15:22.512 30013 30923 V Robocol : sending CMD_NOTIFY_INIT_OP_MODE(39044), attempt: 0
04-14 12:15:22.572 30013 30885 V Robocol : received command: CMD_RUN_OP_MODE(47648) $Stop$Robot$
04-14 12:15:22.592 30013 30923 V Robocol : sending CMD_NOTIFY_RUN_OP_MODE(39050), attempt: 0
04-14 12:15:23.972 30013 30885 V Robocol : received command: CMD_SET_MATCH_NUMBER(47670) 0
04-14 12:15:23.972 30013 30885 V Robocol : received command: CMD_INIT_OP_MODE(47671) TeleOp
04-14 12:15:24.002 30013 30884 I RobotCore: ******************** START - OPMODE TeleOp ********************
04-14 12:15:24.002 30013 30890 I RobotCore: Attempting to switch to op mode TeleOp
04-14 12:15:24.062 30013 30890 W LynxPwmOutputController: LynxSetPWMEnableCommand not implemented by lynx hw; ignoring
04-14 12:15:24.072 30013 30890 W LynxPwmOutputController: LynxSetPWMConfigurationCommand not implemented by lynx hw; ignoring
04-14 12:15:24.072 30013 30890 W LynxPwmOutputController: LynxSetPWMEnableCommand not implemented by lynx hw; ignoring
04-14 12:15:24.082 30013 30890 W LynxPwmOutputController: LynxSetPWMConfigurationCommand not implemented by lynx hw; ignoring
04-14 12:15:24.082 30013 30890 W LynxPwmOutputController: LynxSetPWMEnableCommand not implemented by lynx hw; ignoring
04-14 12:15:24.092 30013 30890 W LynxPwmOutputController: LynxSetPWMConfigurationCommand not implemented by lynx hw; ignoring
04-14 12:15:24.092 30013 30890 W LynxPwmOutputController: LynxSetPWMEnableCommand not implemented by lynx hw; ignoring
04-14 12:15:24.102 30013 30890 W LynxPwmOutputController: LynxSetPWMConfigurationCommand not implemented by lynx hw; ignoring
04-14 12:15:24.102 30013 30890 W LynxPwmOutputController: LynxSetPWMEnableCommand not implemented by lynx hw; ignoring
04-14 12:15:24.112 30013 30890 W LynxPwmOutputController: LynxSetPWMConfigurationCommand not implemented by lynx hw; ignoring
04-14 12:15:24.112 30013 30890 W LynxPwmOutputController: LynxSetPWMEnableCommand not implemented by lynx hw; ignoring
04-14 12:15:24.122 30013 30890 W LynxPwmOutputController: LynxSetPWMConfigurationCommand not implemented by lynx hw; ignoring
04-14 12:15:24.122 30013 30890 W LynxPwmOutputController: LynxSetPWMEnableCommand not implemented by lynx hw; ignoring
04-14 12:15:24.132 30013 30890 W LynxPwmOutputController: LynxSetPWMConfigurationCommand not implemented by lynx hw; ignoring
04-14 12:15:24.142 30013 30890 W LynxPwmOutputController: LynxSetPWMEnableCommand not implemented by lynx hw; ignoring
04-14 12:15:24.142 30013 30890 W LynxPwmOutputController: LynxSetPWMConfigurationCommand not implemented by lynx hw; ignoring
04-14 12:15:24.512 30013 30923 V Robocol : sending CMD_NOTIFY_INIT_OP_MODE(39086), attempt: 0
04-14 12:15:24.512 30013  6555 V RobotCore: thread: 'LinearOpMode main' starting...
04-14 12:15:24.702 30013 30885 V Robocol : received command: CMD_RUN_OP_MODE(47687) TeleOp
04-14 12:15:24.752 30013 30923 V Robocol : sending CMD_NOTIFY_RUN_OP_MODE(39093), attempt: 0
04-14 12:16:46.612 30013 30885 V Robocol : received command: CMD_INIT_OP_MODE(49638) $Stop$Robot$
04-14 12:16:46.622 30013 30884 I RobotCore: ******************** STOP - OPMODE /storage/emulated/0/FIRST/matchlogs/Match-0-TeleOp.txt ********************
04-14 12:16:46.632 30013 30884 I RobotCore: Pruning old logs deleting Match-0-Main_Autonomous.txt
04-14 12:16:46.642 30013  6853 I RobotCore: saving match logcat to /storage/emulated/0/FIRST/matchlogs/Match-0-TeleOp.txt
