04-20 06:30:47.210  4871  8140 V OpmodeRegistration: registered {SplineTestOpMode} as {SplineTestOpMode}
04-20 06:30:47.210  4871  8140 V OpmodeRegistration: registered {ServoTestOpMode} as {Servo Tester}
04-20 06:30:47.210  4871  8140 V OpmodeRegistration: registered {DriveVelocityPIDTuner} as {DriveVelocityPIDTuner}
04-20 06:30:47.210  4871  8140 V OpmodeRegistration: registered {CoordinateTest} as {Corrdinate Testing}
04-20 06:30:47.210  4871  4871 D WifiDirect: cannot create group, does group already exist?
04-20 06:30:47.210  4871  8140 V OpmodeRegistration: registered {TurnTestOpMode} as {TurnTestOpMode}
04-20 06:30:47.210  4871  8140 V OpmodeRegistration: registered {ArmTest} as {Arm Test}
04-20 06:30:47.210  4871  8140 V OpmodeRegistration: registered {TrajectoryViewerOpMode} as {Trajectory Viewer}
04-20 06:30:47.210  4871  8140 V OpmodeRegistration: registered {DistanceSensorTest} as {Distance Test?}
04-20 06:30:47.210  4871  8140 V OpmodeRegistration: registered {TelemetryOpmode} as {TeleOp}
04-20 06:30:47.210  4871  8140 V OpmodeRegistration: registered {StraightTestOpMode} as {StraightTestOpMode}
04-20 06:30:47.210  4871  8140 V OpmodeRegistration: registered {DriveFFTuningOpMode} as {DriveFFTuningOpMode}
04-20 06:30:47.210  4871  8140 V OpmodeRegistration: registered {SelectParameters} as {Select Parameters}
04-20 06:30:47.210  4871  8140 V OpmodeRegistration: registered {ResetArmEncoders} as {Reset arm encoders}
04-20 06:30:47.220  4871  8140 V OpmodeRegistration: registered {JointControllerTest} as {Joint controller test}
04-20 06:30:47.220  4871  8140 V OpmodeRegistration: registered {Autonomous} as {Main Autonomous}
04-20 06:30:47.220  4871  8140 V OpmodeRegistration: registered {Vuforia_Test} as {Vuforia_Test}
04-20 06:30:47.220  4871  8140 V OpmodeRegistration: registered {AutoScoreConcept} as {auto score test}
04-20 06:30:47.220  4871  8140 V OpmodeRegistration: registered {FollowerPIDTuner} as {FollowerPIDTuner}
04-20 06:30:47.220  4871  8140 V OpmodeRegistration: registered {NewTrackWidthCalibrationOpMode} as {NewTrackWidthCalibrationOpMode}
04-20 06:30:47.220  4871  8140 V OpmodeRegistration: registered {AutoCalibrateOpMode} as {AutoCalibrate}
04-20 06:30:47.250  4871  8198 D Robocol : RobocolDatagramSocket listening addr=/192.168.49.1:20884 cbRec=65520 cbSend=163840 msRecTO=300
04-20 06:30:47.250  4871  8198 V Robocol : RecvLoopRunnable created
04-20 06:30:47.250  4871  8198 V PeerDiscovery: Starting peer discovery remote: /192.168.49.1 local: /192.168.49.1
04-20 06:30:47.250  4871  8198 V PeerDiscovery: No need for peer discovery, we are the peer discovery device
04-20 06:30:47.250  4871  8202 V RobotCore: thread: 'RecvLoopRunnable.run()' starting...
04-20 06:30:47.250  4871  8198 V RobotCore: Setup complete
04-20 06:30:47.250  4871  8198 V RobotCore: thread: ...terminating 'SetupRunnable.run()'
04-20 06:30:47.280  4871  8140 V HardwareFactory: createHardwareMap()
04-20 06:30:47.280  4871  8140 V WifiDirectInviteMonitor: clearUILynxModule()
04-20 06:30:47.290  4871  8140 V RobotCore: Creating Webcam [3F2DF43F]
04-20 06:30:47.290  4871  8140 V CameraManager: construct(hash=0x0190f2b8|inst#=0)
04-20 06:30:47.350  4871  8140 D Uvc     : [jni.cpp:72] JNI_OnLoad()...
04-20 06:30:47.350  4871  8140 D Uvc     : [JniEnv.h:32] ScopedJniEnv::onJniLoad()...
04-20 06:30:47.350  4871  8140 D Uvc     : [JniEnv.h:32] ...ScopedJniEnv::onJniLoad()
04-20 06:30:47.350  4871  8140 D Uvc     : [jni.cpp:72] ...JNI_OnLoad()
04-20 06:30:47.350  4871  8140 I AppUtil : found usbFileSystemRoot: /dev/bus/usb
04-20 06:30:47.360  4871  8140 I CameraManager: found USB file system root: /dev/bus/usb
04-20 06:30:47.360  4871  8140 D libusb  : [ 0.000144] [00001fcc] libusb: debug [op_init] sysfs(/sys/bus/usb/devices) available
04-20 06:30:47.360  4871  8140 D libusb  : [ 0.000191] [00001fcc] libusb: debug [op_init] sysfs can relate devices
04-20 06:30:47.360  4871  8140 D libusb  : [ 0.000208] [00001fcc] libusb: debug [op_init] sysfs has complete descriptors
04-20 06:30:47.360  4871  8140 D libusb  : [ 0.000220] [00001fcc] libusb: debug [op_init] sysfs has serial numbers
04-20 06:30:47.360  4871  8140 V UvcContext: construct(pointer=0xae00ac30|inst#=0)
04-20 06:30:47.360  4871  8140 D libusb  : [ 0.004288] [00001fcc] libusb: debug [op_init] sysfs(/sys/bus/usb/devices) available
04-20 06:30:47.360  4871  8140 D libusb  : [ 0.004308] [00001fcc] libusb: debug [op_init] sysfs can relate devices
04-20 06:30:47.360  4871  8140 D libusb  : [ 0.004322] [00001fcc] libusb: debug [op_init] sysfs has complete descriptors
04-20 06:30:47.360  4871  8140 D libusb  : [ 0.004335] [00001fcc] libusb: debug [op_init] sysfs has serial numbers
04-20 06:30:47.370  4871  8140 V UvcContext: construct(pointer=0xae00ac90|inst#=1)
04-20 06:30:47.370  4871  8140 V RobotCore: Creating REV Robotics USB Expansion Hub Portal [DQ2FYPMN]
04-20 06:30:47.370  4871  8140 V LynxUsb : creating new [DQ2FYPMN]: 0x02c253f6
04-20 06:30:47.380  4871  8140 V FtDevice: initialize(vid=0x0403 pid=0x6015 bcdDevice=0x1000)
04-20 06:30:47.390  4871  8140 V MonitoredUsbDeviceConnection: closing UsbDeviceConnection(DQ2FYPMN)
04-20 06:30:47.390  4871  8140 D UsbDeviceConnectionJNI: close
04-20 06:30:47.390  4871  8140 V MonitoredUsbDeviceConnection: closing UsbDeviceConnection(DQ2FYPMN)
04-20 06:30:47.390  4871  8140 D UsbDeviceConnectionJNI: close
04-20 06:30:47.390  4871  8140 V FtDeviceManager: createDeviceInfoList(): 1 USB devices
04-20 06:30:47.390  4871  8140 V FtDevice: vv********************DQ2FYPMN opening********************vv 0x0f302ccd
04-20 06:30:47.390  4871  8140 V FtDevice: ^^********************DQ2FYPMN opened ********************^^
04-20 06:30:47.390  4871  8140 V FtDevice: resetting DQ2FYPMN
04-20 06:30:47.400  4871  8140 V LynxUsb : armDevice() serial=DQ2FYPMN...
04-20 06:30:47.400  4871  8140 V LynxModule: resetDevice() serial=DQ2FYPMN
04-20 06:30:47.560  4871  8202 E Robocol : exception SocketTimeoutException(null): no packet received [libcore.io.IoBridge.maybeThrowAfterRecvfrom(IoBridge.java:594)]
04-20 06:30:47.750  4871  8140 V LynxUsb : ...done armDevice()
04-20 06:30:47.760  4871  8140 V LynxUsb : 0x019fc8c9 on 0x02c253f6: new delegate to [DQ2FYPMN]
04-20 06:30:47.760  4871  8140 V RobotCore: Creating Lynx Module - mod=1 parent=true
04-20 06:30:47.760  4871  8211 V RobotCore: thread: 'lynx incoming datagrams' starting...
04-20 06:30:47.770  4871  8140 V RobotCore: Creating Lynx Module - mod=2 parent=false
04-20 06:30:47.770  4871  8140 V LynxUsb : addConfiguredModule() module#=1
04-20 06:30:47.770  4871  8140 V LynxModule: pingAndQueryKnownInterfaces mod=1
04-20 06:30:47.780  4871  8211 V LynxUsb : synchronization gained: serial=DQ2FYPMN
04-20 06:30:47.810  4871  8140 V LynxModule: mod#=1 queryInterface(DEKA)=54 commands starting at 4096
04-20 06:30:47.820  4871  8140 V LynxModule: sending LynxFtdiResetControlCommand(true) wasInterrupted=false
04-20 06:30:47.830  4871  8212 V LynxModule: received status: LynxGetModuleStatusResponse(status=0x02 alerts=0x00: Reset)
04-20 06:30:47.830  4871  8140 V LynxModule: sendLEDPatternSteps(): #steps=4
04-20 06:30:47.850  4871  8140 V LynxUsb : addConfiguredModule() module#=2
04-20 06:30:47.850  4871  8140 V LynxModule: pingAndQueryKnownInterfaces mod=2
04-20 06:30:47.860  4871  8140 V LynxModule: mod#=2 queryInterface(DEKA)=49 commands starting at 4096
04-20 06:30:47.870  4871  8140 V LynxModule: mod#=2 intf=DEKA: expected 54 commands; found 49
04-20 06:30:47.880  4871  8140 V LynxModule: sendLEDPatternSteps(): #steps=6
04-20 06:30:47.880  4871  8213 V LynxModule: received status: LynxGetModuleStatusResponse(status=0x02 alerts=0x00: Reset)
04-20 06:30:47.900  4871  8140 V LynxMotor: initializeHardware() mod#=1
04-20 06:30:47.950  4871  8140 V RobotCore: DcMotorImpl(type=NeveRest60Gearmotor)
04-20 06:30:47.950  4871  8140 V RobotCore: DcMotorImpl(type=NeveRest60Gearmotor)
04-20 06:30:47.950  4871  8140 V RobotCore: DcMotorImpl(type=NeveRest60Gearmotor)
04-20 06:30:47.950  4871  8140 V RobotCore: DcMotorImpl(type=NeveRest60Gearmotor)
04-20 06:30:47.950  4871  8140 V LynxServoController: initializeHardware() mod#=1
04-20 06:30:47.990  4871  8140 V LynxVoltageSensor: initializeHardware() mod#=1
04-20 06:30:47.990  4871  8140 V LynxPwmOutputController: initializeHardware() mod#=1
04-20 06:30:48.000  4871  8140 W LynxPwmOutputController: LynxSetPWMEnableCommand not implemented by lynx hw; ignoring
04-20 06:30:48.000  4871  8140 W LynxPwmOutputController: LynxSetPWMConfigurationCommand not implemented by lynx hw; ignoring
04-20 06:30:48.000  4871  8140 W LynxPwmOutputController: LynxSetPWMEnableCommand not implemented by lynx hw; ignoring
04-20 06:30:48.010  4871  8140 W LynxPwmOutputController: LynxSetPWMConfigurationCommand not implemented by lynx hw; ignoring
04-20 06:30:48.010  4871  8140 W LynxPwmOutputController: LynxSetPWMEnableCommand not implemented by lynx hw; ignoring
04-20 06:30:48.020  4871  8140 W LynxPwmOutputController: LynxSetPWMConfigurationCommand not implemented by lynx hw; ignoring
04-20 06:30:48.020  4871  8140 W LynxPwmOutputController: LynxSetPWMEnableCommand not implemented by lynx hw; ignoring
04-20 06:30:48.020  4871  8140 W LynxPwmOutputController: LynxSetPWMConfigurationCommand not implemented by lynx hw; ignoring
04-20 06:30:48.020  4871  8140 V LynxAnalogInputController: initializeHardware() mod#=1
04-20 06:30:48.020  4871  8140 V LynxDigitalChannelController: initializeHardware() mod#=1
04-20 06:30:48.050  4871  8140 V RobotCore: Creating user sensor Adafruit IMU - on Lynx module=1 bus=1
04-20 06:30:48.050  4871  8140 V RobotCore: Creating I2cDeviceSynch (Lynx) - mod=1 bus=1
04-20 06:30:48.050  4871  8140 I RobotCore: LynxFirmwareVersionManager: LynxI2cDeviceSynchV2
04-20 06:30:48.050  4871  8140 V LynxI2cDeviceSynch: initializeHardware() mod#=1
04-20 06:30:48.060  4871  8140 V RobotCore: Creating user sensor Adafruit IMU - on Lynx module=1 bus=0
04-20 06:30:48.060  4871  8140 V RobotCore: Creating I2cDeviceSynch (Lynx) - mod=1 bus=0
04-20 06:30:48.060  4871  8140 I RobotCore: LynxFirmwareVersionManager: LynxI2cDeviceSynchV2
04-20 06:30:48.060  4871  8140 V LynxI2cDeviceSynch: initializeHardware() mod#=1
04-20 06:30:48.060  4871  8140 V LynxMotor: initializeHardware() mod#=2
04-20 06:30:48.130  4871  8140 V RobotCore: DcMotorImpl(type=NeveRest40Gearmotor)
04-20 06:30:48.130  4871  8140 V RobotCore: DcMotorImpl(type=NeveRest40Gearmotor)
04-20 06:30:48.130  4871  8140 V RobotCore: DcMotorImpl(type=NeveRest40Gearmotor)
04-20 06:30:48.130  4871  8140 V RobotCore: DcMotorImpl(type=NeveRest40Gearmotor)
04-20 06:30:48.130  4871  8140 V LynxServoController: initializeHardware() mod#=2
04-20 06:30:48.170  4871  8140 V LynxVoltageSensor: initializeHardware() mod#=2
04-20 06:30:48.170  4871  8140 V LynxPwmOutputController: initializeHardware() mod#=2
04-20 06:30:48.180  4871  8140 W LynxPwmOutputController: LynxSetPWMEnableCommand not implemented by lynx hw; ignoring
04-20 06:30:48.190  4871  8140 W LynxPwmOutputController: LynxSetPWMConfigurationCommand not implemented by lynx hw; ignoring
04-20 06:30:48.190  4871  8140 W LynxPwmOutputController: LynxSetPWMEnableCommand not implemented by lynx hw; ignoring
04-20 06:30:48.200  4871  8140 W LynxPwmOutputController: LynxSetPWMConfigurationCommand not implemented by lynx hw; ignoring
04-20 06:30:48.210  4871  8140 W LynxPwmOutputController: LynxSetPWMEnableCommand not implemented by lynx hw; ignoring
04-20 06:30:48.210  4871  8140 W LynxPwmOutputController: LynxSetPWMConfigurationCommand not implemented by lynx hw; ignoring
04-20 06:30:48.220  4871  8140 W LynxPwmOutputController: LynxSetPWMEnableCommand not implemented by lynx hw; ignoring
04-20 06:30:48.220  4871  8140 W LynxPwmOutputController: LynxSetPWMConfigurationCommand not implemented by lynx hw; ignoring
04-20 06:30:48.220  4871  8140 V LynxAnalogInputController: initializeHardware() mod#=2
04-20 06:30:48.220  4871  8140 V LynxDigitalChannelController: initializeHardware() mod#=2
04-20 06:30:48.250  4871  8140 I RobotCore: ========= Device Information ===================================================
04-20 06:30:48.250  4871  8140 I RobotCore: Type                                               Name                           Connection
04-20 06:30:48.250  4871  8140 I RobotCore: Continuous Rotation Servo                          intake                         USB DQ2FYPMN; module 1; port 3
04-20 06:30:48.250  4871  8140 I RobotCore: Motor                                              frontLeft                      USB DQ2FYPMN; module 2; port 2
04-20 06:30:48.250  4871  8140 I RobotCore: Servo                                              pawServo                       USB DQ2FYPMN; module 2; port 1
04-20 06:30:48.250  4871  8140 I RobotCore: Expansion Hub DC Motor Controller                  Expansion Hub 1                USB DQ2FYPMN; module 1
04-20 06:30:48.250  4871  8140 I RobotCore: Expansion Hub Servo Controller                     Expansion Hub 1                USB DQ2FYPMN; module 1
04-20 06:30:48.250  4871  8140 I RobotCore: Expansion Hub Voltage Sensor                       Expansion Hub 1                USB DQ2FYPMN; module 1
04-20 06:30:48.250  4871  8140 I RobotCore: Expansion Hub Pwm Controller                       Expansion Hub 1                USB DQ2FYPMN; module 1
04-20 06:30:48.260  4871  8140 I RobotCore: Expansion Hub Analog Input Controller              Expansion Hub 1                USB DQ2FYPMN; module 1
04-20 06:30:48.260  4871  8140 I RobotCore: Expansion Hub Digital Channel Controller           Expansion Hub 1                USB DQ2FYPMN; module 1
04-20 06:30:48.260  4871  8140 I RobotCore: Expansion Hub (HW: 20, Maj: 1, Min: 8, Eng: 2)     Expansion Hub 1                USB DQ2FYPMN; module 1
04-20 06:30:48.260  4871  8140 I RobotCore: Motor                                              backLeft                       USB DQ2FYPMN; module 2; port 3
04-20 06:30:48.260  4871  8140 I RobotCore: Servo                                              backServo                      USB DQ2FYPMN; module 2; port 0
04-20 06:30:48.260  4871  8140 I RobotCore: Servo                                              doorServo                      USB DQ2FYPMN; module 1; port 2
04-20 06:30:48.260  4871  8140 I RobotCore: Servo                                              sorterPivot                    USB DQ2FYPMN; module 2; port 3
04-20 06:30:48.260  4871  8140 I RobotCore: Motor                                              backRight                      USB DQ2FYPMN; module 2; port 1
04-20 06:30:48.260  4871  8140 I RobotCore: Expansion Hub DC Motor Controller                  Expansion Hub 2                USB DQ2FYPMN; module 2
04-20 06:30:48.260  4871  8140 I RobotCore: Expansion Hub Servo Controller                     Expansion Hub 2                USB DQ2FYPMN; module 2
04-20 06:30:48.260  4871  8140 I RobotCore: Expansion Hub Voltage Sensor                       Expansion Hub 2                USB DQ2FYPMN; module 2
04-20 06:30:48.260  4871  8140 I RobotCore: Expansion Hub Pwm Controller                       Expansion Hub 2                USB DQ2FYPMN; module 2
04-20 06:30:48.260  4871  8140 I RobotCore: Expansion Hub Analog Input Controller              Expansion Hub 2                USB DQ2FYPMN; module 2
04-20 06:30:48.260  4871  8140 I RobotCore: Expansion Hub Digital Channel Controller           Expansion Hub 2                USB DQ2FYPMN; module 2
04-20 06:30:48.270  4871  8140 I RobotCore: Expansion Hub (HW: 20, Maj: 1, Min: 7, Eng: 2)     Expansion Hub 2                USB DQ2FYPMN; module 2
04-20 06:30:48.270  4871  8140 I RobotCore: Motor                                              intakeJoint                    USB DQ2FYPMN; module 1; port 1
04-20 06:30:48.270  4871  8140 I RobotCore: Adafruit IMU                                       imu                            USB DQ2FYPMN; module 1; bus 0; addr7=0x00
04-20 06:30:48.270  4871  8140 I RobotCore: Logitech HD Pro Webcam C920                        Webcam 1                       USB (3F2DF43F)
04-20 06:30:48.270  4871  8140 I RobotCore: Servo                                              samplingServo                  USB DQ2FYPMN; module 2; port 2
04-20 06:30:48.270  4871  8140 I RobotCore: Motor                                              frontRight                     USB DQ2FYPMN; module 2; port 0
04-20 06:30:48.270  4871  8140 I RobotCore: Motor                                              secondJoint                    USB DQ2FYPMN; module 1; port 3
04-20 06:30:48.280  4871  8140 I RobotCore: Adafruit IMU                                       jointImu                       USB DQ2FYPMN; module 1; bus 1; addr7=0x00
04-20 06:30:48.280  4871  8140 I RobotCore: Motor                                              linearSlider                   USB DQ2FYPMN; module 1; port 2
04-20 06:30:48.280  4871  8140 I RobotCore: Motor                                              firstJoint                     USB DQ2FYPMN; module 1; port 0
04-20 06:30:48.280  4871  8140 I RobotCore: REV Robotics USB Expansion Hub Portal              Expansion Hub Portal 1         USB DQ2FYPMN
04-20 06:30:48.280  4871  8140 I FtcEventLoop: ======= INIT FINISH =======
04-20 06:30:48.280  4871  8140 V RobotCore: EventLoopManager state is RUNNING
04-20 06:30:48.290  4871  8140 V MediaPlayer-JNI: native_setup
04-20 06:30:48.290  4871  8140 E ExtMediaPlayer-JNI: env->IsInstanceOf fails
04-20 06:30:48.290  4871  8140 E MediaPlayer-JNI: JNIMediaPlayerFactory: bIsQCMediaPlayerPresent 0
04-20 06:30:48.290  4871  8140 E ExtMediaPlayer-JNI: env->IsInstanceOf fails
04-20 06:30:48.290  4871  8140 E MediaPlayer-JNI: JNIMediaPlayerFactory: bIsQCMediaPlayerPresent 0
04-20 06:30:48.320  4871  8140 V MediaPlayer-JNI: setParameter: key 1400
04-20 06:30:48.320  4871  8140 V MediaPlayer-JNI: setAudioStreamType: 3
04-20 06:30:48.320  4871  8140 V MediaPlayer-JNI: set_session_id(): 31
04-20 06:30:48.330  4871  8140 V RobotCore: Robot Status: running, starting robot
04-20 06:30:48.330  4871  8140 V RobotCore: Robot Status: running
04-20 06:30:48.330  4871  8140 V RobotCore: thread: ...terminating 'RobotSetupRunnable.run()'
04-20 06:30:48.330  4871  8223 V MediaPlayer-JNI: reset
04-20 06:30:48.340  4871  8223 V MediaPlayer-JNI: setDataSourceFD: fd 95
04-20 06:30:48.340  4871  8224 V RobotCore: thread: 'opmode loop()' starting...
04-20 06:30:48.340  4871  8224 D RobotCore: system telemetry: key=$System$None$ msg=""
04-20 06:30:48.440  4871  4885 W MediaPlayer: info/warning (10973, 0)
04-20 06:30:48.450  4871  8223 V MediaPlayer-JNI: getDuration: 1019 (msec)
04-20 06:30:48.450  4871  8223 V SoundInfo: construct(0x0ef3c449)
04-20 06:30:48.510  4871  7774 D SoundPlayer: onLoadComplete(samp=1|ms=1019, samp=1)=0
04-20 06:30:48.510  4871  8223 W AudioTrack: AUDIO_OUTPUT_FLAG_FAST denied by client; transfer 4, track 8000 Hz, output 48000 Hz
04-20 06:30:48.530  4871  8223 D SoundPlayer: playing volume=1.000000 samp=1|ms=1019
04-20 06:30:48.840  4871  8224 V FtcEventLoop: processedRecentlyAttachedUsbDevices(): 3F2DF43F not in hwmap; ignoring
04-20 06:30:48.850  4871  8224 V FtcEventLoop: processedRecentlyAttachedUsbDevices(): DQ2FYPMN not in hwmap; ignoring
04-20 06:30:48.860  4871  8224 I RobotCore: Attempting to switch to op mode $Stop$Robot$
04-20 06:31:40.430  4871  4879 V UvcContext: finalize(pointer=0xae00ac30|inst#=0)
04-20 06:31:40.430  4871  4879 V UvcContext: destroy(pointer=0xae00ac30|inst#=0)
04-20 06:31:40.430  4871  4879 D Uvc     : [init.cpp:131] calling libusb_exit()
04-20 06:32:19.720  4871  4871 D ViewRootImpl: ViewPostImeInputStage processPointer 0
04-20 06:32:23.570  4871  4871 D ViewRootImpl: ViewPostImeInputStage processPointer 1
04-20 06:32:26.380  4871  7774 V NetDiscover_wifiDirectAgent_bcast: peers found: count=1
04-20 06:32:26.380  4871  7774 V NetDiscover_wifiDirectAgent_bcast:     peer: d2:5b:a8:31:5e:25 11212-A-DS
04-20 06:32:26.380  4871  4871 D WifiDirect: broadcast: peers changed
04-20 06:32:26.600  4871  4871 V WifiDirect: peers found: 1
04-20 06:32:26.600  4871  4871 V WifiDirect:     peer: d2:5b:a8:31:5e:25 11212-A-DS
04-20 06:32:26.600  4871  4871 I EventLoopManager: onNetworkConnectionEvent: PEERS_AVAILABLE
04-20 06:32:35.790  4871  4871 D ViewRootImpl: ViewPostImeInputStage processKey 0
04-20 06:32:35.800  4871  4871 D ViewRootImpl: ViewPostImeInputStage processKey 1
04-20 06:32:35.820  4871  4871 D AbsListView: Get MotionRecognitionManager
04-20 06:32:35.830  4871  4871 E MotionRecognitionManager: mSContextService = android.hardware.scontext.ISContextService$Stub$Proxy@de48c03
04-20 06:32:35.830  4871  4871 E MotionRecognitionManager: motionService = com.samsung.android.motion.IMotionRecognitionService$Stub$Proxy@a4ab780
04-20 06:32:35.830  4871  4871 E MotionRecognitionManager: motionService = com.samsung.android.motion.IMotionRecognitionService$Stub$Proxy@a4ab780
04-20 06:32:35.850  4871  4871 D ViewRootImpl: #1 mView = com.android.internal.policy.PhoneWindow$DecorView{2b951b9 V.E...... ......I. 0,0-0,0}
04-20 06:32:35.990  4871  4871 D ViewRootImpl: MSG_RESIZED_REPORT: ci=Rect(0, 0 - 0, 0) vi=Rect(0, 0 - 0, 0) or=2
04-20 06:32:46.310  4871  4871 D ViewRootImpl: ViewPostImeInputStage processPointer 0
04-20 06:32:46.320  4871  4871 D ViewRootImpl: #3 mView = null
04-20 06:32:46.340  4871  4871 E ViewRootImpl: sendUserActionEvent() mView == null
04-20 06:32:57.570  4871  4871 V RCActivity: onPause()
04-20 06:32:57.710  4871  4871 V MTPMonitorService: onConfigurationChanged()
04-20 06:32:57.710  4871  4871 V OnBotJavaService: onConfigurationChanged()
04-20 06:32:57.720  4871  4871 D ViewRootImpl: MSG_RESIZED_REPORT: ci=Rect(0, 0 - 0, 0) vi=Rect(0, 0 - 0, 0) or=1
04-20 06:32:57.990  4871  4871 V RCActivity: onStop()
04-20 06:32:57.990  4871  4871 V ActivityThread: updateVisibility : ActivityRecord{c27a912 token=android.os.BinderProxy@eebaf61 {com.qualcomm.ftcrobotcontroller/org.firstinspires.ftc.robotcontroller.internal.FtcRobotControllerActivity}} show : false
04-20 06:32:58.030  4871  4871 V MTPMonitorService: onTrimMemory()
04-20 06:32:58.030  4871  4871 V OnBotJavaService: onTrimMemory()
04-20 06:33:03.170  4871  4871 V AppUtil : rootActivity=FtcRobotControllerActivity destroyed
04-20 06:33:03.170  4871  4871 V RCActivity: onDestroy()
04-20 06:33:03.170  4871  4871 V Robocol : EventLoopManager.shutdown()
04-20 06:33:03.170  4871  8224 V RobotCore: EventLoopRunnable interrupted
04-20 06:33:03.170  4871  8224 V RobotCore: EventLoopManager state is STOPPED
04-20 06:33:03.170  4871  8224 V RobotCore: Robot Status: stopped
04-20 06:33:03.170  4871  8224 I FtcEventLoop: ======= TEARDOWN =======
04-20 06:33:03.180  4871  8224 V LynxUsb : 0x019fc8c9 on 0x02c253f6: releasing delegate to [DQ2FYPMN]
04-20 06:33:03.180  4871  8224 V LynxModule: close(#1)
04-20 06:33:03.180  4871  8224 V LynxModule: sending LynxFtdiResetControlCommand(false) wasInterrupted=true
04-20 06:33:03.180  4871  8224 V LynxModule: close(#2)
04-20 06:33:03.180  4871  8224 V LynxUsb : disarmDevice() serial=DQ2FYPMN...
04-20 06:33:03.180  4871  8224 V LynxUsb : shutting down incoming datagrams
04-20 06:33:03.180  4871  8211 V RobotCore: thread: ...terminating 'lynx incoming datagrams'
04-20 06:33:03.280  4871  8224 V RobotUsbDeviceFtdi: closing DQ2FYPMN
04-20 06:33:03.280  4871  8224 V FtDevice: vv********************DQ2FYPMN closing********************vv 0x0f302ccd
04-20 06:33:03.280  4871  8224 V FtDevice: DQ2FYPMN stopping thread readBufferManager
04-20 06:33:03.280  4871  8206 V FtDevice: DQ2FYPMN thread readBufferManager is stopped
04-20 06:33:03.280  4871  8224 V FtDevice: DQ2FYPMN stopping thread bulkPacketInWorker
04-20 06:33:03.290  4871  8205 V FtDevice: DQ2FYPMN thread bulkPacketInWorker is stopped
04-20 06:33:03.290  4871  8224 V MonitoredUsbDeviceConnection: closing UsbDeviceConnection(DQ2FYPMN)
04-20 06:33:03.290  4871  8224 D UsbDeviceConnectionJNI: close
04-20 06:33:03.290  4871  8224 V FtDevice: ^^********************DQ2FYPMN closed ********************^^
04-20 06:33:03.290  4871  8224 V LynxUsb : ...done disarmDevice()
04-20 06:33:03.300  4871  8224 I FtcEventLoop: ======= TEARDOWN COMPLETE =======
04-20 06:33:03.300  4871  8224 V RobotCore: thread: ...terminating 'opmode loop()'
04-20 06:33:03.300  4871  8224 V EventLoopManager: switching to idleEventLoop
04-20 06:33:03.300  4871  8224 I FtcEventLoopIdle: ------- idle init --------
04-20 06:33:03.300  4871  8224 V RobotCore: thread: 'opmode loop()' starting...
04-20 06:33:05.670  4871  4871 E RobotCore: thread id=631 tid=8224 name="opmode loop()" 
04-20 06:33:05.670  4871  4871 E RobotCore:     at java.lang.Thread.sleep(Native Method)
04-20 06:33:05.670  4871  4871 E RobotCore:     at java.lang.Thread.sleep(Thread.java:1031)
04-20 06:33:05.670  4871  4871 E RobotCore:     at java.lang.Thread.sleep(Thread.java:985)
04-20 06:33:05.670  4871  4871 E RobotCore:     at com.qualcomm.robotcore.eventloop.EventLoopManager$EventLoopRunnable$1.run(EventLoopManager.java:260)
04-20 06:33:05.680  4871  4871 E RobotCore:     at com.qualcomm.robotcore.util.ThreadPool.logThreadLifeCycle(ThreadPool.java:737)
04-20 06:33:05.680  4871  4871 E RobotCore:     at com.qualcomm.robotcore.eventloop.EventLoopManager$EventLoopRunnable.run(EventLoopManager.java:239)
04-20 06:33:05.680  4871  4871 E RobotCore:     at com.qualcomm.robotcore.eventloop.EventLoopManager$1.run(EventLoopManager.java:582)
04-20 06:33:05.680  4871  4871 E RobotCore:     at java.util.concurrent.ThreadPoolExecutor.runWorker(ThreadPoolExecutor.java:1113)
04-20 06:33:05.680  4871  4871 E RobotCore:     at java.util.concurrent.ThreadPoolExecutor$Worker.run(ThreadPoolExecutor.java:588)
04-20 06:33:05.680  4871  4871 E RobotCore:     at com.qualcomm.robotcore.util.ThreadPool$ThreadFactoryImpl$1.run(ThreadPool.java:793)
04-20 06:33:05.680  4871  4871 E RobotCore:     at java.lang.Thread.run(Thread.java:818)
04-20 06:33:05.680  4871  8224 V RobotCore: EventLoopRunnable interrupted
04-20 06:33:05.680  4871  8224 V RobotCore: EventLoopManager state is STOPPED
04-20 06:33:05.680  4871  8224 I FtcEventLoopIdle: ------- idle teardown ----
04-20 06:33:05.680  4871  8224 V RobotCore: thread: ...terminating 'opmode loop()'
04-20 06:33:05.680  4871  4871 V RobotCore: EventLoopManager state is STOPPED
04-20 06:33:05.680  4871  4871 V NetDiscover_prefremrc: doStop()...
04-20 06:33:05.680  4871  4871 V NetDiscover_prefremrc: ...doStop()
04-20 06:33:05.680  4871  4871 V NetDiscover_name: doStop()...
04-20 06:33:05.680  4871  4871 V NetDiscover_name: ...doStop()
04-20 06:33:05.680  4871  4871 V ServiceStarter: attempting to stop service FtcRobotControllerWatchdogService
04-20 06:33:06.190  4871  4871 V RobotCore: Waiting for the logcat process to die.
04-20 06:33:06.190  4871  5111 I RobotCore: Done running exec logcat -f /storage/emulated/0/robotControllerLog.txt -r4096 -n4 -v threadtime UsbRequestJNI:S UsbRequest:S art:W ThreadPool:W System:W ExtendedExtractor:W OMXClient:W MediaPlayer:W dalvikvm:W  *:V
04-20 06:33:06.190  4871  5111 E RobotCore: java.io.IOException: read failed: EBADF (Bad file descriptor)
04-20 06:33:06.190  4871  5111 E RobotCore: 	at libcore.io.IoBridge.read(IoBridge.java:478)
04-20 06:33:06.190  4871  5111 E RobotCore: 	at java.io.FileInputStream.read(FileInputStream.java:177)
04-20 06:33:06.190  4871  5111 E RobotCore: 	at java.io.InputStream.read(InputStream.java:162)
04-20 06:33:06.190  4871  5111 E RobotCore: 	at com.qualcomm.robotcore.util.RunShellCommand.runCommand(RunShellCommand.java:103)
04-20 06:33:06.190  4871  5111 E RobotCore: 	at com.qualcomm.robotcore.util.RunShellCommand.run(RunShellCommand.java:71)
04-20 06:33:06.190  4871  5111 E RobotCore: 	at com.qualcomm.robotcore.util.RobotLog$LoggingThread.run(RobotLog.java:72)
04-20 06:33:06.190  4871  5111 E RobotCore: 	at com.qualcomm.robotcore.util.RobotLog$1.run(RobotLog.java:576)
04-20 06:33:06.200  4871  5111 E RobotCore: Caused by: android.system.ErrnoException: read failed: EBADF (Bad file descriptor)
04-20 06:33:06.200  4871  5111 E RobotCore: 	at libcore.io.Posix.readBytes(Native Method)
04-20 06:33:06.200  4871  5111 E RobotCore: 	at libcore.io.Posix.read(Posix.java:169)
04-20 06:33:06.200  4871  5111 E RobotCore: 	at libcore.io.BlockGuardOs.read(BlockGuardOs.java:230)
04-20 06:33:06.200  4871  5111 E RobotCore: 	at libcore.io.IoBridge.read(IoBridge.java:468)
04-20 06:33:06.200  4871  5111 E RobotCore: 	... 6 more
04-20 06:33:06.210  4871  4871 D ViewRootImpl: #3 mView = null
04-20 06:33:06.220  4871  4871 V OnBotJavaService: onTaskRemoved()
04-20 06:33:06.220  4871  4871 V MTPMonitorService: onTaskRemoved()
04-20 06:33:06.220  4871  4871 V MTPMonitorService: onConfigurationChanged()
04-20 06:33:06.220  4871  4871 V OnBotJavaService: onConfigurationChanged()
04-20 06:33:06.220  4871  4871 W ResourcesManager: getTopLevelResources: /data/app/com.qualcomm.ftcrobotcontroller-1/base.apk / 1.0 running in com.qualcomm.ftcrobotcontroller rsrc of package null
04-20 06:33:06.220  4871  4871 W ResourcesManager: getTopLevelResources: /data/app/com.qualcomm.ftcrobotcontroller-1/base.apk / 1.0 running in com.qualcomm.ftcrobotcontroller rsrc of package null
04-20 06:33:06.230  4871  4871 V AppUtil : rootActivity=FtcRobotControllerActivity
04-20 06:33:09.320  4871  4871 V RCActivity: onCreate()
04-20 06:33:09.320  4871  4871 V RCActivity: rootActivity is of class FtcRobotControllerActivity
04-20 06:33:09.320  4871  4871 V NetDiscover_name: doStart()...
04-20 06:33:09.320  4871  4871 V NetDiscover_name: ...doStart()
04-20 06:33:09.320  4871  4871 V NetDiscover_prefremrc: doStart()...
04-20 06:33:09.320  4871  4871 V NetDiscover_prefremrc: ...doStart()
04-20 06:33:09.320  4871  9040 V RobotCore: saving logcat to /storage/emulated/0/robotControllerLog.txt
04-20 06:33:09.320  4871  9040 V RobotCore: logging command line: exec logcat -f /storage/emulated/0/robotControllerLog.txt -r4096 -n4 -v threadtime UsbRequestJNI:S UsbRequest:S art:W ThreadPool:W System:W ExtendedExtractor:W OMXClient:W MediaPlayer:W dalvikvm:W  *:V
04-20 06:33:09.460  4871  4871 V OnBotJava: getCurrentOutputJarDir() unavailable
04-20 06:33:09.460  4871  4871 V OnBotJava: getCurrentOutputJarDir() unavailable
04-20 06:33:09.470  4871  4871 W ClassManager: com.android.tools.profiler.agent.okhttp.OkHttp2Interceptor java.lang.ClassNotFoundException: com.android.tools.profiler.agent.okhttp.OkHttp2Interceptor
04-20 06:33:09.470  4871  4871 E ClassManager: java.lang.ClassNotFoundException: com.android.tools.profiler.agent.okhttp.OkHttp2Interceptor
04-20 06:33:09.470  4871  4871 E ClassManager: 	at java.lang.Class.classForName(Native Method)
04-20 06:33:09.470  4871  4871 E ClassManager: 	at java.lang.Class.forName(Class.java:324)
04-20 06:33:09.470  4871  4871 E ClassManager: 	at org.firstinspires.ftc.robotcore.internal.opmode.ClassManager.classNamesToClasses(ClassManager.java:187)
04-20 06:33:09.470  4871  4871 E ClassManager: 	at org.firstinspires.ftc.robotcore.internal.opmode.ClassManager.processAllClasses(ClassManager.java:253)
04-20 06:33:09.470  4871  4871 E ClassManager: 	at com.qualcomm.ftccommon.ClassManagerFactory.processAllClasses(ClassManagerFactory.java:90)
04-20 06:33:09.470  4871  4871 E ClassManager: 	at org.firstinspires.ftc.robotcontroller.internal.FtcRobotControllerActivity.onCreate(FtcRobotControllerActivity.java:299)
04-20 06:33:09.470  4871  4871 E ClassManager: 	at android.app.Activity.performCreate(Activity.java:6876)
04-20 06:33:09.470  4871  4871 E ClassManager: 	at android.app.Instrumentation.callActivityOnCreate(Instrumentation.java:1135)
04-20 06:33:09.470  4871  4871 E ClassManager: 	at android.app.ActivityThread.performLaunchActivity(ActivityThread.java:3206)
04-20 06:33:09.480  4871  4871 E ClassManager: 	at android.app.ActivityThread.handleLaunchActivity(ActivityThread.java:3349)
04-20 06:33:09.480  4871  4871 E ClassManager: 	at android.app.ActivityThread.access$1100(ActivityThread.java:221)
04-20 06:33:09.480  4871  4871 E ClassManager: 	at android.app.ActivityThread$H.handleMessage(ActivityThread.java:1794)
04-20 06:33:09.480  4871  4871 E ClassManager: 	at android.os.Handler.dispatchMessage(Handler.java:102)
04-20 06:33:09.480  4871  4871 E ClassManager: 	at android.os.Looper.loop(Looper.java:158)
04-20 06:33:09.480  4871  4871 E ClassManager: 	at android.app.ActivityThread.main(ActivityThread.java:7224)
04-20 06:33:09.480  4871  4871 E ClassManager: 	at java.lang.reflect.Method.invoke(Native Method)
04-20 06:33:09.480  4871  4871 E ClassManager: 	at com.android.internal.os.ZygoteInit$MethodAndArgsCaller.run(ZygoteInit.java:1230)
04-20 06:33:09.480  4871  4871 E ClassManager: 	at com.android.internal.os.ZygoteInit.main(ZygoteInit.java:1120)
04-20 06:33:09.480  4871  4871 E ClassManager: Caused by: java.lang.ClassNotFoundException: com.android.tools.profiler.agent.okhttp.OkHttp2Interceptor
04-20 06:33:09.480  4871  4871 E ClassManager: 	at org.firstinspires.ftc.robotcore.internal.opmode.OnBotJavaClassLoader.findClass(OnBotJavaClassLoader.java:211)
04-20 06:33:09.480  4871  4871 E ClassManager: 	at java.lang.ClassLoader.loadClass(ClassLoader.java:511)
04-20 06:33:09.480  4871  4871 E ClassManager: 	at org.firstinspires.ftc.robotcore.internal.opmode.OnBotJavaClassLoader.loadClass(OnBotJavaClassLoader.java:201)
04-20 06:33:09.480  4871  4871 E ClassManager: 	at java.lang.ClassLoader.loadClass(ClassLoader.java:469)
04-20 06:33:09.480  4871  4871 E ClassManager: 	... 18 more
04-20 06:33:09.480  4871  4871 E ClassManager: 	Suppressed: java.lang.ClassNotFoundException: Didn't find class "com.android.tools.profiler.agent.okhttp.OkHttp2Interceptor" on path: DexPathList[[zip file "/data/app/com.qualcomm.ftcrobotcontroller-1/base.apk"],nativeLibraryDirectories=[/data/app/com.qualcomm.ftcrobotcontroller-1/lib/arm, /data/app/com.qualcomm.ftcrobotcontroller-1/base.apk!/lib/armeabi-v7a, /vendor/lib, /system/lib]]
04-20 06:33:09.480  4871  4871 E ClassManager: 		at dalvik.system.BaseDexClassLoader.findClass(BaseDexClassLoader.java:56)
04-20 06:33:09.480  4871  4871 E ClassManager: 		at java.lang.ClassLoader.loadClass(ClassLoader.java:511)
04-20 06:33:09.480  4871  4871 E ClassManager: 		at java.lang.ClassLoader.loadClass(ClassLoader.java:504)
04-20 06:33:09.480  4871  4871 E ClassManager: 		... 20 more
04-20 06:33:09.480  4871  4871 E ClassManager: 		Suppressed: java.lang.NoClassDefFoundError: com.android.tools.profiler.agent.okhttp.OkHttp2Interceptor
04-20 06:33:09.480  4871  4871 E ClassManager: 			at dalvik.system.DexFile.defineClassNative(Native Method)
04-20 06:33:09.480  4871  4871 E ClassManager: 			at dalvik.system.DexFile.defineClass(DexFile.java:226)
04-20 06:33:09.480  4871  4871 E ClassManager: 			at dalvik.system.DexFile.loadClassBinaryName(DexFile.java:219)
04-20 06:33:09.480  4871  4871 E ClassManager: 			at dalvik.system.DexPathList.findClass(DexPathList.java:338)
04-20 06:33:09.480  4871  4871 E ClassManager: 			at dalvik.system.BaseDexClassLoader.findClass(BaseDexClassLoader.java:54)
04-20 06:33:09.480  4871  4871 E ClassManager: 			... 22 more
04-20 06:33:09.480  4871  4871 E ClassManager: 		Suppressed: java.lang.ClassNotFoundException: com.android.tools.profiler.agent.okhttp.OkHttp2Interceptor
04-20 06:33:09.480  4871  4871 E ClassManager: 			at java.lang.Class.classForName(Native Method)
04-20 06:33:09.480  4871  4871 E ClassManager: 			at java.lang.BootClassLoader.findClass(ClassLoader.java:781)
04-20 06:33:09.480  4871  4871 E ClassManager: 			at java.lang.BootClassLoader.loadClass(ClassLoader.java:841)
04-20 06:33:09.490  4871  4871 E ClassManager: 			at java.lang.ClassLoader.loadClass(ClassLoader.java:504)
04-20 06:33:09.490  4871  4871 E ClassManager: 			... 21 more
04-20 06:33:09.490  4871  4871 E ClassManager: 		Caused by: java.lang.NoClassDefFoundError: Class not found using the boot class loader; no stack trace available
04-20 06:33:09.490  4871  4871 W ClassManager: com.android.tools.profiler.agent.okhttp.OkHttp3Interceptor java.lang.ClassNotFoundException: com.android.tools.profiler.agent.okhttp.OkHttp3Interceptor
04-20 06:33:09.490  4871  4871 E ClassManager: java.lang.ClassNotFoundException: com.android.tools.profiler.agent.okhttp.OkHttp3Interceptor
04-20 06:33:09.490  4871  4871 E ClassManager: 	at java.lang.Class.classForName(Native Method)
04-20 06:33:09.490  4871  4871 E ClassManager: 	at java.lang.Class.forName(Class.java:324)
04-20 06:33:09.490  4871  4871 E ClassManager: 	at org.firstinspires.ftc.robotcore.internal.opmode.ClassManager.classNamesToClasses(ClassManager.java:187)
04-20 06:33:09.490  4871  4871 E ClassManager: 	at org.firstinspires.ftc.robotcore.internal.opmode.ClassManager.processAllClasses(ClassManager.java:253)
04-20 06:33:09.490  4871  4871 E ClassManager: 	at com.qualcomm.ftccommon.ClassManagerFactory.processAllClasses(ClassManagerFactory.java:90)
04-20 06:33:09.490  4871  4871 E ClassManager: 	at org.firstinspires.ftc.robotcontroller.internal.FtcRobotControllerActivity.onCreate(FtcRobotControllerActivity.java:299)
04-20 06:33:09.490  4871  4871 E ClassManager: 	at android.app.Activity.performCreate(Activity.java:6876)
04-20 06:33:09.490  4871  4871 E ClassManager: 	at android.app.Instrumentation.callActivityOnCreate(Instrumentation.java:1135)
04-20 06:33:09.490  4871  4871 E ClassManager: 	at android.app.ActivityThread.performLaunchActivity(ActivityThread.java:3206)
04-20 06:33:09.490  4871  4871 E ClassManager: 	at android.app.ActivityThread.handleLaunchActivity(ActivityThread.java:3349)
04-20 06:33:09.490  4871  4871 E ClassManager: 	at android.app.ActivityThread.access$1100(ActivityThread.java:221)
04-20 06:33:09.490  4871  4871 E ClassManager: 	at android.app.ActivityThread$H.handleMessage(ActivityThread.java:1794)
04-20 06:33:09.490  4871  4871 E ClassManager: 	at android.os.Handler.dispatchMessage(Handler.java:102)
04-20 06:33:09.490  4871  4871 E ClassManager: 	at android.os.Looper.loop(Looper.java:158)
04-20 06:33:09.490  4871  4871 E ClassManager: 	at android.app.ActivityThread.main(ActivityThread.java:7224)
04-20 06:33:09.490  4871  4871 E ClassManager: 	at java.lang.reflect.Method.invoke(Native Method)
04-20 06:33:09.490  4871  4871 E ClassManager: 	at com.android.internal.os.ZygoteInit$MethodAndArgsCaller.run(ZygoteInit.java:1230)
04-20 06:33:09.490  4871  4871 E ClassManager: 	at com.android.internal.os.ZygoteInit.main(ZygoteInit.java:1120)
04-20 06:33:09.490  4871  4871 E ClassManager: Caused by: java.lang.ClassNotFoundException: com.android.tools.profiler.agent.okhttp.OkHttp3Interceptor
04-20 06:33:09.490  4871  4871 E ClassManager: 	at org.firstinspires.ftc.robotcore.internal.opmode.OnBotJavaClassLoader.findClass(OnBotJavaClassLoader.java:211)
04-20 06:33:09.490  4871  4871 E ClassManager: 	at java.lang.ClassLoader.loadClass(ClassLoader.java:511)
04-20 06:33:09.490  4871  4871 E ClassManager: 	at org.firstinspires.ftc.robotcore.internal.opmode.OnBotJavaClassLoader.loadClass(OnBotJavaClassLoader.java:201)
04-20 06:33:09.490  4871  4871 E ClassManager: 	at java.lang.ClassLoader.loadClass(ClassLoader.java:469)
04-20 06:33:09.490  4871  4871 E ClassManager: 	... 18 more
04-20 06:33:09.490  4871  4871 E ClassManager: 	Suppressed: java.lang.ClassNotFoundException: Didn't find class "com.android.tools.profiler.agent.okhttp.OkHttp3Interceptor" on path: DexPathList[[zip file "/data/app/com.qualcomm.ftcrobotcontroller-1/base.apk"],nativeLibraryDirectories=[/data/app/com.qualcomm.ftcrobotcontroller-1/lib/arm, /data/app/com.qualcomm.ftcrobotcontroller-1/base.apk!/lib/armeabi-v7a, /vendor/lib, /system/lib]]
04-20 06:33:09.500  4871  4871 E ClassManager: 		at dalvik.system.BaseDexClassLoader.findClass(BaseDexClassLoader.java:56)
04-20 06:33:09.500  4871  4871 E ClassManager: 		at java.lang.ClassLoader.loadClass(ClassLoader.java:511)
04-20 06:33:09.500  4871  4871 E ClassManager: 		at java.lang.ClassLoader.loadClass(ClassLoader.java:504)
04-20 06:33:09.500  4871  4871 E ClassManager: 		... 20 more
04-20 06:33:09.500  4871  4871 E ClassManager: 		Suppressed: java.lang.NoClassDefFoundError: com.android.tools.profiler.agent.okhttp.OkHttp3Interceptor
04-20 06:33:09.500  4871  4871 E ClassManager: 			at dalvik.system.DexFile.defineClassNative(Native Method)
04-20 06:33:09.500  4871  4871 E ClassManager: 			at dalvik.system.DexFile.defineClass(DexFile.java:226)
04-20 06:33:09.500  4871  4871 E ClassManager: 			at dalvik.system.DexFile.loadClassBinaryName(DexFile.java:219)
04-20 06:33:09.500  4871  4871 E ClassManager: 			at dalvik.system.DexPathList.findClass(DexPathList.java:338)
04-20 06:33:09.500  4871  4871 E ClassManager: 			at dalvik.system.BaseDexClassLoader.findClass(BaseDexClassLoader.java:54)
04-20 06:33:09.500  4871  4871 E ClassManager: 			... 22 more
04-20 06:33:09.500  4871  4871 E ClassManager: 		Suppressed: java.lang.ClassNotFoundException: com.android.tools.profiler.agent.okhttp.OkHttp3Interceptor
04-20 06:33:09.500  4871  4871 E ClassManager: 			at java.lang.Class.classForName(Native Method)
04-20 06:33:09.500  4871  4871 E ClassManager: 			at java.lang.BootClassLoader.findClass(ClassLoader.java:781)
04-20 06:33:09.500  4871  4871 E ClassManager: 			at java.lang.BootClassLoader.loadClass(ClassLoader.java:841)
04-20 06:33:09.500  4871  4871 E ClassManager: 			at java.lang.ClassLoader.loadClass(ClassLoader.java:504)
04-20 06:33:09.500  4871  4871 E ClassManager: 			... 21 more
04-20 06:33:09.500  4871  4871 E ClassManager: 		Caused by: java.lang.NoClassDefFoundError: Class not found using the boot class loader; no stack trace available
04-20 06:33:09.510  4871  9040 I RobotCore: Done running ps
04-20 06:33:09.560  4871  4871 W ClassManager: com.opencsv.bean.FieldMapByPosition$1$1 java.lang.ClassNotFoundException: com.opencsv.bean.FieldMapByPosition$1$1
04-20 06:33:09.560  4871  4871 E ClassManager: java.lang.ClassNotFoundException: com.opencsv.bean.FieldMapByPosition$1$1
04-20 06:33:09.560  4871  4871 E ClassManager: 	at java.lang.Class.classForName(Native Method)
04-20 06:33:09.560  4871  4871 E ClassManager: 	at java.lang.Class.forName(Class.java:324)
04-20 06:33:09.560  4871  4871 E ClassManager: 	at org.firstinspires.ftc.robotcore.internal.opmode.ClassManager.classNamesToClasses(ClassManager.java:187)
04-20 06:33:09.560  4871  4871 E ClassManager: 	at org.firstinspires.ftc.robotcore.internal.opmode.ClassManager.processAllClasses(ClassManager.java:253)
04-20 06:33:09.560  4871  4871 E ClassManager: 	at com.qualcomm.ftccommon.ClassManagerFactory.processAllClasses(ClassManagerFactory.java:90)
04-20 06:33:09.560  4871  4871 E ClassManager: 	at org.firstinspires.ftc.robotcontroller.internal.FtcRobotControllerActivity.onCreate(FtcRobotControllerActivity.java:299)
04-20 06:33:09.560  4871  4871 E ClassManager: 	at android.app.Activity.performCreate(Activity.java:6876)
04-20 06:33:09.560  4871  4871 E ClassManager: 	at android.app.Instrumentation.callActivityOnCreate(Instrumentation.java:1135)
04-20 06:33:09.560  4871  4871 E ClassManager: 	at android.app.ActivityThread.performLaunchActivity(ActivityThread.java:3206)
04-20 06:33:09.560  4871  4871 E ClassManager: 	at android.app.ActivityThread.handleLaunchActivity(ActivityThread.java:3349)
04-20 06:33:09.570  4871  4871 E ClassManager: 	at android.app.ActivityThread.access$1100(ActivityThread.java:221)
04-20 06:33:09.570  4871  4871 E ClassManager: 	at android.app.ActivityThread$H.handleMessage(ActivityThread.java:1794)
04-20 06:33:09.570  4871  4871 E ClassManager: 	at android.os.Handler.dispatchMessage(Handler.java:102)
04-20 06:33:09.570  4871  4871 E ClassManager: 	at android.os.Looper.loop(Looper.java:158)
04-20 06:33:09.570  4871  4871 E ClassManager: 	at android.app.ActivityThread.main(ActivityThread.java:7224)
04-20 06:33:09.570  4871  4871 E ClassManager: 	at java.lang.reflect.Method.invoke(Native Method)
04-20 06:33:09.570  4871  4871 E ClassManager: 	at com.android.internal.os.ZygoteInit$MethodAndArgsCaller.run(ZygoteInit.java:1230)
04-20 06:33:09.570  4871  4871 E ClassManager: 	at com.android.internal.os.ZygoteInit.main(ZygoteInit.java:1120)
04-20 06:33:09.570  4871  4871 E ClassManager: Caused by: java.lang.ClassNotFoundException: com.opencsv.bean.FieldMapByPosition$1$1
04-20 06:33:09.570  4871  4871 E ClassManager: 	at org.firstinspires.ftc.robotcore.internal.opmode.OnBotJavaClassLoader.findClass(OnBotJavaClassLoader.java:211)
04-20 06:33:09.570  4871  4871 E ClassManager: 	at java.lang.ClassLoader.loadClass(ClassLoader.java:511)
04-20 06:33:09.570  4871  4871 E ClassManager: 	at org.firstinspires.ftc.robotcore.internal.opmode.OnBotJavaClassLoader.loadClass(OnBotJavaClassLoader.java:201)
04-20 06:33:09.570  4871  4871 E ClassManager: 	at java.lang.ClassLoader.loadClass(ClassLoader.java:469)
04-20 06:33:09.570  4871  4871 E ClassManager: 	... 18 more
04-20 06:33:09.570  4871  4871 E ClassManager: 	Suppressed: java.lang.ClassNotFoundException: Didn't find class "com.opencsv.bean.FieldMapByPosition$1$1" on path: DexPathList[[zip file "/data/app/com.qualcomm.ftcrobotcontroller-1/base.apk"],nativeLibraryDirectories=[/data/app/com.qualcomm.ftcrobotcontroller-1/lib/arm, /data/app/com.qualcomm.ftcrobotcontroller-1/base.apk!/lib/armeabi-v7a, /vendor/lib, /system/lib]]
04-20 06:33:09.570  4871  4871 E ClassManager: 		at dalvik.system.BaseDexClassLoader.findClass(BaseDexClassLoader.java:56)
04-20 06:33:09.570  4871  4871 E ClassManager: 		at java.lang.ClassLoader.loadClass(ClassLoader.java:511)
04-20 06:33:09.570  4871  4871 E ClassManager: 		at java.lang.ClassLoader.loadClass(ClassLoader.java:504)
04-20 06:33:09.570  4871  4871 E ClassManager: 		... 20 more
04-20 06:33:09.570  4871  4871 E ClassManager: 		Suppressed: java.lang.NoClassDefFoundError: com.opencsv.bean.FieldMapByPosition$1$1
04-20 06:33:09.570  4871  4871 E ClassManager: 			at dalvik.system.DexFile.defineClassNative(Native Method)
04-20 06:33:09.570  4871  4871 E ClassManager: 			at dalvik.system.DexFile.defineClass(DexFile.java:226)
04-20 06:33:09.570  4871  4871 E ClassManager: 			at dalvik.system.DexFile.loadClassBinaryName(DexFile.java:219)
04-20 06:33:09.570  4871  4871 E ClassManager: 			at dalvik.system.DexPathList.findClass(DexPathList.java:338)
04-20 06:33:09.570  4871  4871 E ClassManager: 			at dalvik.system.BaseDexClassLoader.findClass(BaseDexClassLoader.java:54)
04-20 06:33:09.570  4871  4871 E ClassManager: 			... 22 more
04-20 06:33:09.570  4871  4871 E ClassManager: 		Suppressed: java.lang.ClassNotFoundException: com.opencsv.bean.FieldMapByPosition$1$1
04-20 06:33:09.570  4871  4871 E ClassManager: 			at java.lang.Class.classForName(Native Method)
04-20 06:33:09.570  4871  4871 E ClassManager: 			at java.lang.BootClassLoader.findClass(ClassLoader.java:781)
04-20 06:33:09.580  4871  4871 E ClassManager: 			at java.lang.BootClassLoader.loadClass(ClassLoader.java:841)
04-20 06:33:09.580  4871  4871 E ClassManager: 			at java.lang.ClassLoader.loadClass(ClassLoader.java:504)
04-20 06:33:09.580  4871  4871 E ClassManager: 			... 21 more
04-20 06:33:09.580  4871  4871 E ClassManager: 		Caused by: java.lang.NoClassDefFoundError: Class not found using the boot class loader; no stack trace available
04-20 06:33:09.750  4871  4871 W ClassManager: kotlin.streams.jdk8.StreamsKt$asStream$1 java.lang.ClassNotFoundException: kotlin.streams.jdk8.StreamsKt$asStream$1
04-20 06:33:09.750  4871  4871 E ClassManager: java.lang.ClassNotFoundException: kotlin.streams.jdk8.StreamsKt$asStream$1
04-20 06:33:09.750  4871  4871 E ClassManager: 	at java.lang.Class.classForName(Native Method)
04-20 06:33:09.750  4871  4871 E ClassManager: 	at java.lang.Class.forName(Class.java:324)
04-20 06:33:09.750  4871  4871 E ClassManager: 	at org.firstinspires.ftc.robotcore.internal.opmode.ClassManager.classNamesToClasses(ClassManager.java:187)
04-20 06:33:09.750  4871  4871 E ClassManager: 	at org.firstinspires.ftc.robotcore.internal.opmode.ClassManager.processAllClasses(ClassManager.java:253)
04-20 06:33:09.750  4871  4871 E ClassManager: 	at com.qualcomm.ftccommon.ClassManagerFactory.processAllClasses(ClassManagerFactory.java:90)
04-20 06:33:09.760  4871  4871 E ClassManager: 	at org.firstinspires.ftc.robotcontroller.internal.FtcRobotControllerActivity.onCreate(FtcRobotControllerActivity.java:299)
04-20 06:33:09.760  4871  4871 E ClassManager: 	at android.app.Activity.performCreate(Activity.java:6876)
04-20 06:33:09.760  4871  4871 E ClassManager: 	at android.app.Instrumentation.callActivityOnCreate(Instrumentation.java:1135)
04-20 06:33:09.760  4871  4871 E ClassManager: 	at android.app.ActivityThread.performLaunchActivity(ActivityThread.java:3206)
04-20 06:33:09.760  4871  4871 E ClassManager: 	at android.app.ActivityThread.handleLaunchActivity(ActivityThread.java:3349)
04-20 06:33:09.760  4871  4871 E ClassManager: 	at android.app.ActivityThread.access$1100(ActivityThread.java:221)
04-20 06:33:09.760  4871  4871 E ClassManager: 	at android.app.ActivityThread$H.handleMessage(ActivityThread.java:1794)
04-20 06:33:09.760  4871  4871 E ClassManager: 	at android.os.Handler.dispatchMessage(Handler.java:102)
04-20 06:33:09.760  4871  4871 E ClassManager: 	at android.os.Looper.loop(Looper.java:158)
04-20 06:33:09.760  4871  4871 E ClassManager: 	at android.app.ActivityThread.main(ActivityThread.java:7224)
04-20 06:33:09.760  4871  4871 E ClassManager: 	at java.lang.reflect.Method.invoke(Native Method)
04-20 06:33:09.760  4871  4871 E ClassManager: 	at com.android.internal.os.ZygoteInit$MethodAndArgsCaller.run(ZygoteInit.java:1230)
04-20 06:33:09.760  4871  4871 E ClassManager: 	at com.android.internal.os.ZygoteInit.main(ZygoteInit.java:1120)
04-20 06:33:09.760  4871  4871 E ClassManager: Caused by: java.lang.ClassNotFoundException: kotlin.streams.jdk8.StreamsKt$asStream$1
04-20 06:33:09.760  4871  4871 E ClassManager: 	at org.firstinspires.ftc.robotcore.internal.opmode.OnBotJavaClassLoader.findClass(OnBotJavaClassLoader.java:211)
