04-20 06:33:37.070  9171  9277 D OpenGLRenderer: Use EGL_SWAP_BEHAVIOR_PRESERVED: true
04-20 06:33:37.080  9171  9171 D ConnectivityManager: requestNetwork; getAppId(CallingUid) : 10198, CallingPid : 9171
04-20 06:33:37.090  9171  9171 V MTPMonitorService: onCreate()
04-20 06:33:37.090  9171  9171 V MTPMonitorService: onStartCommand() intent=Intent { cmp=com.qualcomm.ftcrobotcontroller/org.firstinspires.ftc.robotcore.internal.files.MediaTransferProtocolMonitorService } flags=0x0 startId=1
04-20 06:33:37.100  9171  9171 V MTPMonitor: observing: /storage/emulated/0
04-20 06:33:37.100  9171  9171 W FileObserverManager: upgrading mask: path=/storage/emulated/0/FIRST/java/status old=0x00000ffc new=0x00004ffc: might possibly miss event
04-20 06:33:37.110  9171  9171 W FileObserverManager: upgrading mask: path=/storage/emulated/0/FIRST/blocks old=0x00000ffc new=0x00004ffc: might possibly miss event
04-20 06:33:37.150  9171  9171 V OnBotJavaService: onCreate()
04-20 06:33:37.150  9171  9171 V OnBotJavaService: onStartCommand() intent=Intent { cmp=com.qualcomm.ftcrobotcontroller/org.firstinspires.ftc.robotcore.internal.opmode.OnBotJavaService } flags=0x0 startId=1
04-20 06:33:37.150  9171  9171 V OnBotJava: ctor()...
04-20 06:33:37.150  9171  9171 V OnBotJava: ...ctor()
04-20 06:33:37.160  9171  9171 V FtcRobotControllerWatchdogService: onCreate()
04-20 06:33:37.160  9171  9171 V FtcRobotControllerWatchdogService: onStartCommand() intent=Intent { cmp=com.qualcomm.ftcrobotcontroller/org.firstinspires.ftc.ftccommon.internal.FtcRobotControllerWatchdogService } flags=0x0 startId=1
04-20 06:33:37.160  9171  9171 V FtcRobotControllerWatchdogService: shouldAutoLauchRobotController() result=false
04-20 06:33:37.160  9171  9171 V FTCService: onCreate()
04-20 06:33:37.160  9171  9171 V FTCService: onBind()
04-20 06:33:37.160  9171  9171 V WebServer: creating NanoHTTPD(8080)
04-20 06:33:37.170  9171  9171 V RobotCore: Getting network assistant of type: WIFIDIRECT
04-20 06:33:37.170  9171  9171 V NetDiscover_prefremrc: onSharedPreferenceChanged(name=pref_wifip2p_groupowner_connectedto, value=null)
04-20 06:33:37.170  9171  9171 V WifiDirect: There are 1 Wifi Direct Assistant Clients (+)
04-20 06:33:37.170  9171  9171 V WifiDirect: Enabling Wifi Direct Assistant
04-20 06:33:37.180  9171  9171 V WifiDirectInviteMonitor: startMonitoring()
04-20 06:33:37.180  9171  9215 V NetDiscover_wifiDirectAgent_bcast: wifiP2pEnabled=true
04-20 06:33:37.190  9171  9215 D NetDiscover_wifiDirectAgent_bcast: connection changed: networkInfo.state=CONNECTED
04-20 06:33:37.190  9171  9215 V NetDiscover_wifiDirectAgent_bcast: NetworkInfo: [type: WIFI_P2P[] - WIFI_P2P, state: CONNECTED/CONNECTED, reason: (unspecified), extra: (none), roaming: false, failover: false, isAvailable: true]
04-20 06:33:37.190  9171  9215 V NetDiscover_wifiDirectAgent_bcast: WifiP2pInfo: groupFormed: true isGroupOwner: true groupOwnerAddress: /192.168.49.1
04-20 06:33:37.190  9171  9215 V NetDiscover_wifiDirectAgent_bcast: WifiP2pGroup: network: DIRECT-Xi-11212-C-RC, isGO: true, GO: Device: [Phone] 11212-C-RC, deviceAddress: fe:db:b3:75:a8:79, primary type: 10-0050F204-5, secondary type: null, wps: 0, grpcapab: 0, devcapab: 0, status: 3, wfdInfo: null, groupownerAddress: null, GOdeviceName: null, interfaceAddress: , SConnectInfo : null, contactInfoHash : null, ssDevInfo : 0, iconIdx : 0, interface: p2p-wlan0-0, frequency: 2437, networkId: -1
04-20 06:33:37.190  9171  9215 V NetDiscover_wifiDirectAgent_bcast: this device changed: Device=[Phone] 11212-C-RC deviceAddress=fe:db:b3:75:a8:79 primary type=10-0050F204-5 secondary type=null wps=0 grpcapab=0 devcapab=0 status=0 wfdInfo=null groupownerAddress=null GOdeviceName=null interfaceAddress= SConnectInfo =null contactInfoHash =null ssDevInfo =0 iconIdx =0
04-20 06:33:37.190  9171  9215 V NetDiscover_name: remembering wifiDirectName: [Phone] 11212-C-RC...
04-20 06:33:37.190  9171  9215 V NetDiscover_name: ...remembering wifiDirectName
04-20 06:33:37.190  9171  9215 V NetDiscover_wifiDirectAgent_bcast: wifi direct remembered groups cleared
04-20 06:33:37.190  9171  9215 V NetDiscover_wifiDirectAgent_bcast: wifiState=ENABLED
04-20 06:33:37.220  9171  9277 I Adreno-EGL: <qeglDrvAPI_eglInitialize:379>: EGL 1.4 QUALCOMM build:  (Ia10634f51b)
04-20 06:33:37.220  9171  9277 I Adreno-EGL: OpenGL ES Shader Compiler Version: E031.29.00.00
04-20 06:33:37.220  9171  9277 I Adreno-EGL: Build Date: 01/28/16 Thu
04-20 06:33:37.220  9171  9277 I Adreno-EGL: Local Branch: ss
04-20 06:33:37.220  9171  9277 I Adreno-EGL: Remote Branch: 
04-20 06:33:37.220  9171  9277 I Adreno-EGL: Local Patches: 
04-20 06:33:37.220  9171  9277 I Adreno-EGL: Reconstruct Branch: 
04-20 06:33:37.230  9171  9277 D libEGL  : eglInitialize EGLDisplay = 0x9a8967c4
04-20 06:33:37.230  9171  9277 I OpenGLRenderer: Initialized EGL, version 1.4
04-20 06:33:37.290  9171  9171 D WifiDirect: broadcast: state - enabled: true
04-20 06:33:37.290  9171  9171 D WifiDirect: broadcast: connection changed: connectStatus=NOT_CONNECTED networkInfo.state=CONNECTED
04-20 06:33:37.290  9171  9171 V WifiDirect: writing pref name=pref_wifip2p_groupowner_connectedto value=[Phone] 11212-C-RC
04-20 06:33:37.290  9171  9171 V NetDiscover_prefremrc: onSharedPreferenceChanged(name=pref_wifip2p_groupowner_connectedto, value=[Phone] 11212-C-RC)
04-20 06:33:37.290  9171  9171 D WifiDirect: broadcast: this device changed
04-20 06:33:37.290  9171  9171 V WifiDirect: device information: [Phone] 11212-C-RC fe:db:b3:75:a8:79
04-20 06:33:37.290  9171  9171 D WifiDirect: cannot create group, does group already exist?
04-20 06:33:37.290  9171  9171 V FTCService: RCActivity.controllerService=bound
04-20 06:33:37.290  9171  9171 V UpdateUI: Network: unknown, disconnected
04-20 06:33:37.290  9171  9171 V RobotCore: Robot Status: stopped
04-20 06:33:37.290  9171  9286 E File    : fail readDirectory() errno=2
04-20 06:33:37.290  9171  9286 W cr_CrashFileManager: /data/user/0/com.qualcomm.ftcrobotcontroller/cache/WebView/Crash Reports does not exist or is not a directory
04-20 06:33:37.290  9171  9287 V RobotCore: thread: 'RobotSetupRunnable.run()' starting...
04-20 06:33:37.300  9171  9287 V FTCService: Processing robot setup
04-20 06:33:37.300  9171  9287 V RobotCore: Robot Status: stopped, scanning for USB devices
04-20 06:33:37.330  9171  9171 D ViewRootImpl: MSG_RESIZED_REPORT: ci=Rect(0, 0 - 0, 0) vi=Rect(0, 0 - 0, 0) or=2
04-20 06:33:37.340  9171  9171 D WifiDirect: group owners address: /192.168.49.1
04-20 06:33:37.340  9171  9171 D WifiDirect: group formed, this device is the group owner (GO)
04-20 06:33:37.340  9171  9171 I FTCService: onNetworkConnectionEvent: CONNECTED_AS_GROUP_OWNER
04-20 06:33:37.340  9171  9171 I FTCService: Wifi Direct - connected as group owner
04-20 06:33:37.350  9171  9171 V UpdateUI: Network: enabled, disconnected
04-20 06:33:37.370  9171  9171 V WifiDirect: connection information available
04-20 06:33:37.370  9171  9171 V WifiDirect: connection information - groupOwnerName = [Phone] 11212-C-RC
04-20 06:33:37.370  9171  9171 V WifiDirect: connection information - groupOwnerMacAddress = fe:db:b3:75:a8:79
04-20 06:33:37.370  9171  9171 V WifiDirect: connection information - groupInterface = p2p-wlan0-0
04-20 06:33:37.370  9171  9171 V WifiDirect: connection information - groupNetworkName = DIRECT-Xi-11212-C-RC
04-20 06:33:37.370  9171  9171 I FTCService: onNetworkConnectionEvent: CONNECTION_INFO_AVAILABLE
04-20 06:33:37.370  9171  9171 I FTCService: Network Connection Passphrase: dxEAoZmk
04-20 06:33:37.370  9171  9171 V WebServer: starting port=8080
04-20 06:33:37.380  9171  9171 V RobotCore: Getting network assistant of type: WIFIDIRECT
04-20 06:33:37.380  9171  9171 V WifiDirect: There are 2 Wifi Direct Assistant Clients (+)
04-20 06:33:37.390  9171  9171 V WebServer: started port=8080
04-20 06:33:37.390  9171  9171 V UpdateUI: Network: active, disconnected
04-20 06:33:37.390  9171  9215 V NetDiscover_wifiDirectAgent_bcast: wifiP2pEnabled=true
04-20 06:33:37.390  9171  9215 D NetDiscover_wifiDirectAgent_bcast: connection changed: networkInfo.state=CONNECTED
04-20 06:33:37.390  9171  9215 V NetDiscover_wifiDirectAgent_bcast: NetworkInfo: [type: WIFI_P2P[] - WIFI_P2P, state: CONNECTED/CONNECTED, reason: (unspecified), extra: (none), roaming: false, failover: false, isAvailable: true]
04-20 06:33:37.390  9171  9215 V NetDiscover_wifiDirectAgent_bcast: WifiP2pInfo: groupFormed: true isGroupOwner: true groupOwnerAddress: /192.168.49.1
04-20 06:33:37.390  9171  9215 V NetDiscover_wifiDirectAgent_bcast: WifiP2pGroup: network: DIRECT-Xi-11212-C-RC, isGO: true, GO: Device: [Phone] 11212-C-RC, deviceAddress: fe:db:b3:75:a8:79, primary type: 10-0050F204-5, secondary type: null, wps: 0, grpcapab: 0, devcapab: 0, status: 3, wfdInfo: null, groupownerAddress: null, GOdeviceName: null, interfaceAddress: , SConnectInfo : null, contactInfoHash : null, ssDevInfo : 0, iconIdx : 0, interface: p2p-wlan0-0, frequency: 2437, networkId: -1
04-20 06:33:37.390  9171  9215 V NetDiscover_wifiDirectAgent_bcast: this device changed: Device=[Phone] 11212-C-RC deviceAddress=fe:db:b3:75:a8:79 primary type=10-0050F204-5 secondary type=null wps=0 grpcapab=0 devcapab=0 status=0 wfdInfo=null groupownerAddress=null GOdeviceName=null interfaceAddress= SConnectInfo =null contactInfoHash =null ssDevInfo =0 iconIdx =0
04-20 06:33:37.390  9171  9215 V NetDiscover_name: remembering wifiDirectName: [Phone] 11212-C-RC...
04-20 06:33:37.390  9171  9215 V NetDiscover_name: ...remembering wifiDirectName
04-20 06:33:37.390  9171  9215 V NetDiscover_wifiDirectAgent_bcast: wifi direct remembered groups cleared
04-20 06:33:37.390  9171  9215 V NetDiscover_wifiDirectAgent_bcast: wifiState=ENABLED
04-20 06:33:37.400  9171  9171 E libEGL  : validate_display:255 error 3008 (EGL_BAD_DISPLAY)
04-20 06:33:37.400  9171  9171 D libEGL  : eglInitialize EGLDisplay = 0xbeeca34c
04-20 06:33:37.420  9171  9171 I Timeline: Timeline: Activity_idle id: android.os.BinderProxy@7188796 time:275529
04-20 06:33:42.300  9171  9287 V RobotCore: EventLoopManager state is NOT_STARTED
04-20 06:33:42.300  9171  9287 V RobotCore: Robot Status: stopped, waiting for Wifi to enable
04-20 06:33:42.300  9171  9287 I RobotCore: state = 3
04-20 06:33:42.300  9171  9287 V RobotCore: Robot Status: stopped, waiting for Wifi Direct to enable
04-20 06:33:42.300  9171  9287 V FTCService: Waiting for a connection to a wifi service
04-20 06:33:42.300  9171  9287 V RobotCore: Robot Status: stopped, waiting for network to become active
04-20 06:33:42.300  9171  9287 V WebServer: Asked an already running WebServer to start
04-20 06:33:42.300  9171  9287 V RobotCore: Robot Status: stopped, starting robot
04-20 06:33:42.300  9171  9287 V Robocol : EventLoopManager.start()
04-20 06:33:42.300  9171  9287 V RobotCore: Getting network assistant of type: WIFIDIRECT
04-20 06:33:42.300  9171  9287 V Robocol : Spoofing a Network Connection event...
04-20 06:33:42.300  9171  9287 I EventLoopManager: onNetworkConnectionEvent: CONNECTION_INFO_AVAILABLE
04-20 06:33:42.300  9171  9287 I Robocol : Received network connection event
04-20 06:33:42.300  9171  9287 I NetworkConnectionHandler: Handling new network connection infomation, connected: true setup needed: true
04-20 06:33:42.300  9171  9287 V RobotCore: EventLoopManager state is STOPPED
04-20 06:33:42.300  9171  9287 V Robocol : eventLoop=FtcEventLoop
04-20 06:33:42.300  9171  9287 V RobotCore: EventLoopManager state is INIT
04-20 06:33:42.300  9171  9287 V RobotCore: Robot Status: initializing, starting robot
04-20 06:33:42.300  9171  9287 I FtcEventLoop: ======= INIT START =======
04-20 06:33:42.300  9171  9287 V OpmodeRegistration: registered {DefaultOpMode} as {$Stop$Robot$}
04-20 06:33:42.300  9171  9287 V FileBasedLock: locked /storage/emulated/0/FIRST/blocks/projectslock/lock.dat
04-20 06:33:42.300  9171  9287 V FileBasedLock: unlocking /storage/emulated/0/FIRST/blocks/projectslock/lock.dat
04-20 06:33:42.310  9171  9326 V RobotCore: thread: 'SetupRunnable.run()' starting...
04-20 06:33:42.310  9171  9287 V OpmodeRegistration: registered {DistanceSensorTest} as {Distance Test?}
04-20 06:33:42.310  9171  9287 V OpmodeRegistration: registered {JointControllerTest} as {Joint controller test}
04-20 06:33:42.310  9171  9287 V OpmodeRegistration: registered {TrajectoryViewerOpMode} as {Trajectory Viewer}
04-20 06:33:42.310  9171  9287 V OpmodeRegistration: registered {Vuforia_Test} as {Vuforia_Test}
04-20 06:33:42.310  9171  9287 V OpmodeRegistration: registered {SelectParameters} as {Select Parameters}
04-20 06:33:42.310  9171  9287 V OpmodeRegistration: registered {NewTrackWidthCalibrationOpMode} as {NewTrackWidthCalibrationOpMode}
04-20 06:33:42.310  9171  9287 V OpmodeRegistration: registered {DriveVelocityPIDTuner} as {DriveVelocityPIDTuner}
04-20 06:33:42.310  9171  9287 V OpmodeRegistration: registered {TurnTestOpMode} as {TurnTestOpMode}
04-20 06:33:42.320  9171  9287 V OpmodeRegistration: registered {CoordinateTest} as {Corrdinate Testing}
04-20 06:33:42.320  9171  9287 V OpmodeRegistration: registered {AutoScoreConcept} as {auto score test}
04-20 06:33:42.320  9171  9287 V OpmodeRegistration: registered {DriveFFTuningOpMode} as {DriveFFTuningOpMode}
04-20 06:33:42.320  9171  9171 D WifiDirect: cannot create group, does group already exist?
04-20 06:33:42.320  9171  9287 V OpmodeRegistration: registered {Autonomous} as {Main Autonomous}
04-20 06:33:42.320  9171  9287 V OpmodeRegistration: registered {ArmTest} as {Arm Test}
04-20 06:33:42.320  9171  9287 V OpmodeRegistration: registered {StraightTestOpMode} as {StraightTestOpMode}
04-20 06:33:42.320  9171  9287 V OpmodeRegistration: registered {AutoCalibrateOpMode} as {AutoCalibrate}
04-20 06:33:42.320  9171  9287 V OpmodeRegistration: registered {ResetArmEncoders} as {Reset arm encoders}
04-20 06:33:42.320  9171  9287 V OpmodeRegistration: registered {FollowerPIDTuner} as {FollowerPIDTuner}
04-20 06:33:42.320  9171  9287 V OpmodeRegistration: registered {TelemetryOpmode} as {TeleOp}
04-20 06:33:42.320  9171  9287 V OpmodeRegistration: registered {ServoTestOpMode} as {Servo Tester}
04-20 06:33:42.320  9171  9287 V OpmodeRegistration: registered {SplineTestOpMode} as {SplineTestOpMode}
04-20 06:33:42.350  9171  9326 D Robocol : RobocolDatagramSocket listening addr=/192.168.49.1:20884 cbRec=65520 cbSend=163840 msRecTO=300
04-20 06:33:42.350  9171  9326 V Robocol : RecvLoopRunnable created
04-20 06:33:42.350  9171  9326 V PeerDiscovery: Starting peer discovery remote: /192.168.49.1 local: /192.168.49.1
04-20 06:33:42.350  9171  9326 V PeerDiscovery: No need for peer discovery, we are the peer discovery device
04-20 06:33:42.350  9171  9326 V RobotCore: Setup complete
04-20 06:33:42.350  9171  9326 V RobotCore: thread: ...terminating 'SetupRunnable.run()'
04-20 06:33:42.350  9171  9329 V RobotCore: thread: 'RecvLoopRunnable.run()' starting...
04-20 06:33:42.380  9171  9287 V HardwareFactory: createHardwareMap()
04-20 06:33:42.380  9171  9287 V WifiDirectInviteMonitor: clearUILynxModule()
04-20 06:33:42.390  9171  9287 V RobotCore: Creating Webcam [3F2DF43F]
04-20 06:33:42.390  9171  9287 V CameraManager: construct(hash=0x02349ab9|inst#=0)
04-20 06:33:42.420  9171  9287 D Uvc     : [jni.cpp:72] JNI_OnLoad()...
04-20 06:33:42.420  9171  9287 D Uvc     : [JniEnv.h:32] ScopedJniEnv::onJniLoad()...
04-20 06:33:42.420  9171  9287 D Uvc     : [JniEnv.h:32] ...ScopedJniEnv::onJniLoad()
04-20 06:33:42.420  9171  9287 D Uvc     : [jni.cpp:72] ...JNI_OnLoad()
04-20 06:33:42.420  9171  9287 D libusb  : [ 0.000096] [00002447] libusb: debug [op_init] sysfs(/sys/bus/usb/devices) available
04-20 06:33:42.420  9171  9287 D libusb  : [ 0.000129] [00002447] libusb: debug [op_init] sysfs can relate devices
04-20 06:33:42.420  9171  9287 D libusb  : [ 0.000143] [00002447] libusb: debug [op_init] sysfs has complete descriptors
04-20 06:33:42.420  9171  9287 D libusb  : [ 0.000156] [00002447] libusb: debug [op_init] sysfs has serial numbers
04-20 06:33:42.420  9171  9287 V UvcContext: construct(pointer=0x9b1d4500|inst#=0)
04-20 06:33:42.420  9171  9287 V RobotCore: Creating REV Robotics USB Expansion Hub Portal [DQ2FYPMN]
04-20 06:33:42.420  9171  9287 V LynxUsb : creating new [DQ2FYPMN]: 0x0b94d65f
04-20 06:33:42.430  9171  9287 V FtDevice: initialize(vid=0x0403 pid=0x6015 bcdDevice=0x1000)
04-20 06:33:42.430  9171  9287 V MonitoredUsbDeviceConnection: closing UsbDeviceConnection(DQ2FYPMN)
04-20 06:33:42.430  9171  9287 D UsbDeviceConnectionJNI: close
04-20 06:33:42.430  9171  9287 V MonitoredUsbDeviceConnection: closing UsbDeviceConnection(DQ2FYPMN)
04-20 06:33:42.430  9171  9287 D UsbDeviceConnectionJNI: close
04-20 06:33:42.430  9171  9287 V FtDeviceManager: createDeviceInfoList(): 1 USB devices
04-20 06:33:42.430  9171  9287 V FtDevice: vv********************DQ2FYPMN opening********************vv 0x01107d0a
04-20 06:33:42.440  9171  9287 V FtDevice: ^^********************DQ2FYPMN opened ********************^^
04-20 06:33:42.440  9171  9287 V FtDevice: resetting DQ2FYPMN
04-20 06:33:42.440  9171  9287 V LynxUsb : armDevice() serial=DQ2FYPMN...
04-20 06:33:42.440  9171  9287 V LynxModule: resetDevice() serial=DQ2FYPMN
04-20 06:33:42.650  9171  9329 E Robocol : exception SocketTimeoutException(null): no packet received [libcore.io.IoBridge.maybeThrowAfterRecvfrom(IoBridge.java:594)]
04-20 06:33:42.800  9171  9287 V LynxUsb : ...done armDevice()
04-20 06:33:42.800  9171  9287 V LynxUsb : 0x00c15fd6 on 0x0b94d65f: new delegate to [DQ2FYPMN]
04-20 06:33:42.800  9171  9287 V RobotCore: Creating Lynx Module - mod=1 parent=true
04-20 06:33:42.800  9171  9338 V RobotCore: thread: 'lynx incoming datagrams' starting...
04-20 06:33:42.800  9171  9287 V RobotCore: Creating Lynx Module - mod=2 parent=false
04-20 06:33:42.810  9171  9287 V LynxUsb : addConfiguredModule() module#=1
04-20 06:33:42.810  9171  9287 V LynxModule: pingAndQueryKnownInterfaces mod=1
04-20 06:33:42.810  9171  9338 V LynxUsb : synchronization gained: serial=DQ2FYPMN
04-20 06:33:42.830  9171  9287 V LynxModule: mod#=1 queryInterface(DEKA)=54 commands starting at 4096
04-20 06:33:42.830  9171  9287 V LynxModule: sending LynxFtdiResetControlCommand(true) wasInterrupted=false
04-20 06:33:42.840  9171  9339 V LynxModule: received status: LynxGetModuleStatusResponse(status=0x02 alerts=0x00: Reset)
04-20 06:33:42.840  9171  9287 V LynxModule: sendLEDPatternSteps(): #steps=4
04-20 06:33:42.850  9171  9287 V LynxUsb : addConfiguredModule() module#=2
04-20 06:33:42.850  9171  9287 V LynxModule: pingAndQueryKnownInterfaces mod=2
04-20 06:33:42.860  9171  9287 V LynxModule: mod#=2 queryInterface(DEKA)=49 commands starting at 4096
04-20 06:33:42.870  9171  9287 V LynxModule: mod#=2 intf=DEKA: expected 54 commands; found 49
04-20 06:33:42.870  9171  9287 V LynxModule: sendLEDPatternSteps(): #steps=6
04-20 06:33:42.870  9171  9340 V LynxModule: received status: LynxGetModuleStatusResponse(status=0x05 alerts=0x00: KeepAliveTimeout|FailSafe)
04-20 06:33:42.870  9171  9340 V LynxModule: resendCurrentPattern()
04-20 06:33:42.870  9171  9340 V LynxModule: sendLEDPatternSteps(): #steps=6
04-20 06:33:42.890  9171  9287 V LynxMotor: initializeHardware() mod#=1
04-20 06:33:42.960  9171  9287 V RobotCore: DcMotorImpl(type=NeveRest60Gearmotor)
04-20 06:33:42.960  9171  9287 V RobotCore: DcMotorImpl(type=NeveRest60Gearmotor)
04-20 06:33:42.960  9171  9287 V RobotCore: DcMotorImpl(type=NeveRest60Gearmotor)
04-20 06:33:42.960  9171  9287 V RobotCore: DcMotorImpl(type=NeveRest60Gearmotor)
04-20 06:33:42.960  9171  9287 V LynxServoController: initializeHardware() mod#=1
04-20 06:33:43.000  9171  9287 V LynxVoltageSensor: initializeHardware() mod#=1
04-20 06:33:43.000  9171  9287 V LynxPwmOutputController: initializeHardware() mod#=1
04-20 06:33:43.000  9171  9287 W LynxPwmOutputController: LynxSetPWMEnableCommand not implemented by lynx hw; ignoring
04-20 06:33:43.010  9171  9287 W LynxPwmOutputController: LynxSetPWMConfigurationCommand not implemented by lynx hw; ignoring
04-20 06:33:43.010  9171  9287 W LynxPwmOutputController: LynxSetPWMEnableCommand not implemented by lynx hw; ignoring
04-20 06:33:43.020  9171  9287 W LynxPwmOutputController: LynxSetPWMConfigurationCommand not implemented by lynx hw; ignoring
04-20 06:33:43.020  9171  9287 W LynxPwmOutputController: LynxSetPWMEnableCommand not implemented by lynx hw; ignoring
04-20 06:33:43.020  9171  9287 W LynxPwmOutputController: LynxSetPWMConfigurationCommand not implemented by lynx hw; ignoring
04-20 06:33:43.030  9171  9287 W LynxPwmOutputController: LynxSetPWMEnableCommand not implemented by lynx hw; ignoring
04-20 06:33:43.030  9171  9287 W LynxPwmOutputController: LynxSetPWMConfigurationCommand not implemented by lynx hw; ignoring
04-20 06:33:43.030  9171  9287 V LynxAnalogInputController: initializeHardware() mod#=1
04-20 06:33:43.040  9171  9287 V LynxDigitalChannelController: initializeHardware() mod#=1
04-20 06:33:43.070  9171  9287 V RobotCore: Creating user sensor Adafruit IMU - on Lynx module=1 bus=1
04-20 06:33:43.070  9171  9287 V RobotCore: Creating I2cDeviceSynch (Lynx) - mod=1 bus=1
04-20 06:33:43.070  9171  9287 I RobotCore: LynxFirmwareVersionManager: LynxI2cDeviceSynchV2
04-20 06:33:43.070  9171  9287 V LynxI2cDeviceSynch: initializeHardware() mod#=1
04-20 06:33:43.080  9171  9287 V RobotCore: Creating user sensor Adafruit IMU - on Lynx module=1 bus=0
04-20 06:33:43.080  9171  9287 V RobotCore: Creating I2cDeviceSynch (Lynx) - mod=1 bus=0
04-20 06:33:43.080  9171  9287 I RobotCore: LynxFirmwareVersionManager: LynxI2cDeviceSynchV2
04-20 06:33:43.080  9171  9287 V LynxI2cDeviceSynch: initializeHardware() mod#=1
04-20 06:33:43.080  9171  9287 V LynxMotor: initializeHardware() mod#=2
04-20 06:33:43.170  9171  9287 V RobotCore: DcMotorImpl(type=NeveRest40Gearmotor)
04-20 06:33:43.170  9171  9287 V RobotCore: DcMotorImpl(type=NeveRest40Gearmotor)
04-20 06:33:43.170  9171  9287 V RobotCore: DcMotorImpl(type=NeveRest40Gearmotor)
04-20 06:33:43.170  9171  9287 V RobotCore: DcMotorImpl(type=NeveRest40Gearmotor)
04-20 06:33:43.170  9171  9287 V LynxServoController: initializeHardware() mod#=2
04-20 06:33:43.220  9171  9287 V LynxVoltageSensor: initializeHardware() mod#=2
04-20 06:33:43.220  9171  9287 V LynxPwmOutputController: initializeHardware() mod#=2
04-20 06:33:43.230  9171  9287 W LynxPwmOutputController: LynxSetPWMEnableCommand not implemented by lynx hw; ignoring
04-20 06:33:43.230  9171  9287 W LynxPwmOutputController: LynxSetPWMConfigurationCommand not implemented by lynx hw; ignoring
04-20 06:33:43.240  9171  9287 W LynxPwmOutputController: LynxSetPWMEnableCommand not implemented by lynx hw; ignoring
04-20 06:33:43.240  9171  9287 W LynxPwmOutputController: LynxSetPWMConfigurationCommand not implemented by lynx hw; ignoring
04-20 06:33:43.250  9171  9287 W LynxPwmOutputController: LynxSetPWMEnableCommand not implemented by lynx hw; ignoring
04-20 06:33:43.260  9171  9287 W LynxPwmOutputController: LynxSetPWMConfigurationCommand not implemented by lynx hw; ignoring
04-20 06:33:43.260  9171  9287 W LynxPwmOutputController: LynxSetPWMEnableCommand not implemented by lynx hw; ignoring
04-20 06:33:43.270  9171  9287 W LynxPwmOutputController: LynxSetPWMConfigurationCommand not implemented by lynx hw; ignoring
04-20 06:33:43.270  9171  9287 V LynxAnalogInputController: initializeHardware() mod#=2
04-20 06:33:43.270  9171  9287 V LynxDigitalChannelController: initializeHardware() mod#=2
04-20 06:33:43.300  9171  9287 I RobotCore: ========= Device Information ===================================================
04-20 06:33:43.300  9171  9287 I RobotCore: Type                                               Name                           Connection
04-20 06:33:43.300  9171  9287 I RobotCore: Continuous Rotation Servo                          intake                         USB DQ2FYPMN; module 1; port 3
04-20 06:33:43.300  9171  9287 I RobotCore: Motor                                              frontLeft                      USB DQ2FYPMN; module 2; port 2
04-20 06:33:43.300  9171  9287 I RobotCore: Servo                                              pawServo                       USB DQ2FYPMN; module 2; port 1
04-20 06:33:43.300  9171  9287 I RobotCore: Expansion Hub DC Motor Controller                  Expansion Hub 1                USB DQ2FYPMN; module 1
04-20 06:33:43.310  9171  9287 I RobotCore: Expansion Hub Servo Controller                     Expansion Hub 1                USB DQ2FYPMN; module 1
04-20 06:33:43.310  9171  9287 I RobotCore: Expansion Hub Voltage Sensor                       Expansion Hub 1                USB DQ2FYPMN; module 1
04-20 06:33:43.310  9171  9287 I RobotCore: Expansion Hub Pwm Controller                       Expansion Hub 1                USB DQ2FYPMN; module 1
04-20 06:33:43.310  9171  9287 I RobotCore: Expansion Hub Analog Input Controller              Expansion Hub 1                USB DQ2FYPMN; module 1
04-20 06:33:43.310  9171  9287 I RobotCore: Expansion Hub Digital Channel Controller           Expansion Hub 1                USB DQ2FYPMN; module 1
04-20 06:33:43.320  9171  9287 I RobotCore: Expansion Hub (HW: 20, Maj: 1, Min: 8, Eng: 2)     Expansion Hub 1                USB DQ2FYPMN; module 1
04-20 06:33:43.320  9171  9287 I RobotCore: Motor                                              backLeft                       USB DQ2FYPMN; module 2; port 3
04-20 06:33:43.320  9171  9287 I RobotCore: Servo                                              backServo                      USB DQ2FYPMN; module 2; port 0
04-20 06:33:43.320  9171  9287 I RobotCore: Servo                                              doorServo                      USB DQ2FYPMN; module 1; port 2
04-20 06:33:43.320  9171  9287 I RobotCore: Servo                                              sorterPivot                    USB DQ2FYPMN; module 2; port 3
04-20 06:33:43.320  9171  9287 I RobotCore: Motor                                              backRight                      USB DQ2FYPMN; module 2; port 1
04-20 06:33:43.320  9171  9287 I RobotCore: Expansion Hub DC Motor Controller                  Expansion Hub 2                USB DQ2FYPMN; module 2
04-20 06:33:43.320  9171  9287 I RobotCore: Expansion Hub Servo Controller                     Expansion Hub 2                USB DQ2FYPMN; module 2
04-20 06:33:43.320  9171  9287 I RobotCore: Expansion Hub Voltage Sensor                       Expansion Hub 2                USB DQ2FYPMN; module 2
04-20 06:33:43.320  9171  9287 I RobotCore: Expansion Hub Pwm Controller                       Expansion Hub 2                USB DQ2FYPMN; module 2
04-20 06:33:43.320  9171  9287 I RobotCore: Expansion Hub Analog Input Controller              Expansion Hub 2                USB DQ2FYPMN; module 2
04-20 06:33:43.320  9171  9287 I RobotCore: Expansion Hub Digital Channel Controller           Expansion Hub 2                USB DQ2FYPMN; module 2
04-20 06:33:43.330  9171  9287 I RobotCore: Expansion Hub (HW: 20, Maj: 1, Min: 7, Eng: 2)     Expansion Hub 2                USB DQ2FYPMN; module 2
04-20 06:33:43.330  9171  9287 I RobotCore: Motor                                              intakeJoint                    USB DQ2FYPMN; module 1; port 1
04-20 06:33:43.330  9171  9287 I RobotCore: Adafruit IMU                                       imu                            USB DQ2FYPMN; module 1; bus 0; addr7=0x00
04-20 06:33:43.340  9171  9287 I RobotCore: Logitech HD Pro Webcam C920                        Webcam 1                       USB (3F2DF43F)
04-20 06:33:43.340  9171  9287 I RobotCore: Servo                                              samplingServo                  USB DQ2FYPMN; module 2; port 2
04-20 06:33:43.340  9171  9287 I RobotCore: Motor                                              frontRight                     USB DQ2FYPMN; module 2; port 0
04-20 06:33:43.340  9171  9287 I RobotCore: Motor                                              secondJoint                    USB DQ2FYPMN; module 1; port 3
04-20 06:33:43.340  9171  9287 I RobotCore: Adafruit IMU                                       jointImu                       USB DQ2FYPMN; module 1; bus 1; addr7=0x00
04-20 06:33:43.340  9171  9287 I RobotCore: Motor                                              linearSlider                   USB DQ2FYPMN; module 1; port 2
04-20 06:33:43.340  9171  9287 I RobotCore: Motor                                              firstJoint                     USB DQ2FYPMN; module 1; port 0
04-20 06:33:43.340  9171  9287 I RobotCore: REV Robotics USB Expansion Hub Portal              Expansion Hub Portal 1         USB DQ2FYPMN
04-20 06:33:43.340  9171  9287 I FtcEventLoop: ======= INIT FINISH =======
04-20 06:33:43.340  9171  9287 V RobotCore: EventLoopManager state is RUNNING
04-20 06:33:43.350  9171  9287 V MediaPlayer-JNI: native_setup
04-20 06:33:43.350  9171  9287 E ExtMediaPlayer-JNI: env->IsInstanceOf fails
04-20 06:33:43.350  9171  9287 E MediaPlayer-JNI: JNIMediaPlayerFactory: bIsQCMediaPlayerPresent 0
04-20 06:33:43.350  9171  9287 E ExtMediaPlayer-JNI: env->IsInstanceOf fails
04-20 06:33:43.350  9171  9287 E MediaPlayer-JNI: JNIMediaPlayerFactory: bIsQCMediaPlayerPresent 0
04-20 06:33:43.390  9171  9287 V MediaPlayer-JNI: setParameter: key 1400
04-20 06:33:43.390  9171  9287 V MediaPlayer-JNI: setAudioStreamType: 3
04-20 06:33:43.400  9171  9287 V MediaPlayer-JNI: set_session_id(): 45
04-20 06:33:43.400  9171  9287 V RobotCore: Robot Status: running, starting robot
04-20 06:33:43.400  9171  9343 V MediaPlayer-JNI: reset
04-20 06:33:43.400  9171  9343 V MediaPlayer-JNI: setDataSourceFD: fd 91
04-20 06:33:43.400  9171  9287 V RobotCore: Robot Status: running
04-20 06:33:43.410  9171  9287 V RobotCore: thread: ...terminating 'RobotSetupRunnable.run()'
04-20 06:33:43.420  9171  9344 V RobotCore: thread: 'opmode loop()' starting...
04-20 06:33:43.430  9171  9344 D RobotCore: system telemetry: key=$System$None$ msg=""
04-20 06:33:43.460  9171  9204 W MediaPlayer: info/warning (10973, 0)
04-20 06:33:43.460  9171  9343 V MediaPlayer-JNI: getDuration: 1019 (msec)
04-20 06:33:43.470  9171  9343 V SoundInfo: construct(0x0edb0556)
04-20 06:33:43.500  9171  9215 D SoundPlayer: onLoadComplete(samp=1|ms=1019, samp=1)=0
04-20 06:33:43.510  9171  9343 W AudioTrack: AUDIO_OUTPUT_FLAG_FAST denied by client; transfer 4, track 8000 Hz, output 48000 Hz
04-20 06:33:43.520  9171  9343 D SoundPlayer: playing volume=1.000000 samp=1|ms=1019
04-20 06:33:43.940  9171  9344 I RobotCore: Attempting to switch to op mode $Stop$Robot$
04-20 06:33:46.240  9171  9215 V NetDiscover_wifiDirectAgent_bcast: peers found: count=1
04-20 06:33:46.240  9171  9215 V NetDiscover_wifiDirectAgent_bcast:     peer: d2:5b:a8:31:5e:25 11212-A-DS
04-20 06:33:46.240  9171  9171 D WifiDirect: broadcast: peers changed
04-20 06:33:46.330  9171  9171 V WifiDirect: peers found: 1
04-20 06:33:46.330  9171  9171 V WifiDirect:     peer: d2:5b:a8:31:5e:25 11212-A-DS
04-20 06:33:46.330  9171  9171 I EventLoopManager: onNetworkConnectionEvent: PEERS_AVAILABLE
04-20 06:33:51.610  9171  9215 V NetDiscover_wifiDirectAgent_bcast: this device changed: Device=[Phone] 11212-C-RC deviceAddress=fe:db:b3:75:a8:79 primary type=10-0050F204-5 secondary type=null wps=0 grpcapab=0 devcapab=0 status=0 wfdInfo=null groupownerAddress=null GOdeviceName=null interfaceAddress= SConnectInfo =null contactInfoHash =null ssDevInfo =0 iconIdx =0
04-20 06:33:51.610  9171  9215 V NetDiscover_name: remembering wifiDirectName: [Phone] 11212-C-RC...
04-20 06:33:51.610  9171  9215 V NetDiscover_name: ...remembering wifiDirectName
04-20 06:33:51.610  9171  9171 D WifiDirect: broadcast: this device changed
04-20 06:33:51.610  9171  9171 V WifiDirect: device information: [Phone] 11212-C-RC fe:db:b3:75:a8:79
04-20 06:33:51.640  9171  9171 D WifiDirect: broadcast: peers changed
04-20 06:33:51.640  9171  9215 V NetDiscover_wifiDirectAgent_bcast: peers found: count=1
04-20 06:33:51.640  9171  9215 V NetDiscover_wifiDirectAgent_bcast:     peer: d2:5b:a8:31:5e:25 11212-A-DS
04-20 06:33:51.650  9171  9215 D NetDiscover_wifiDirectAgent_bcast: connection changed: networkInfo.state=CONNECTED
04-20 06:33:51.650  9171  9215 V NetDiscover_wifiDirectAgent_bcast: NetworkInfo: [type: WIFI_P2P[] - WIFI_P2P, state: CONNECTED/CONNECTED, reason: (unspecified), extra: (none), roaming: false, failover: false, isAvailable: true]
04-20 06:33:51.650  9171  9215 V NetDiscover_wifiDirectAgent_bcast: WifiP2pInfo: groupFormed: true isGroupOwner: true groupOwnerAddress: /192.168.49.1
04-20 06:33:51.650  9171  9215 V NetDiscover_wifiDirectAgent_bcast: WifiP2pGroup: network: DIRECT-Xi-11212-C-RC, isGO: true, GO: Device: [Phone] 11212-C-RC, deviceAddress: fe:db:b3:75:a8:79, primary type: 10-0050F204-5, secondary type: null, wps: 0, grpcapab: 0, devcapab: 0, status: 3, wfdInfo: null, groupownerAddress: null, GOdeviceName: null, interfaceAddress: , SConnectInfo : null, contactInfoHash : null, ssDevInfo : 0, iconIdx : 0, Client: Device: 11212-A-DS, deviceAddress: d2:5b:a8:31:5e:25, primary type: 10-0050F204-5, secondary type: null, wps: 392, grpcapab: 0, devcapab: 37, status: 0, wfdInfo: null, groupownerAddress: null, GOdeviceName: null, interfaceAddress: , SConnectInfo : null, contactInfoHash : null, ssDevInfo : 0, iconIdx : 0, interface: p2p-wlan0-0, frequency: 2437, networkId: -1
04-20 06:33:51.660  9171  9171 D WifiDirect: broadcast: connection changed: connectStatus=GROUP_OWNER networkInfo.state=CONNECTED
04-20 06:33:51.680  9171  9171 V WifiDirect: peers found: 1
04-20 06:33:51.680  9171  9171 V WifiDirect:     peer: d2:5b:a8:31:5e:25 11212-A-DS
04-20 06:33:51.680  9171  9171 I EventLoopManager: onNetworkConnectionEvent: PEERS_AVAILABLE
04-20 06:33:56.930  9171  9329 V PeerDiscovery: new remote peer discovered: 192.168.49.181
04-20 06:33:56.930  9171  9329 D Robocol : RobocolDatagramSocket connected to /192.168.49.181:20884
04-20 06:33:56.930  9171  9329 V NetworkConnectionHandler: starting sending loop
04-20 06:33:56.930  9171  9329 V Robocol : SendOnceRunnable created
04-20 06:33:56.960  9171  9329 V NetDiscover_prefremrc: sendAllPreferences()
04-20 06:33:56.960  9171  9329 V NetDiscover_prefremrc: sending RC pref name=pref_wifip2p_remote_channel_change_works value=true
04-20 06:33:56.970  9171  9329 V NetDiscover_prefremrc: sending RC pref name=pref_device_name value=[Phone] 11212-C-RC
04-20 06:33:56.970  9171  9329 V NetDiscover_prefremrc: sending RC pref name=pref_has_independent_phone_battery value=true
04-20 06:33:56.970  9171  9329 V NetDiscover_prefremrc: sending RC pref name=pref_has_speaker value=true
04-20 06:33:56.970  9171  9329 V NetDiscover_prefremrc: sending RC pref name=pref_app_theme value=red
04-20 06:33:56.970  9171  9329 V NetDiscover_prefremrc: sending RC pref name=pref_sound_on_off value=true
04-20 06:33:56.970  9171  9343 V MediaPlayer-JNI: reset
04-20 06:33:56.970  9171  9329 V UpdateUI: Network: active, connected
04-20 06:33:56.970  9171  9465 V Robocol : sending CMD_NOTIFY_USER_DEVICE_LIST(50), attempt: 0
04-20 06:33:56.980  9171  9343 V MediaPlayer-JNI: setDataSourceFD: fd 79
04-20 06:33:56.980  9171  9465 V Robocol : sending CMD_ROBOT_CONTROLLER_PREFERENCE(51), attempt: 0
04-20 06:33:56.980  9171  9465 V Robocol : sending CMD_ROBOT_CONTROLLER_PREFERENCE(52), attempt: 0
04-20 06:33:56.980  9171  9465 V Robocol : sending CMD_ROBOT_CONTROLLER_PREFERENCE(53), attempt: 0
04-20 06:33:56.980  9171  9465 V Robocol : sending CMD_ROBOT_CONTROLLER_PREFERENCE(54), attempt: 0
04-20 06:33:56.980  9171  9465 V Robocol : sending CMD_ROBOT_CONTROLLER_PREFERENCE(55), attempt: 0
04-20 06:33:56.980  9171  9465 V Robocol : sending CMD_ROBOT_CONTROLLER_PREFERENCE(56), attempt: 0
04-20 06:33:57.020  9171  9329 V Robocol : received command: CMD_REQUEST_UI_STATE(10007) 
04-20 06:33:57.030  9171  9182 W MediaPlayer: info/warning (10973, 0)
04-20 06:33:57.040  9171  9343 V MediaPlayer-JNI: getDuration: 485 (msec)
04-20 06:33:57.040  9171  9343 V SoundInfo: construct(0x0f6de65c)
04-20 06:33:57.050  9171  9465 V Robocol : sending CMD_NOTIFY_ACTIVE_CONFIGURATION(66), attempt: 0
04-20 06:33:57.060  9171  9465 V Robocol : sending CMD_NOTIFY_USER_DEVICE_LIST(70), attempt: 0
04-20 06:33:57.060  9171  9465 V Robocol : sending CMD_NOTIFY_OP_MODE_LIST(71), attempt: 0
04-20 06:33:57.080  9171  9215 D SoundPlayer: onLoadComplete(samp=2|ms=485, samp=2)=0
04-20 06:33:57.080  9171  9343 W AudioTrack: AUDIO_OUTPUT_FLAG_FAST denied by client; transfer 4, track 44100 Hz, output 48000 Hz
04-20 06:33:57.090  9171  9343 D SoundPlayer: playing volume=1.000000 samp=2|ms=485
04-20 06:33:57.090  9171  9465 V Robocol : sending CMD_PLAY_SOUND(73), attempt: 0
04-20 06:33:57.280  9171  9329 V Robocol : received command: CMD_ROBOT_CONTROLLER_PREFERENCE(10026) {"prefName":"pref_device_name","stringValue":"[Phone] 11212-C-RC"}
04-20 06:33:57.290  9171  9329 V Robocol : received command: CMD_ROBOT_CONTROLLER_PREFERENCE(10027) {"booleanValue":true,"prefName":"pref_sound_on_off"}
04-20 06:33:57.710  9171  9329 V Robocol : received command: CMD_INIT_OP_MODE(10039) $Stop$Robot$
04-20 06:33:57.720  9171  9344 I RobotCore: Attempting to switch to op mode $Stop$Robot$
04-20 06:33:57.810  9171  9465 V Robocol : sending CMD_NOTIFY_INIT_OP_MODE(97), attempt: 0
04-20 06:33:59.280  9171  9329 V Robocol : received command: CMD_SET_MATCH_NUMBER(10062) 0
04-20 06:33:59.280  9171  9329 V Robocol : received command: CMD_INIT_OP_MODE(10063) TeleOp
04-20 06:33:59.310  9171  9328 I RobotCore: ******************** START - OPMODE TeleOp ********************
04-20 06:33:59.310  9171  9344 I RobotCore: Attempting to switch to op mode TeleOp
04-20 06:33:59.410  9171  9344 W LynxPwmOutputController: LynxSetPWMEnableCommand not implemented by lynx hw; ignoring
04-20 06:33:59.410  9171  9344 W LynxPwmOutputController: LynxSetPWMConfigurationCommand not implemented by lynx hw; ignoring
04-20 06:33:59.420  9171  9344 W LynxPwmOutputController: LynxSetPWMEnableCommand not implemented by lynx hw; ignoring
04-20 06:33:59.430  9171  9344 W LynxPwmOutputController: LynxSetPWMConfigurationCommand not implemented by lynx hw; ignoring
04-20 06:33:59.430  9171  9344 W LynxPwmOutputController: LynxSetPWMEnableCommand not implemented by lynx hw; ignoring
04-20 06:33:59.440  9171  9344 W LynxPwmOutputController: LynxSetPWMConfigurationCommand not implemented by lynx hw; ignoring
04-20 06:33:59.440  9171  9344 W LynxPwmOutputController: LynxSetPWMEnableCommand not implemented by lynx hw; ignoring
04-20 06:33:59.440  9171  9344 W LynxPwmOutputController: LynxSetPWMConfigurationCommand not implemented by lynx hw; ignoring
04-20 06:33:59.640  9171  9344 W LynxPwmOutputController: LynxSetPWMEnableCommand not implemented by lynx hw; ignoring
04-20 06:33:59.650  9171  9344 W LynxPwmOutputController: LynxSetPWMConfigurationCommand not implemented by lynx hw; ignoring
04-20 06:33:59.650  9171  9344 W LynxPwmOutputController: LynxSetPWMEnableCommand not implemented by lynx hw; ignoring
04-20 06:33:59.660  9171  9344 W LynxPwmOutputController: LynxSetPWMConfigurationCommand not implemented by lynx hw; ignoring
04-20 06:33:59.660  9171  9344 W LynxPwmOutputController: LynxSetPWMEnableCommand not implemented by lynx hw; ignoring
04-20 06:33:59.660  9171  9344 W LynxPwmOutputController: LynxSetPWMConfigurationCommand not implemented by lynx hw; ignoring
04-20 06:33:59.670  9171  9344 W LynxPwmOutputController: LynxSetPWMEnableCommand not implemented by lynx hw; ignoring
04-20 06:33:59.670  9171  9344 W LynxPwmOutputController: LynxSetPWMConfigurationCommand not implemented by lynx hw; ignoring
04-20 06:33:59.680  9171  9480 V RobotCore: thread: 'LinearOpMode main' starting...
04-20 06:33:59.690  9171  9465 V Robocol : sending CMD_NOTIFY_INIT_OP_MODE(132), attempt: 0
04-20 06:34:00.670  9171  9329 V Robocol : received command: CMD_RUN_OP_MODE(10085) TeleOp
04-20 06:34:00.700  9171  9465 V Robocol : sending CMD_NOTIFY_RUN_OP_MODE(146), attempt: 0
04-20 06:34:11.830  9171  9171 D ViewRootImpl: ViewPostImeInputStage processPointer 0
04-20 06:34:13.560  9171  9171 D ViewRootImpl: ViewPostImeInputStage processPointer 1
04-20 06:34:14.070  9171  9171 D ViewRootImpl: ViewPostImeInputStage processPointer 0
04-20 06:34:14.170  9171  9171 D ViewRootImpl: ViewPostImeInputStage processPointer 1
04-20 06:35:07.480  9171  9171 D ViewRootImpl: ViewPostImeInputStage processPointer 0
04-20 06:35:08.820  9171  9331 E BulkPacketInWorker: DQ2FYPMN: bulkTransfer() error: -1
04-20 06:35:08.840  9171  9215 D CameraManager: ---------------------------------------------- ACTION_USB_DEVICE_DETACHED
04-20 06:35:08.840  9171  9171 V FtDeviceManager: ACTION_USB_DEVICE_DETACHED: /dev/bus/usb/001/003
04-20 06:35:08.840  9171  9171 V FtDevice: vv********************DQ2FYPMN closing********************vv 0x01107d0a
04-20 06:35:08.840  9171  9171 V FtDevice: DQ2FYPMN stopping thread readBufferManager
04-20 06:35:08.840  9171  9332 V FtDevice: DQ2FYPMN thread readBufferManager is stopped
04-20 06:35:08.840  9171  9171 V FtDevice: DQ2FYPMN stopping thread bulkPacketInWorker
04-20 06:35:08.840  9171  9331 V FtDevice: DQ2FYPMN thread bulkPacketInWorker is stopped
04-20 06:35:08.840  9171  9171 V MonitoredUsbDeviceConnection: closing UsbDeviceConnection(DQ2FYPMN)
04-20 06:35:08.840  9171  9171 D UsbDeviceConnectionJNI: close
04-20 06:35:08.840  9171  9171 V FtDevice: ^^********************DQ2FYPMN closed ********************^^
04-20 06:35:08.850  9171  9344 V RobotCore: event loop: device has shutdown abnormally: ABNORMAL
04-20 06:35:08.850  9171  9344 V EventLoopManager: event loop: detaching device DQ2FYPMN
04-20 06:35:08.850  9171  9344 I FtcEventLoop: vv===== MODULE DETACH RECOVERY: disarm REV Robotics USB Expansion Hub Portal [DQ2FYPMN]=====vv
04-20 06:35:08.850  9171  9338 V LynxUsb : device closed in incoming datagram loop
04-20 06:35:08.850  9171  9338 V RobotUsbDeviceFtdi: closing DQ2FYPMN
04-20 06:35:08.860  9171  9338 V RobotCore: thread: ...terminating 'lynx incoming datagrams'
04-20 06:35:08.860  9171  9344 V LynxUsb : disarmDevice() serial=DQ2FYPMN...
04-20 06:35:08.860  9171  9344 V LynxUsb : shutting down incoming datagrams
04-20 06:35:08.860  9171  9344 V RobotUsbDeviceFtdi: closing DQ2FYPMN
04-20 06:35:08.860  9171  9344 V LynxUsb : ...done disarmDevice()
04-20 06:35:08.860  9171  9480 E RobotCore: lynx xmit lock: #### releasing ownerless message keyed lock: ignored: LynxGetMotorEncoderPositionCommand
04-20 06:35:08.860  9171  9344 I FtcEventLoop: ======= MODULE DETACH RECOVERY: pretend REV Robotics USB Expansion Hub Portal [DQ2FYPMN]=======
04-20 06:35:08.860  9171  9329 D RobotCore: system telemetry: key=$System$Warning$ msg="REV Robotics USB Expansion Hub Portal [DQ2FYPMN] detached"
04-20 06:35:08.870  9171  9343 V MediaPlayer-JNI: reset
04-20 06:35:08.880  9171  9343 V MediaPlayer-JNI: setDataSourceFD: fd 90
04-20 06:35:08.890  9171  9171 V FtDeviceManager: ACTION_USB_DEVICE_DETACHED: /dev/bus/usb/001/005
04-20 06:35:08.890  9171  9215 D CameraManager: ---------------------------------------------- ACTION_USB_DEVICE_DETACHED
04-20 06:35:08.900  9171  9329 D RobotCore: system telemetry: key=$System$Warning$ msg="unable to find webcam "Webcam 1" with serial number 3F2DF43F; REV Robotics USB Expansion Hub Portal [DQ2FYPMN] detached"
04-20 06:35:08.930  9171  9204 W MediaPlayer: info/warning (10973, 0)
04-20 06:35:08.930  9171  9343 V MediaPlayer-JNI: getDuration: 1044 (msec)
04-20 06:35:08.930  9171  9343 V SoundInfo: construct(0x028eb6c7)
04-20 06:35:09.000  9171  9215 D SoundPlayer: onLoadComplete(samp=3|ms=1044, samp=3)=0
04-20 06:35:09.000  9171  9343 W AudioTrack: AUDIO_OUTPUT_FLAG_FAST denied by client; transfer 4, track 44100 Hz, output 48000 Hz
04-20 06:35:09.010  9171  9343 D SoundPlayer: playing volume=1.000000 samp=3|ms=1044
04-20 06:35:09.010  9171  9465 V Robocol : sending CMD_PLAY_SOUND(1781), attempt: 0
04-20 06:35:09.110  9171  9480 V RobotCore: timeout: abandoning waiting 250ms for response: cmd=LynxGetMotorEncoderPositionCommand mod=2 msg#=0
04-20 06:35:09.110  9171  9480 V RobotCore: nack rec'd mod=2 msg#=0 ref#=0 reason=ABANDONED_WAITING_FOR_RESPONSE:256
04-20 06:35:09.110  9171  9480 W LynxMotor: LynxGetMotorEncoderPositionCommand was abandoned waiting for response
04-20 06:35:09.360  9171  9480 V RobotCore: timeout: abandoning waiting 250ms for response: cmd=LynxGetMotorEncoderPositionCommand mod=2 msg#=0
04-20 06:35:09.360  9171  9480 V RobotCore: nack rec'd mod=2 msg#=0 ref#=0 reason=ABANDONED_WAITING_FOR_RESPONSE:256
04-20 06:35:09.360  9171  9480 W LynxMotor: LynxGetMotorEncoderPositionCommand was abandoned waiting for response
04-20 06:35:09.360  9171  9344 V LynxUsb : doPretend() serial=DQ2FYPMN
04-20 06:35:09.510  9171  9329 V Robocol : received command: CMD_INIT_OP_MODE(11682) $Stop$Robot$
04-20 06:35:09.610  9171  9480 V RobotCore: timeout: abandoning waiting 250ms for response: cmd=LynxGetMotorEncoderPositionCommand mod=2 msg#=0
04-20 06:35:09.620  9171  9480 V RobotCore: nack rec'd mod=2 msg#=0 ref#=0 reason=ABANDONED_WAITING_FOR_RESPONSE:256
04-20 06:35:09.620  9171  9480 W LynxMotor: LynxGetMotorEncoderPositionCommand was abandoned waiting for response
04-20 06:35:09.620  9171  9344 I FtcEventLoop: ^^===== MODULE DETACH RECOVERY: complete REV Robotics USB Expansion Hub Portal [DQ2FYPMN]=====^^
04-20 06:35:09.620  9171  9344 V RobotCore: event loop: device has shutdown abnormally: ABNORMAL
04-20 06:35:09.620  9171  9344 V EventLoopManager: event loop: detaching device 3F2DF43F
04-20 06:35:09.620  9171  9344 I FtcEventLoop: vv===== MODULE DETACH RECOVERY: disarm Webcam [3F2DF43F]=====vv
04-20 06:35:09.620  9171  9344 I FtcEventLoop: ======= MODULE DETACH RECOVERY: pretend Webcam [3F2DF43F]=======
04-20 06:35:09.620  9171  9344 I FtcEventLoop: ^^===== MODULE DETACH RECOVERY: complete Webcam [3F2DF43F]=====^^
04-20 06:35:09.670  9171  9328 I RobotCore: ******************** STOP - OPMODE /storage/emulated/0/FIRST/matchlogs/Match-0-TeleOp.txt ********************
04-20 06:35:09.670  9171  9788 I RobotCore: saving match logcat to /storage/emulated/0/FIRST/matchlogs/Match-0-TeleOp.txt
04-20 06:35:09.670  9171  9788 I RobotCore: logging command line: exec logcat -d -T '4-20 6:33:59.000' -f /storage/emulated/0/FIRST/matchlogs/Match-0-TeleOp.txt -n4 -v threadtime UsbRequestJNI:S UsbRequest:S art:W ThreadPool:W System:W ExtendedExtractor:W OMXClient:W MediaPlayer:W dalvikvm:W  *:V
04-20 06:35:09.710  9171  9480 V RobotCore: thread: ...terminating 'LinearOpMode main'
04-20 06:35:09.710  9171  9344 I RobotCore: Attempting to switch to op mode $Stop$Robot$
04-20 06:35:09.730  9171  9465 V Robocol : sending CMD_NOTIFY_INIT_OP_MODE(1798), attempt: 0
04-20 06:35:09.780  9171  9329 V Robocol : received command: CMD_RUN_OP_MODE(11692) $Stop$Robot$
04-20 06:35:09.810  9171  9465 V Robocol : sending CMD_NOTIFY_RUN_OP_MODE(1803), attempt: 0
