04-20 06:33:09.760  4871  4871 E ClassManager: 	at java.lang.ClassLoader.loadClass(ClassLoader.java:511)
04-20 06:33:09.760  4871  4871 E ClassManager: 	at org.firstinspires.ftc.robotcore.internal.opmode.OnBotJavaClassLoader.loadClass(OnBotJavaClassLoader.java:201)
04-20 06:33:09.760  4871  4871 E ClassManager: 	at java.lang.ClassLoader.loadClass(ClassLoader.java:469)
04-20 06:33:09.760  4871  4871 E ClassManager: 	... 18 more
04-20 06:33:09.760  4871  4871 E ClassManager: 	Suppressed: java.lang.ClassNotFoundException: Didn't find class "kotlin.streams.jdk8.StreamsKt$asStream$1" on path: DexPathList[[zip file "/data/app/com.qualcomm.ftcrobotcontroller-1/base.apk"],nativeLibraryDirectories=[/data/app/com.qualcomm.ftcrobotcontroller-1/lib/arm, /data/app/com.qualcomm.ftcrobotcontroller-1/base.apk!/lib/armeabi-v7a, /vendor/lib, /system/lib]]
04-20 06:33:09.760  4871  4871 E ClassManager: 		at dalvik.system.BaseDexClassLoader.findClass(BaseDexClassLoader.java:56)
04-20 06:33:09.760  4871  4871 E ClassManager: 		at java.lang.ClassLoader.loadClass(ClassLoader.java:511)
04-20 06:33:09.760  4871  4871 E ClassManager: 		at java.lang.ClassLoader.loadClass(ClassLoader.java:504)
04-20 06:33:09.760  4871  4871 E ClassManager: 		... 20 more
04-20 06:33:09.760  4871  4871 E ClassManager: 		Suppressed: java.lang.NoClassDefFoundError: kotlin.streams.jdk8.StreamsKt$asStream$1
04-20 06:33:09.760  4871  4871 E ClassManager: 			at dalvik.system.DexFile.defineClassNative(Native Method)
04-20 06:33:09.760  4871  4871 E ClassManager: 			at dalvik.system.DexFile.defineClass(DexFile.java:226)
04-20 06:33:09.760  4871  4871 E ClassManager: 			at dalvik.system.DexFile.loadClassBinaryName(DexFile.java:219)
04-20 06:33:09.760  4871  4871 E ClassManager: 			at dalvik.system.DexPathList.findClass(DexPathList.java:338)
04-20 06:33:09.760  4871  4871 E ClassManager: 			at dalvik.system.BaseDexClassLoader.findClass(BaseDexClassLoader.java:54)
04-20 06:33:09.760  4871  4871 E ClassManager: 			... 22 more
04-20 06:33:09.760  4871  4871 E ClassManager: 		Suppressed: java.lang.ClassNotFoundException: kotlin.streams.jdk8.StreamsKt$asStream$1
04-20 06:33:09.760  4871  4871 E ClassManager: 			at java.lang.Class.classForName(Native Method)
04-20 06:33:09.770  4871  4871 E ClassManager: 			at java.lang.BootClassLoader.findClass(ClassLoader.java:781)
04-20 06:33:09.770  4871  4871 E ClassManager: 			at java.lang.BootClassLoader.loadClass(ClassLoader.java:841)
04-20 06:33:09.770  4871  4871 E ClassManager: 			at java.lang.ClassLoader.loadClass(ClassLoader.java:504)
04-20 06:33:09.770  4871  4871 E ClassManager: 			... 21 more
04-20 06:33:09.770  4871  4871 E ClassManager: 		Caused by: java.lang.NoClassDefFoundError: Class not found using the boot class loader; no stack trace available
04-20 06:33:21.030  4871  4871 V UpdateUI: Network: inactive, disconnected
04-20 06:33:21.040  4871  4871 V ServiceStarter: attempting to start service FtcRobotControllerWatchdogService
04-20 06:33:21.050  4871  4871 V ServiceStarter: started service FtcRobotControllerWatchdogService
04-20 06:33:21.060  4871  4871 V RobotCore: BuildConfig: versionCode=31 versionName=4.3 module=com.qualcomm.ftcrobotcontroller
04-20 06:33:21.060  4871  4871 V RobotCore: BuildConfig: versionCode=55 versionName=8.9 module=com.qualcomm.robotcore
04-20 06:33:21.060  4871  4871 V RobotCore: BuildConfig: versionCode=55 versionName=8.9 module=com.qualcomm.hardware
04-20 06:33:21.060  4871  4871 V RobotCore: BuildConfig: versionCode=55 versionName=8.9 module=com.qualcomm.ftccommon
04-20 06:33:21.060  4871  4871 V RobotCore: BuildConfig: versionCode=55 versionName=8.9 module=com.google.blocks
04-20 06:33:21.060  4871  4871 V RobotCore: BuildConfig: versionCode=55 versionName=8.9 module=org.firstinspires.inspection
04-20 06:33:21.060  4871  4871 I RCActivity: 410c serial number: 6f6bcdd8
04-20 06:33:21.060  4871  4871 I RobotCore: Android Device: maker=samsung model=SAMSUNG-SM-G900A sdk=23
04-20 06:33:21.060  4871  4871 V RCActivity: onStart()
04-20 06:33:21.060  4871  4871 V RCActivity: onResume()
04-20 06:33:21.060  4871  4871 D ViewRootImpl: #1 mView = com.android.internal.policy.PhoneWindow$DecorView{cd317bb I.E...... R.....ID 0,0-0,0}
04-20 06:33:21.060  4871  4871 D SecWifiDisplayUtil: Metadata value : none
04-20 06:33:21.070  4871  4871 V FTCService: onUnbind()
04-20 06:33:21.070  4871  4871 V WifiDirect: There are 1 Wifi Direct Assistant Clients (-)
04-20 06:33:21.070  4871  4871 V Robocol : EventLoopManager.close()
04-20 06:33:21.070  4871  4871 I SetupRunnable: Shutting down setup and receive loop
04-20 06:33:21.170  4871  8202 V RobotCore: thread: ...terminating 'RecvLoopRunnable.run()'
04-20 06:33:21.170  4871  4871 V PeerDiscovery: Stopping peer discovery
04-20 06:33:21.170  4871  4871 D Robocol : RobocolDatagramSocket is closed
04-20 06:33:21.170  4871  4871 V FTCService: onDestroy()
04-20 06:33:21.170  4871  4871 V WebServer: stopping port=8080
04-20 06:33:21.170  4871  4871 V WifiDirect: There are 0 Wifi Direct Assistant Clients (-)
04-20 06:33:21.170  4871  4871 V WifiDirect: Disabling Wifi Direct Assistant
04-20 06:33:21.170  4871  4871 V WifiDirectInviteMonitor: stopMonitoring()
04-20 06:33:21.180  4871  4871 V WebServer: stopped port=8080
04-20 06:33:21.180  4871  4871 V FtcRobotControllerWatchdogService: onDestroy()
04-20 06:33:21.180  4871  4871 I Choreographer: Skipped 929 frames!  The application may be doing too much work on its main thread.
04-20 06:33:21.230  4871  4871 V FtcRobotControllerWatchdogService: onCreate()
04-20 06:33:21.230  4871  4871 V FtcRobotControllerWatchdogService: onStartCommand() intent=Intent { cmp=com.qualcomm.ftcrobotcontroller/org.firstinspires.ftc.ftccommon.internal.FtcRobotControllerWatchdogService } flags=0x0 startId=1
04-20 06:33:21.230  4871  4871 V FtcRobotControllerWatchdogService: shouldAutoLauchRobotController() result=false
04-20 06:33:21.230  4871  4871 V FTCService: onCreate()
04-20 06:33:21.230  4871  4871 V FTCService: onBind()
04-20 06:33:21.230  4871  4871 V WebServer: creating NanoHTTPD(8080)
04-20 06:33:21.230  4871  4871 V RobotCore: Getting network assistant of type: WIFIDIRECT
04-20 06:33:21.230  4871  4871 V WifiDirect: There are 1 Wifi Direct Assistant Clients (+)
04-20 06:33:21.230  4871  4871 V WifiDirect: Enabling Wifi Direct Assistant
04-20 06:33:21.240  4871  4871 V WifiDirectInviteMonitor: startMonitoring()
04-20 06:33:21.240  4871  7774 V NetDiscover_wifiDirectAgent_bcast: wifiP2pEnabled=true
04-20 06:33:21.250  4871  7774 D NetDiscover_wifiDirectAgent_bcast: connection changed: networkInfo.state=CONNECTED
04-20 06:33:21.250  4871  7774 V NetDiscover_wifiDirectAgent_bcast: NetworkInfo: [type: WIFI_P2P[] - WIFI_P2P, state: CONNECTED/CONNECTED, reason: (unspecified), extra: (none), roaming: false, failover: false, isAvailable: true]
04-20 06:33:21.250  4871  7774 V NetDiscover_wifiDirectAgent_bcast: WifiP2pInfo: groupFormed: true isGroupOwner: true groupOwnerAddress: /192.168.49.1
04-20 06:33:21.250  4871  7774 V NetDiscover_wifiDirectAgent_bcast: WifiP2pGroup: network: DIRECT-41-11212-C-RC, isGO: true, GO: Device: [Phone] 11212-C-RC, deviceAddress: fe:db:b3:75:a8:79, primary type: 10-0050F204-5, secondary type: null, wps: 0, grpcapab: 0, devcapab: 0, status: 3, wfdInfo: null, groupownerAddress: null, GOdeviceName: null, interfaceAddress: , SConnectInfo : null, contactInfoHash : null, ssDevInfo : 0, iconIdx : 0, interface: p2p-wlan0-0, frequency: 2437, networkId: -1
04-20 06:33:21.250  4871  7774 V NetDiscover_wifiDirectAgent_bcast: this device changed: Device=[Phone] 11212-C-RC deviceAddress=fe:db:b3:75:a8:79 primary type=10-0050F204-5 secondary type=null wps=0 grpcapab=0 devcapab=0 status=0 wfdInfo=null groupownerAddress=null GOdeviceName=null interfaceAddress= SConnectInfo =null contactInfoHash =null ssDevInfo =0 iconIdx =0
04-20 06:33:21.250  4871  7774 V NetDiscover_name: remembering wifiDirectName: [Phone] 11212-C-RC...
04-20 06:33:21.250  4871  7774 V NetDiscover_name: ...remembering wifiDirectName
04-20 06:33:21.250  4871  7774 V NetDiscover_wifiDirectAgent_bcast: wifi direct remembered groups cleared
04-20 06:33:21.250  4871  7774 V NetDiscover_wifiDirectAgent_bcast: wifiState=ENABLED
04-20 06:33:21.250  4871  4871 E ActivityThread: Service com.qualcomm.ftccommon.FtcRobotControllerService has leaked IntentReceiver com.qualcomm.robotcore.wifi.WifiDirectAssistant$WifiP2pBroadcastReceiver@9fad0c that was originally registered here. Are you missing a call to unregisterReceiver()?
04-20 06:33:21.250  4871  4871 E ActivityThread: android.app.IntentReceiverLeaked: Service com.qualcomm.ftccommon.FtcRobotControllerService has leaked IntentReceiver com.qualcomm.robotcore.wifi.WifiDirectAssistant$WifiP2pBroadcastReceiver@9fad0c that was originally registered here. Are you missing a call to unregisterReceiver()?
04-20 06:33:21.250  4871  4871 E ActivityThread: 	at android.app.LoadedApk$ReceiverDispatcher.<init>(LoadedApk.java:1030)
04-20 06:33:21.250  4871  4871 E ActivityThread: 	at android.app.LoadedApk.getReceiverDispatcher(LoadedApk.java:817)
04-20 06:33:21.250  4871  4871 E ActivityThread: 	at android.app.ContextImpl.registerReceiverInternal(ContextImpl.java:1260)
04-20 06:33:21.250  4871  4871 E ActivityThread: 	at android.app.ContextImpl.registerReceiver(ContextImpl.java:1240)
04-20 06:33:21.250  4871  4871 E ActivityThread: 	at android.app.ContextImpl.registerReceiver(ContextImpl.java:1234)
04-20 06:33:21.250  4871  4871 E ActivityThread: 	at com.qualcomm.robotcore.wifi.WifiDirectAssistant.enable(WifiDirectAssistant.java:295)
04-20 06:33:21.250  4871  4871 E ActivityThread: 	at com.qualcomm.ftccommon.FtcRobotControllerService.onBind(FtcRobotControllerService.java:372)
04-20 06:33:21.250  4871  4871 E ActivityThread: 	at android.app.ActivityThread.handleBindService(ActivityThread.java:3834)
04-20 06:33:21.250  4871  4871 E ActivityThread: 	at android.app.ActivityThread.access$2200(ActivityThread.java:221)
04-20 06:33:21.250  4871  4871 E ActivityThread: 	at android.app.ActivityThread$H.handleMessage(ActivityThread.java:1887)
04-20 06:33:21.250  4871  4871 E ActivityThread: 	at android.os.Handler.dispatchMessage(Handler.java:102)
04-20 06:33:21.250  4871  4871 E ActivityThread: 	at android.os.Looper.loop(Looper.java:158)
04-20 06:33:21.250  4871  4871 E ActivityThread: 	at android.app.ActivityThread.main(ActivityThread.java:7224)
04-20 06:33:21.250  4871  4871 E ActivityThread: 	at java.lang.reflect.Method.invoke(Native Method)
04-20 06:33:21.250  4871  4871 E ActivityThread: 	at com.android.internal.os.ZygoteInit$MethodAndArgsCaller.run(ZygoteInit.java:1230)
04-20 06:33:21.250  4871  4871 E ActivityThread: 	at com.android.internal.os.ZygoteInit.main(ZygoteInit.java:1120)
04-20 06:33:21.250  4871  4871 E ActivityThread: Service com.qualcomm.ftccommon.FtcRobotControllerService has leaked IntentReceiver org.firstinspires.ftc.robotcore.internal.network.WifiDirectInviteDialogMonitor@dfe8655 that was originally registered here. Are you missing a call to unregisterReceiver()?
04-20 06:33:21.250  4871  4871 E ActivityThread: android.app.IntentReceiverLeaked: Service com.qualcomm.ftccommon.FtcRobotControllerService has leaked IntentReceiver org.firstinspires.ftc.robotcore.internal.network.WifiDirectInviteDialogMonitor@dfe8655 that was originally registered here. Are you missing a call to unregisterReceiver()?
04-20 06:33:21.250  4871  4871 E ActivityThread: 	at android.app.LoadedApk$ReceiverDispatcher.<init>(LoadedApk.java:1030)
04-20 06:33:21.250  4871  4871 E ActivityThread: 	at android.app.LoadedApk.getReceiverDispatcher(LoadedApk.java:817)
04-20 06:33:21.250  4871  4871 E ActivityThread: 	at android.app.ContextImpl.registerReceiverInternal(ContextImpl.java:1260)
04-20 06:33:21.250  4871  4871 E ActivityThread: 	at android.app.ContextImpl.registerReceiver(ContextImpl.java:1240)
04-20 06:33:21.250  4871  4871 E ActivityThread: 	at android.app.ContextImpl.registerReceiver(ContextImpl.java:1234)
04-20 06:33:21.250  4871  4871 E ActivityThread: 	at org.firstinspires.ftc.robotcore.internal.network.WifiDirectInviteDialogMonitor.startMonitoring(WifiDirectInviteDialogMonitor.java:129)
04-20 06:33:21.250  4871  4871 E ActivityThread: 	at com.qualcomm.robotcore.wifi.WifiDirectAssistant.enable(WifiDirectAssistant.java:296)
04-20 06:33:21.250  4871  4871 E ActivityThread: 	at com.qualcomm.ftccommon.FtcRobotControllerService.onBind(FtcRobotControllerService.java:372)
04-20 06:33:21.250  4871  4871 E ActivityThread: 	at android.app.ActivityThread.handleBindService(ActivityThread.java:3834)
04-20 06:33:21.250  4871  4871 E ActivityThread: 	at android.app.ActivityThread.access$2200(ActivityThread.java:221)
04-20 06:33:21.250  4871  4871 E ActivityThread: 	at android.app.ActivityThread$H.handleMessage(ActivityThread.java:1887)
04-20 06:33:21.250  4871  4871 E ActivityThread: 	at android.os.Handler.dispatchMessage(Handler.java:102)
04-20 06:33:21.250  4871  4871 E ActivityThread: 	at android.os.Looper.loop(Looper.java:158)
04-20 06:33:21.250  4871  4871 E ActivityThread: 	at android.app.ActivityThread.main(ActivityThread.java:7224)
04-20 06:33:21.250  4871  4871 E ActivityThread: 	at java.lang.reflect.Method.invoke(Native Method)
04-20 06:33:21.250  4871  4871 E ActivityThread: 	at com.android.internal.os.ZygoteInit$MethodAndArgsCaller.run(ZygoteInit.java:1230)
04-20 06:33:21.250  4871  4871 E ActivityThread: 	at com.android.internal.os.ZygoteInit.main(ZygoteInit.java:1120)
04-20 06:33:21.260  4871  4871 D ViewRootImpl: MSG_RESIZED_REPORT: ci=Rect(0, 0 - 0, 0) vi=Rect(0, 0 - 0, 0) or=2
04-20 06:33:21.270  4871  4871 D WifiDirect: broadcast: state - enabled: true
04-20 06:33:21.270  4871  4871 D WifiDirect: broadcast: connection changed: connectStatus=NOT_CONNECTED networkInfo.state=CONNECTED
04-20 06:33:21.270  4871  4871 D WifiDirect: broadcast: this device changed
04-20 06:33:21.270  4871  4871 V WifiDirect: device information: [Phone] 11212-C-RC fe:db:b3:75:a8:79
04-20 06:33:21.270  4871  4871 V FTCService: RCActivity.controllerService=bound
04-20 06:33:21.270  4871  4871 V UpdateUI: Network: unknown, disconnected
04-20 06:33:21.270  4871  4871 V RobotCore: Robot Status: stopped
04-20 06:33:21.290  4871  9072 V RobotCore: thread: 'RobotSetupRunnable.run()' starting...
04-20 06:33:21.290  4871  9072 V FTCService: Processing robot setup
04-20 06:33:21.290  4871  9072 V RobotCore: Robot Status: stopped, scanning for USB devices
04-20 06:33:21.300  4871  4871 I Timeline: Timeline: Activity_idle id: android.os.BinderProxy@2abac4a time:259409
04-20 06:33:21.400  4871  7774 V NetDiscover_wifiDirectAgent_bcast: this device changed: Device=[Phone] 11212-C-RC deviceAddress=fe:db:b3:75:a8:79 primary type=10-0050F204-5 secondary type=null wps=0 grpcapab=0 devcapab=0 status=3 wfdInfo=null groupownerAddress=null GOdeviceName=null interfaceAddress= SConnectInfo =null contactInfoHash =null ssDevInfo =0 iconIdx =0
04-20 06:33:21.400  4871  7774 V NetDiscover_name: remembering wifiDirectName: [Phone] 11212-C-RC...
04-20 06:33:21.400  4871  7774 V NetDiscover_name: ...remembering wifiDirectName
04-20 06:33:21.410  4871  7774 D NetDiscover_wifiDirectAgent_bcast: connection changed: networkInfo.state=DISCONNECTED
04-20 06:33:21.410  4871  7774 V NetDiscover_wifiDirectAgent_bcast: NetworkInfo: [type: WIFI_P2P[] - WIFI_P2P, state: DISCONNECTED/DISCONNECTED, reason: (unspecified), extra: (none), roaming: false, failover: false, isAvailable: true]
04-20 06:33:21.410  4871  7774 V NetDiscover_wifiDirectAgent_bcast: WifiP2pInfo: groupFormed: false isGroupOwner: false groupOwnerAddress: null
04-20 06:33:21.410  4871  7774 V NetDiscover_wifiDirectAgent_bcast: WifiP2pGroup: network: null, isGO: false, GO: null, interface: null, frequency: 0, networkId: 0
04-20 06:33:21.550  4871  4871 I FTCService: onNetworkConnectionEvent: GROUP_CREATED
04-20 06:33:21.550  4871  4871 D WifiDirect: created group
04-20 06:33:21.550  4871  4871 D AndroidRuntime: Shutting down VM
04-20 06:33:21.550  4871  4871 E AndroidRuntime: FATAL EXCEPTION: main
04-20 06:33:21.550  4871  4871 E AndroidRuntime: Process: com.qualcomm.ftcrobotcontroller, PID: 4871
04-20 06:33:21.550  4871  4871 E AndroidRuntime: java.lang.NullPointerException: Attempt to invoke virtual method 'java.lang.String java.net.InetAddress.toString()' on a null object reference
04-20 06:33:21.550  4871  4871 E AndroidRuntime: 	at com.qualcomm.robotcore.wifi.WifiDirectAssistant$WifiDirectConnectionInfoListener.onConnectionInfoAvailable(WifiDirectAssistant.java:139)
04-20 06:33:21.550  4871  4871 E AndroidRuntime: 	at android.net.wifi.p2p.WifiP2pManager$Channel$P2pHandler.handleMessage(WifiP2pManager.java:1029)
04-20 06:33:21.550  4871  4871 E AndroidRuntime: 	at android.os.Handler.dispatchMessage(Handler.java:102)
04-20 06:33:21.550  4871  4871 E AndroidRuntime: 	at android.os.Looper.loop(Looper.java:158)
04-20 06:33:21.550  4871  4871 E AndroidRuntime: 	at android.app.ActivityThread.main(ActivityThread.java:7224)
04-20 06:33:21.550  4871  4871 E AndroidRuntime: 	at java.lang.reflect.Method.invoke(Native Method)
04-20 06:33:21.550  4871  4871 E AndroidRuntime: 	at com.android.internal.os.ZygoteInit$MethodAndArgsCaller.run(ZygoteInit.java:1230)
04-20 06:33:21.550  4871  4871 E AndroidRuntime: 	at com.android.internal.os.ZygoteInit.main(ZygoteInit.java:1120)
04-20 06:33:25.150  4871  4871 I Process : Sending signal. PID: 4871 SIG: 9
04-20 06:33:25.790  9171  9171 W SELinux : SELinux: seapp_context_lookup: seinfo=default, level=s0:c512,c768, pkgname=com.qualcomm.ftcrobotcontroller 
04-20 06:33:25.830  9171  9171 D TimaKeyStoreProvider: TimaSignature is unavailable
04-20 06:33:25.830  9171  9171 D ActivityThread: Added TimaKeyStore provider
04-20 06:33:25.930  9171  9171 W ResourcesManager: getTopLevelResources: /data/app/com.qualcomm.ftcrobotcontroller-1/base.apk / 1.0 running in com.qualcomm.ftcrobotcontroller rsrc of package null
04-20 06:33:26.010  9171  9171 W linker  : /data/app/com.qualcomm.ftcrobotcontroller-1/lib/arm/libsupportjni.so: is missing DT_SONAME will use basename as a replacement: "libsupportjni.so"
04-20 06:33:26.130  9171  9196 E StudioProfiler: Studio Profilers encountered an unexpected error. Consider reporting a bug, including logcat output below.
04-20 06:33:26.130  9171  9196 E StudioProfiler: See also: https://developer.android.com/studio/report-bugs.html#studio-bugs
04-20 06:33:26.130  9171  9196 E StudioProfiler: 
04-20 06:33:26.130  9171  9196 E StudioProfiler: Failed to capture application
04-20 06:33:26.140  9171  9196 V StudioProfiler: Acquiring Application for Events
04-20 06:33:26.140  9171  9171 V AppUtil : initializing: getExternalStorageDirectory()=/storage/emulated/0
04-20 06:33:26.150  9171  9171 I AppUtil : found usbFileSystemRoot: /dev/bus/usb
04-20 06:33:26.150  9171  9200 V RobotCore: saving logcat to /storage/emulated/0/robotControllerLog.txt
04-20 06:33:26.150  9171  9200 V RobotCore: logging command line: exec logcat -f /storage/emulated/0/robotControllerLog.txt -r4096 -n4 -v threadtime UsbRequestJNI:S UsbRequest:S art:W ThreadPool:W System:W ExtendedExtractor:W OMXClient:W MediaPlayer:W dalvikvm:W  *:V
04-20 06:33:26.160  9171  9171 V ServiceStarter: attempting to start service MediaTransferProtocolMonitorService
04-20 06:33:26.170  9171  9171 V ServiceStarter: started service MediaTransferProtocolMonitorService
04-20 06:33:26.170  9171  9171 V ServiceStarter: attempting to start service OnBotJavaService
04-20 06:33:26.170  9171  9171 V ServiceStarter: started service OnBotJavaService
04-20 06:33:26.170  9171  9171 W ResourcesManager: getTopLevelResources: /data/app/com.qualcomm.ftcrobotcontroller-1/base.apk / 1.0 running in com.qualcomm.ftcrobotcontroller rsrc of package null
04-20 06:33:26.180  9171  9171 W ResourcesManager: getTopLevelResources: /data/app/com.qualcomm.ftcrobotcontroller-1/base.apk / 1.0 running in com.qualcomm.ftcrobotcontroller rsrc of package null
04-20 06:33:26.190  9171  9171 V AppUtil : rootActivity=FtcRobotControllerActivity
04-20 06:33:26.270  9171  9200 I RobotCore: Done running ps
04-20 06:33:29.730  9171  9171 V RCActivity: onCreate()
04-20 06:33:29.740  9171  9171 V RCActivity: rootActivity is of class FtcRobotControllerActivity
04-20 06:33:29.740  9171  9215 V CallbackLooper: thread=1073
04-20 06:33:29.750  9171  9171 V NetDiscover_wifiDirectAgent: doStart()...
04-20 06:33:29.750  9171  9171 V NetDiscover_wifiDirectAgent: ...doStart()
04-20 06:33:29.750  9171  9171 V NetDiscover_name: doStart()...
04-20 06:33:29.760  9171  9171 V NetDiscover_name: ...doStart()
04-20 06:33:29.760  9171  9171 V NetDiscover_prefremrc: ----- all preferences -----
04-20 06:33:29.760  9171  9171 V NetDiscover_prefremrc: name='pref_app_version' value=unavailable
04-20 06:33:29.760  9171  9171 V NetDiscover_prefremrc: name='pref_wifip2p_groupowner_connectedto' value=[Phone] 11212-C-RC
04-20 06:33:29.760  9171  9171 V NetDiscover_prefremrc: name='pref_has_speaker' value=true
04-20 06:33:29.760  9171  9171 V NetDiscover_prefremrc: name='pref_network_protocol_version' value=unavailable
04-20 06:33:29.760  9171  9171 V NetDiscover_prefremrc: name='pref_pairing_kind' value=WIFIDIRECT
04-20 06:33:29.760  9171  9171 V NetDiscover_prefremrc: name='pref_has_independent_phone_battery' value=true
04-20 06:33:29.760  9171  9171 V NetDiscover_prefremrc: name='pref_app_theme' value=red
04-20 06:33:29.760  9171  9171 V NetDiscover_prefremrc: name='pref_wifip2p_remote_channel_change_works' value=true
04-20 06:33:29.760  9171  9171 V NetDiscover_prefremrc: name='pref_device_name' value=[Phone] 11212-C-RC
04-20 06:33:29.760  9171  9171 V NetDiscover_prefremrc: name='pref_hardware_config_filename' value={"isDirty":false,"location":"LOCAL_STORAGE","name":"rover_ruckus","resourceId":0}
04-20 06:33:29.760  9171  9171 V NetDiscover_prefremrc: name='pref_network_connection_info' value=unavailable
04-20 06:33:29.760  9171  9171 V NetDiscover_prefremrc: name='pref_device_name_old' value=[Phone] 11212-C-RC
04-20 06:33:29.760  9171  9171 V NetDiscover_prefremrc: name='pref_build_time' value=unavailable
04-20 06:33:29.760  9171  9171 V NetDiscover_prefremrc: name='pref_device_name_tracking' value=WIFIDIRECT
04-20 06:33:29.760  9171  9171 V NetDiscover_prefremrc: name='pref_sound_on_off' value=true
04-20 06:33:29.760  9171  9171 V NetDiscover_prefremrc: name='pref_rc_connected' value=true
04-20 06:33:29.760  9171  9171 V NetDiscover_prefremrc: name='pref_lib_version' value=unavailable
04-20 06:33:29.760  9171  9171 V NetDiscover_prefremrc: doStart()...
04-20 06:33:29.760  9171  9171 V NetDiscover_prefremrc: ...doStart()
04-20 06:33:29.760  9171  9215 V NetDiscover_wifiDirectAgent_bcast: wifiP2pEnabled=true
04-20 06:33:29.770  9171  9215 D NetDiscover_wifiDirectAgent_bcast: connection changed: networkInfo.state=CONNECTED
04-20 06:33:29.770  9171  9215 V NetDiscover_wifiDirectAgent_bcast: NetworkInfo: [type: WIFI_P2P[] - WIFI_P2P, state: CONNECTED/CONNECTED, reason: (unspecified), extra: (none), roaming: false, failover: false, isAvailable: true]
04-20 06:33:29.770  9171  9215 V NetDiscover_wifiDirectAgent_bcast: WifiP2pInfo: groupFormed: true isGroupOwner: true groupOwnerAddress: /192.168.49.1
04-20 06:33:29.770  9171  9215 V NetDiscover_wifiDirectAgent_bcast: WifiP2pGroup: network: DIRECT-Xi-11212-C-RC, isGO: true, GO: Device: [Phone] 11212-C-RC, deviceAddress: fe:db:b3:75:a8:79, primary type: 10-0050F204-5, secondary type: null, wps: 0, grpcapab: 0, devcapab: 0, status: 3, wfdInfo: null, groupownerAddress: null, GOdeviceName: null, interfaceAddress: , SConnectInfo : null, contactInfoHash : null, ssDevInfo : 0, iconIdx : 0, interface: p2p-wlan0-0, frequency: 2437, networkId: -1
04-20 06:33:29.780  9171  9215 V NetDiscover_wifiDirectAgent_bcast: this device changed: Device=[Phone] 11212-C-RC deviceAddress=fe:db:b3:75:a8:79 primary type=10-0050F204-5 secondary type=null wps=0 grpcapab=0 devcapab=0 status=0 wfdInfo=null groupownerAddress=null GOdeviceName=null interfaceAddress= SConnectInfo =null contactInfoHash =null ssDevInfo =0 iconIdx =0
04-20 06:33:29.780  9171  9215 V NetDiscover_name: remembering wifiDirectName: [Phone] 11212-C-RC...
04-20 06:33:29.780  9171  9215 V NetDiscover_name: wifiDirectName=[Phone] 11212-C-RC
04-20 06:33:29.780  9171  9215 V NetDiscover_name: ...remembering wifiDirectName
04-20 06:33:29.780  9171  9215 V NetDiscover_wifiDirectAgent_bcast: wifi direct remembered groups cleared
04-20 06:33:29.780  9171  9215 V NetDiscover_wifiDirectAgent_bcast: wifiState=ENABLED
04-20 06:33:29.790  9171  9171 I WebViewFactory: Loading com.google.android.webview version 71.0.3578.99 (code 357809900)
04-20 06:33:29.840  9171  9171 W ResourcesManager: getTopLevelResources: /data/app/com.google.android.webview-1/base.apk / 1.0 running in com.qualcomm.ftcrobotcontroller rsrc of package null
04-20 06:33:29.860  9171  9171 I cr_LibraryLoader: Time to load native libraries: 2 ms (timestamps 7958-7960)
04-20 06:33:29.890  9171  9171 I chromium: [INFO:library_loader_hooks.cc(36)] Chromium logging enabled: level = 0, default verbosity = 0
04-20 06:33:29.890  9171  9171 I cr_LibraryLoader: Expected native library version number "71.0.3578.99", actual native library version number "71.0.3578.99"
04-20 06:33:29.910  9171  9171 I cr_BrowserStartup: Initializing chromium process, singleProcess=true
04-20 06:33:29.960  9171  9171 D SecWifiDisplayUtil: Metadata value : none
04-20 06:33:30.030  9171  9171 D ConnectivityManager: requestNetwork; getAppId(CallingUid) : 10198, CallingPid : 9171
04-20 06:33:30.090  9171  9171 V OnBotJava: OnBotJavaManager::static
04-20 06:33:30.090  9171  9171 W System.err: stat failed: ENOENT (No such file or directory) : java/android.jar
04-20 06:33:30.170  9171  9171 W System.err: stat failed: ENOENT (No such file or directory) : java/onbotjava-classes.jar
04-20 06:33:30.340  9171  9171 V OnBotJava: getCurrentOutputJarDir() unavailable
04-20 06:33:30.340  9171  9171 V OnBotJava: getCurrentOutputJarDir() unavailable
04-20 06:33:30.350  9171  9171 W ClassManager: com.android.tools.profiler.agent.okhttp.OkHttp2Interceptor java.lang.ClassNotFoundException: com.android.tools.profiler.agent.okhttp.OkHttp2Interceptor
04-20 06:33:30.360  9171  9171 E ClassManager: java.lang.ClassNotFoundException: com.android.tools.profiler.agent.okhttp.OkHttp2Interceptor
04-20 06:33:30.360  9171  9171 E ClassManager: 	at java.lang.Class.classForName(Native Method)
04-20 06:33:30.360  9171  9171 E ClassManager: 	at java.lang.Class.forName(Class.java:324)
04-20 06:33:30.360  9171  9171 E ClassManager: 	at org.firstinspires.ftc.robotcore.internal.opmode.ClassManager.classNamesToClasses(ClassManager.java:187)
04-20 06:33:30.360  9171  9171 E ClassManager: 	at org.firstinspires.ftc.robotcore.internal.opmode.ClassManager.processAllClasses(ClassManager.java:253)
04-20 06:33:30.360  9171  9171 E ClassManager: 	at com.qualcomm.ftccommon.ClassManagerFactory.processAllClasses(ClassManagerFactory.java:90)
04-20 06:33:30.360  9171  9171 E ClassManager: 	at org.firstinspires.ftc.robotcontroller.internal.FtcRobotControllerActivity.onCreate(FtcRobotControllerActivity.java:299)
04-20 06:33:30.360  9171  9171 E ClassManager: 	at android.app.Activity.performCreate(Activity.java:6876)
04-20 06:33:30.360  9171  9171 E ClassManager: 	at android.app.Instrumentation.callActivityOnCreate(Instrumentation.java:1135)
04-20 06:33:30.360  9171  9171 E ClassManager: 	at android.app.ActivityThread.performLaunchActivity(ActivityThread.java:3206)
04-20 06:33:30.360  9171  9171 E ClassManager: 	at android.app.ActivityThread.handleLaunchActivity(ActivityThread.java:3349)
04-20 06:33:30.360  9171  9171 E ClassManager: 	at android.app.ActivityThread.access$1100(ActivityThread.java:221)
04-20 06:33:30.360  9171  9171 E ClassManager: 	at android.app.ActivityThread$H.handleMessage(ActivityThread.java:1794)
04-20 06:33:30.360  9171  9171 E ClassManager: 	at android.os.Handler.dispatchMessage(Handler.java:102)
04-20 06:33:30.360  9171  9171 E ClassManager: 	at android.os.Looper.loop(Looper.java:158)
04-20 06:33:30.360  9171  9171 E ClassManager: 	at android.app.ActivityThread.main(ActivityThread.java:7224)
04-20 06:33:30.360  9171  9171 E ClassManager: 	at java.lang.reflect.Method.invoke(Native Method)
04-20 06:33:30.360  9171  9171 E ClassManager: 	at com.android.internal.os.ZygoteInit$MethodAndArgsCaller.run(ZygoteInit.java:1230)
04-20 06:33:30.360  9171  9171 E ClassManager: 	at com.android.internal.os.ZygoteInit.main(ZygoteInit.java:1120)
04-20 06:33:30.360  9171  9171 E ClassManager: Caused by: java.lang.ClassNotFoundException: com.android.tools.profiler.agent.okhttp.OkHttp2Interceptor
04-20 06:33:30.360  9171  9171 E ClassManager: 	at org.firstinspires.ftc.robotcore.internal.opmode.OnBotJavaClassLoader.findClass(OnBotJavaClassLoader.java:211)
04-20 06:33:30.360  9171  9171 E ClassManager: 	at java.lang.ClassLoader.loadClass(ClassLoader.java:511)
04-20 06:33:30.360  9171  9171 E ClassManager: 	at org.firstinspires.ftc.robotcore.internal.opmode.OnBotJavaClassLoader.loadClass(OnBotJavaClassLoader.java:201)
04-20 06:33:30.360  9171  9171 E ClassManager: 	at java.lang.ClassLoader.loadClass(ClassLoader.java:469)
04-20 06:33:30.360  9171  9171 E ClassManager: 	... 18 more
04-20 06:33:30.360  9171  9171 E ClassManager: 	Suppressed: java.lang.ClassNotFoundException: Didn't find class "com.android.tools.profiler.agent.okhttp.OkHttp2Interceptor" on path: DexPathList[[zip file "/data/app/com.qualcomm.ftcrobotcontroller-1/base.apk"],nativeLibraryDirectories=[/data/app/com.qualcomm.ftcrobotcontroller-1/lib/arm, /data/app/com.qualcomm.ftcrobotcontroller-1/base.apk!/lib/armeabi-v7a, /vendor/lib, /system/lib]]
04-20 06:33:30.360  9171  9171 E ClassManager: 		at dalvik.system.BaseDexClassLoader.findClass(BaseDexClassLoader.java:56)
04-20 06:33:30.360  9171  9171 E ClassManager: 		at java.lang.ClassLoader.loadClass(ClassLoader.java:511)
04-20 06:33:30.360  9171  9171 E ClassManager: 		at java.lang.ClassLoader.loadClass(ClassLoader.java:504)
04-20 06:33:30.360  9171  9171 E ClassManager: 		... 20 more
04-20 06:33:30.360  9171  9171 E ClassManager: 		Suppressed: java.lang.NoClassDefFoundError: com.android.tools.profiler.agent.okhttp.OkHttp2Interceptor
04-20 06:33:30.360  9171  9171 E ClassManager: 			at dalvik.system.DexFile.defineClassNative(Native Method)
04-20 06:33:30.370  9171  9171 E ClassManager: 			at dalvik.system.DexFile.defineClass(DexFile.java:226)
04-20 06:33:30.370  9171  9171 E ClassManager: 			at dalvik.system.DexFile.loadClassBinaryName(DexFile.java:219)
04-20 06:33:30.370  9171  9171 E ClassManager: 			at dalvik.system.DexPathList.findClass(DexPathList.java:338)
04-20 06:33:30.370  9171  9171 E ClassManager: 			at dalvik.system.BaseDexClassLoader.findClass(BaseDexClassLoader.java:54)
04-20 06:33:30.370  9171  9171 E ClassManager: 			... 22 more
04-20 06:33:30.370  9171  9171 E ClassManager: 		Suppressed: java.lang.ClassNotFoundException: com.android.tools.profiler.agent.okhttp.OkHttp2Interceptor
04-20 06:33:30.370  9171  9171 E ClassManager: 			at java.lang.Class.classForName(Native Method)
04-20 06:33:30.370  9171  9171 E ClassManager: 			at java.lang.BootClassLoader.findClass(ClassLoader.java:781)
04-20 06:33:30.370  9171  9171 E ClassManager: 			at java.lang.BootClassLoader.loadClass(ClassLoader.java:841)
04-20 06:33:30.370  9171  9171 E ClassManager: 			at java.lang.ClassLoader.loadClass(ClassLoader.java:504)
04-20 06:33:30.370  9171  9171 E ClassManager: 			... 21 more
04-20 06:33:30.370  9171  9171 E ClassManager: 		Caused by: java.lang.NoClassDefFoundError: Class not found using the boot class loader; no stack trace available
04-20 06:33:30.370  9171  9171 W ClassManager: com.android.tools.profiler.agent.okhttp.OkHttp3Interceptor java.lang.ClassNotFoundException: com.android.tools.profiler.agent.okhttp.OkHttp3Interceptor
04-20 06:33:30.370  9171  9171 E ClassManager: java.lang.ClassNotFoundException: com.android.tools.profiler.agent.okhttp.OkHttp3Interceptor
04-20 06:33:30.370  9171  9171 E ClassManager: 	at java.lang.Class.classForName(Native Method)
04-20 06:33:30.370  9171  9171 E ClassManager: 	at java.lang.Class.forName(Class.java:324)
04-20 06:33:30.370  9171  9171 E ClassManager: 	at org.firstinspires.ftc.robotcore.internal.opmode.ClassManager.classNamesToClasses(ClassManager.java:187)
04-20 06:33:30.370  9171  9171 E ClassManager: 	at org.firstinspires.ftc.robotcore.internal.opmode.ClassManager.processAllClasses(ClassManager.java:253)
04-20 06:33:30.370  9171  9171 E ClassManager: 	at com.qualcomm.ftccommon.ClassManagerFactory.processAllClasses(ClassManagerFactory.java:90)
04-20 06:33:30.370  9171  9171 E ClassManager: 	at org.firstinspires.ftc.robotcontroller.internal.FtcRobotControllerActivity.onCreate(FtcRobotControllerActivity.java:299)
04-20 06:33:30.370  9171  9171 E ClassManager: 	at android.app.Activity.performCreate(Activity.java:6876)
04-20 06:33:30.370  9171  9171 E ClassManager: 	at android.app.Instrumentation.callActivityOnCreate(Instrumentation.java:1135)
04-20 06:33:30.370  9171  9171 E ClassManager: 	at android.app.ActivityThread.performLaunchActivity(ActivityThread.java:3206)
04-20 06:33:30.370  9171  9171 E ClassManager: 	at android.app.ActivityThread.handleLaunchActivity(ActivityThread.java:3349)
04-20 06:33:30.370  9171  9171 E ClassManager: 	at android.app.ActivityThread.access$1100(ActivityThread.java:221)
04-20 06:33:30.370  9171  9171 E ClassManager: 	at android.app.ActivityThread$H.handleMessage(ActivityThread.java:1794)
04-20 06:33:30.370  9171  9171 E ClassManager: 	at android.os.Handler.dispatchMessage(Handler.java:102)
04-20 06:33:30.370  9171  9171 E ClassManager: 	at android.os.Looper.loop(Looper.java:158)
04-20 06:33:30.370  9171  9171 E ClassManager: 	at android.app.ActivityThread.main(ActivityThread.java:7224)
04-20 06:33:30.370  9171  9171 E ClassManager: 	at java.lang.reflect.Method.invoke(Native Method)
04-20 06:33:30.370  9171  9171 E ClassManager: 	at com.android.internal.os.ZygoteInit$MethodAndArgsCaller.run(ZygoteInit.java:1230)
04-20 06:33:30.370  9171  9171 E ClassManager: 	at com.android.internal.os.ZygoteInit.main(ZygoteInit.java:1120)
04-20 06:33:30.370  9171  9171 E ClassManager: Caused by: java.lang.ClassNotFoundException: com.android.tools.profiler.agent.okhttp.OkHttp3Interceptor
04-20 06:33:30.370  9171  9171 E ClassManager: 	at org.firstinspires.ftc.robotcore.internal.opmode.OnBotJavaClassLoader.findClass(OnBotJavaClassLoader.java:211)
04-20 06:33:30.370  9171  9171 E ClassManager: 	at java.lang.ClassLoader.loadClass(ClassLoader.java:511)
04-20 06:33:30.370  9171  9171 E ClassManager: 	at org.firstinspires.ftc.robotcore.internal.opmode.OnBotJavaClassLoader.loadClass(OnBotJavaClassLoader.java:201)
04-20 06:33:30.370  9171  9171 E ClassManager: 	at java.lang.ClassLoader.loadClass(ClassLoader.java:469)
04-20 06:33:30.380  9171  9171 E ClassManager: 	... 18 more
04-20 06:33:30.380  9171  9171 E ClassManager: 	Suppressed: java.lang.ClassNotFoundException: Didn't find class "com.android.tools.profiler.agent.okhttp.OkHttp3Interceptor" on path: DexPathList[[zip file "/data/app/com.qualcomm.ftcrobotcontroller-1/base.apk"],nativeLibraryDirectories=[/data/app/com.qualcomm.ftcrobotcontroller-1/lib/arm, /data/app/com.qualcomm.ftcrobotcontroller-1/base.apk!/lib/armeabi-v7a, /vendor/lib, /system/lib]]
04-20 06:33:30.380  9171  9171 E ClassManager: 		at dalvik.system.BaseDexClassLoader.findClass(BaseDexClassLoader.java:56)
04-20 06:33:30.380  9171  9171 E ClassManager: 		at java.lang.ClassLoader.loadClass(ClassLoader.java:511)
04-20 06:33:30.380  9171  9171 E ClassManager: 		at java.lang.ClassLoader.loadClass(ClassLoader.java:504)
04-20 06:33:30.380  9171  9171 E ClassManager: 		... 20 more
04-20 06:33:30.380  9171  9171 E ClassManager: 		Suppressed: java.lang.NoClassDefFoundError: com.android.tools.profiler.agent.okhttp.OkHttp3Interceptor
04-20 06:33:30.380  9171  9171 E ClassManager: 			at dalvik.system.DexFile.defineClassNative(Native Method)
04-20 06:33:30.380  9171  9171 E ClassManager: 			at dalvik.system.DexFile.defineClass(DexFile.java:226)
04-20 06:33:30.380  9171  9171 E ClassManager: 			at dalvik.system.DexFile.loadClassBinaryName(DexFile.java:219)
04-20 06:33:30.380  9171  9171 E ClassManager: 			at dalvik.system.DexPathList.findClass(DexPathList.java:338)
04-20 06:33:30.380  9171  9171 E ClassManager: 			at dalvik.system.BaseDexClassLoader.findClass(BaseDexClassLoader.java:54)
04-20 06:33:30.380  9171  9171 E ClassManager: 			... 22 more
04-20 06:33:30.380  9171  9171 E ClassManager: 		Suppressed: java.lang.ClassNotFoundException: com.android.tools.profiler.agent.okhttp.OkHttp3Interceptor
04-20 06:33:30.380  9171  9171 E ClassManager: 			at java.lang.Class.classForName(Native Method)
04-20 06:33:30.380  9171  9171 E ClassManager: 			at java.lang.BootClassLoader.findClass(ClassLoader.java:781)
04-20 06:33:30.380  9171  9171 E ClassManager: 			at java.lang.BootClassLoader.loadClass(ClassLoader.java:841)
04-20 06:33:30.380  9171  9171 E ClassManager: 			at java.lang.ClassLoader.loadClass(ClassLoader.java:504)
04-20 06:33:30.380  9171  9171 E ClassManager: 			... 21 more
04-20 06:33:30.380  9171  9171 E ClassManager: 		Caused by: java.lang.NoClassDefFoundError: Class not found using the boot class loader; no stack trace available
04-20 06:33:30.430  9171  9171 W ClassManager: com.opencsv.bean.FieldMapByPosition$1$1 java.lang.ClassNotFoundException: com.opencsv.bean.FieldMapByPosition$1$1
04-20 06:33:30.430  9171  9171 E ClassManager: java.lang.ClassNotFoundException: com.opencsv.bean.FieldMapByPosition$1$1
04-20 06:33:30.430  9171  9171 E ClassManager: 	at java.lang.Class.classForName(Native Method)
04-20 06:33:30.430  9171  9171 E ClassManager: 	at java.lang.Class.forName(Class.java:324)
04-20 06:33:30.430  9171  9171 E ClassManager: 	at org.firstinspires.ftc.robotcore.internal.opmode.ClassManager.classNamesToClasses(ClassManager.java:187)
04-20 06:33:30.430  9171  9171 E ClassManager: 	at org.firstinspires.ftc.robotcore.internal.opmode.ClassManager.processAllClasses(ClassManager.java:253)
04-20 06:33:30.430  9171  9171 E ClassManager: 	at com.qualcomm.ftccommon.ClassManagerFactory.processAllClasses(ClassManagerFactory.java:90)
04-20 06:33:30.430  9171  9171 E ClassManager: 	at org.firstinspires.ftc.robotcontroller.internal.FtcRobotControllerActivity.onCreate(FtcRobotControllerActivity.java:299)
04-20 06:33:30.430  9171  9171 E ClassManager: 	at android.app.Activity.performCreate(Activity.java:6876)
04-20 06:33:30.430  9171  9171 E ClassManager: 	at android.app.Instrumentation.callActivityOnCreate(Instrumentation.java:1135)
04-20 06:33:30.430  9171  9171 E ClassManager: 	at android.app.ActivityThread.performLaunchActivity(ActivityThread.java:3206)
04-20 06:33:30.430  9171  9171 E ClassManager: 	at android.app.ActivityThread.handleLaunchActivity(ActivityThread.java:3349)
04-20 06:33:30.430  9171  9171 E ClassManager: 	at android.app.ActivityThread.access$1100(ActivityThread.java:221)
04-20 06:33:30.430  9171  9171 E ClassManager: 	at android.app.ActivityThread$H.handleMessage(ActivityThread.java:1794)
04-20 06:33:30.430  9171  9171 E ClassManager: 	at android.os.Handler.dispatchMessage(Handler.java:102)
04-20 06:33:30.430  9171  9171 E ClassManager: 	at android.os.Looper.loop(Looper.java:158)
04-20 06:33:30.430  9171  9171 E ClassManager: 	at android.app.ActivityThread.main(ActivityThread.java:7224)
04-20 06:33:30.430  9171  9171 E ClassManager: 	at java.lang.reflect.Method.invoke(Native Method)
04-20 06:33:30.430  9171  9171 E ClassManager: 	at com.android.internal.os.ZygoteInit$MethodAndArgsCaller.run(ZygoteInit.java:1230)
04-20 06:33:30.430  9171  9171 E ClassManager: 	at com.android.internal.os.ZygoteInit.main(ZygoteInit.java:1120)
04-20 06:33:30.430  9171  9171 E ClassManager: Caused by: java.lang.ClassNotFoundException: com.opencsv.bean.FieldMapByPosition$1$1
04-20 06:33:30.430  9171  9171 E ClassManager: 	at org.firstinspires.ftc.robotcore.internal.opmode.OnBotJavaClassLoader.findClass(OnBotJavaClassLoader.java:211)
04-20 06:33:30.430  9171  9171 E ClassManager: 	at java.lang.ClassLoader.loadClass(ClassLoader.java:511)
04-20 06:33:30.430  9171  9171 E ClassManager: 	at org.firstinspires.ftc.robotcore.internal.opmode.OnBotJavaClassLoader.loadClass(OnBotJavaClassLoader.java:201)
04-20 06:33:30.430  9171  9171 E ClassManager: 	at java.lang.ClassLoader.loadClass(ClassLoader.java:469)
04-20 06:33:30.430  9171  9171 E ClassManager: 	... 18 more
04-20 06:33:30.440  9171  9171 E ClassManager: 	Suppressed: java.lang.ClassNotFoundException: Didn't find class "com.opencsv.bean.FieldMapByPosition$1$1" on path: DexPathList[[zip file "/data/app/com.qualcomm.ftcrobotcontroller-1/base.apk"],nativeLibraryDirectories=[/data/app/com.qualcomm.ftcrobotcontroller-1/lib/arm, /data/app/com.qualcomm.ftcrobotcontroller-1/base.apk!/lib/armeabi-v7a, /vendor/lib, /system/lib]]
04-20 06:33:30.440  9171  9171 E ClassManager: 		at dalvik.system.BaseDexClassLoader.findClass(BaseDexClassLoader.java:56)
04-20 06:33:30.440  9171  9171 E ClassManager: 		at java.lang.ClassLoader.loadClass(ClassLoader.java:511)
04-20 06:33:30.440  9171  9171 E ClassManager: 		at java.lang.ClassLoader.loadClass(ClassLoader.java:504)
04-20 06:33:30.440  9171  9171 E ClassManager: 		... 20 more
04-20 06:33:30.440  9171  9171 E ClassManager: 		Suppressed: java.lang.NoClassDefFoundError: com.opencsv.bean.FieldMapByPosition$1$1
04-20 06:33:30.440  9171  9171 E ClassManager: 			at dalvik.system.DexFile.defineClassNative(Native Method)
04-20 06:33:30.440  9171  9171 E ClassManager: 			at dalvik.system.DexFile.defineClass(DexFile.java:226)
04-20 06:33:30.440  9171  9171 E ClassManager: 			at dalvik.system.DexFile.loadClassBinaryName(DexFile.java:219)
04-20 06:33:30.440  9171  9171 E ClassManager: 			at dalvik.system.DexPathList.findClass(DexPathList.java:338)
04-20 06:33:30.440  9171  9171 E ClassManager: 			at dalvik.system.BaseDexClassLoader.findClass(BaseDexClassLoader.java:54)
04-20 06:33:30.440  9171  9171 E ClassManager: 			... 22 more
04-20 06:33:30.440  9171  9171 E ClassManager: 		Suppressed: java.lang.ClassNotFoundException: com.opencsv.bean.FieldMapByPosition$1$1
04-20 06:33:30.440  9171  9171 E ClassManager: 			at java.lang.Class.classForName(Native Method)
04-20 06:33:30.440  9171  9171 E ClassManager: 			at java.lang.BootClassLoader.findClass(ClassLoader.java:781)
04-20 06:33:30.440  9171  9171 E ClassManager: 			at java.lang.BootClassLoader.loadClass(ClassLoader.java:841)
04-20 06:33:30.440  9171  9171 E ClassManager: 			at java.lang.ClassLoader.loadClass(ClassLoader.java:504)
04-20 06:33:30.440  9171  9171 E ClassManager: 			... 21 more
04-20 06:33:30.440  9171  9171 E ClassManager: 		Caused by: java.lang.NoClassDefFoundError: Class not found using the boot class loader; no stack trace available
04-20 06:33:30.810  9171  9171 W ClassManager: kotlin.streams.jdk8.StreamsKt$asStream$1 java.lang.ClassNotFoundException: kotlin.streams.jdk8.StreamsKt$asStream$1
04-20 06:33:30.810  9171  9171 E ClassManager: java.lang.ClassNotFoundException: kotlin.streams.jdk8.StreamsKt$asStream$1
04-20 06:33:30.810  9171  9171 E ClassManager: 	at java.lang.Class.classForName(Native Method)
04-20 06:33:30.810  9171  9171 E ClassManager: 	at java.lang.Class.forName(Class.java:324)
04-20 06:33:30.810  9171  9171 E ClassManager: 	at org.firstinspires.ftc.robotcore.internal.opmode.ClassManager.classNamesToClasses(ClassManager.java:187)
04-20 06:33:30.810  9171  9171 E ClassManager: 	at org.firstinspires.ftc.robotcore.internal.opmode.ClassManager.processAllClasses(ClassManager.java:253)
04-20 06:33:30.810  9171  9171 E ClassManager: 	at com.qualcomm.ftccommon.ClassManagerFactory.processAllClasses(ClassManagerFactory.java:90)
04-20 06:33:30.810  9171  9171 E ClassManager: 	at org.firstinspires.ftc.robotcontroller.internal.FtcRobotControllerActivity.onCreate(FtcRobotControllerActivity.java:299)
04-20 06:33:30.810  9171  9171 E ClassManager: 	at android.app.Activity.performCreate(Activity.java:6876)
04-20 06:33:30.810  9171  9171 E ClassManager: 	at android.app.Instrumentation.callActivityOnCreate(Instrumentation.java:1135)
04-20 06:33:30.810  9171  9171 E ClassManager: 	at android.app.ActivityThread.performLaunchActivity(ActivityThread.java:3206)
04-20 06:33:30.810  9171  9171 E ClassManager: 	at android.app.ActivityThread.handleLaunchActivity(ActivityThread.java:3349)
04-20 06:33:30.810  9171  9171 E ClassManager: 	at android.app.ActivityThread.access$1100(ActivityThread.java:221)
04-20 06:33:30.810  9171  9171 E ClassManager: 	at android.app.ActivityThread$H.handleMessage(ActivityThread.java:1794)
04-20 06:33:30.810  9171  9171 E ClassManager: 	at android.os.Handler.dispatchMessage(Handler.java:102)
04-20 06:33:30.810  9171  9171 E ClassManager: 	at android.os.Looper.loop(Looper.java:158)
04-20 06:33:30.810  9171  9171 E ClassManager: 	at android.app.ActivityThread.main(ActivityThread.java:7224)
04-20 06:33:30.810  9171  9171 E ClassManager: 	at java.lang.reflect.Method.invoke(Native Method)
04-20 06:33:30.810  9171  9171 E ClassManager: 	at com.android.internal.os.ZygoteInit$MethodAndArgsCaller.run(ZygoteInit.java:1230)
04-20 06:33:30.810  9171  9171 E ClassManager: 	at com.android.internal.os.ZygoteInit.main(ZygoteInit.java:1120)
04-20 06:33:30.810  9171  9171 E ClassManager: Caused by: java.lang.ClassNotFoundException: kotlin.streams.jdk8.StreamsKt$asStream$1
04-20 06:33:30.810  9171  9171 E ClassManager: 	at org.firstinspires.ftc.robotcore.internal.opmode.OnBotJavaClassLoader.findClass(OnBotJavaClassLoader.java:211)
04-20 06:33:30.810  9171  9171 E ClassManager: 	at java.lang.ClassLoader.loadClass(ClassLoader.java:511)
04-20 06:33:30.810  9171  9171 E ClassManager: 	at org.firstinspires.ftc.robotcore.internal.opmode.OnBotJavaClassLoader.loadClass(OnBotJavaClassLoader.java:201)
04-20 06:33:30.810  9171  9171 E ClassManager: 	at java.lang.ClassLoader.loadClass(ClassLoader.java:469)
04-20 06:33:30.810  9171  9171 E ClassManager: 	... 18 more
04-20 06:33:30.810  9171  9171 E ClassManager: 	Suppressed: java.lang.ClassNotFoundException: Didn't find class "kotlin.streams.jdk8.StreamsKt$asStream$1" on path: DexPathList[[zip file "/data/app/com.qualcomm.ftcrobotcontroller-1/base.apk"],nativeLibraryDirectories=[/data/app/com.qualcomm.ftcrobotcontroller-1/lib/arm, /data/app/com.qualcomm.ftcrobotcontroller-1/base.apk!/lib/armeabi-v7a, /vendor/lib, /system/lib]]
04-20 06:33:30.810  9171  9171 E ClassManager: 		at dalvik.system.BaseDexClassLoader.findClass(BaseDexClassLoader.java:56)
04-20 06:33:30.810  9171  9171 E ClassManager: 		at java.lang.ClassLoader.loadClass(ClassLoader.java:511)
04-20 06:33:30.810  9171  9171 E ClassManager: 		at java.lang.ClassLoader.loadClass(ClassLoader.java:504)
04-20 06:33:30.820  9171  9171 E ClassManager: 		... 20 more
04-20 06:33:30.820  9171  9171 E ClassManager: 		Suppressed: java.lang.NoClassDefFoundError: kotlin.streams.jdk8.StreamsKt$asStream$1
04-20 06:33:30.820  9171  9171 E ClassManager: 			at dalvik.system.DexFile.defineClassNative(Native Method)
04-20 06:33:30.820  9171  9171 E ClassManager: 			at dalvik.system.DexFile.defineClass(DexFile.java:226)
04-20 06:33:30.820  9171  9171 E ClassManager: 			at dalvik.system.DexFile.loadClassBinaryName(DexFile.java:219)
04-20 06:33:30.820  9171  9171 E ClassManager: 			at dalvik.system.DexPathList.findClass(DexPathList.java:338)
04-20 06:33:30.820  9171  9171 E ClassManager: 			at dalvik.system.BaseDexClassLoader.findClass(BaseDexClassLoader.java:54)
04-20 06:33:30.820  9171  9171 E ClassManager: 			... 22 more
04-20 06:33:30.820  9171  9171 E ClassManager: 		Suppressed: java.lang.ClassNotFoundException: kotlin.streams.jdk8.StreamsKt$asStream$1
04-20 06:33:30.820  9171  9171 E ClassManager: 			at java.lang.Class.classForName(Native Method)
04-20 06:33:30.820  9171  9171 E ClassManager: 			at java.lang.BootClassLoader.findClass(ClassLoader.java:781)
04-20 06:33:30.820  9171  9171 E ClassManager: 			at java.lang.BootClassLoader.loadClass(ClassLoader.java:841)
04-20 06:33:30.820  9171  9171 E ClassManager: 			at java.lang.ClassLoader.loadClass(ClassLoader.java:504)
04-20 06:33:30.820  9171  9171 E ClassManager: 			... 21 more
04-20 06:33:30.820  9171  9171 E ClassManager: 		Caused by: java.lang.NoClassDefFoundError: Class not found using the boot class loader; no stack trace available
04-20 06:33:37.040  9171  9171 V UpdateUI: Network: inactive, disconnected
04-20 06:33:37.040  9171  9171 V ServiceStarter: attempting to start service FtcRobotControllerWatchdogService
04-20 06:33:37.040  9171  9171 V ServiceStarter: started service FtcRobotControllerWatchdogService
04-20 06:33:37.050  9171  9171 V RobotCore: BuildConfig: versionCode=31 versionName=4.3 module=com.qualcomm.ftcrobotcontroller
04-20 06:33:37.050  9171  9171 V RobotCore: BuildConfig: versionCode=55 versionName=8.9 module=com.qualcomm.robotcore
04-20 06:33:37.050  9171  9171 V RobotCore: BuildConfig: versionCode=55 versionName=8.9 module=com.qualcomm.hardware
04-20 06:33:37.050  9171  9171 V RobotCore: BuildConfig: versionCode=55 versionName=8.9 module=com.qualcomm.ftccommon
04-20 06:33:37.050  9171  9171 V RobotCore: BuildConfig: versionCode=55 versionName=8.9 module=com.google.blocks
04-20 06:33:37.050  9171  9171 V RobotCore: BuildConfig: versionCode=55 versionName=8.9 module=org.firstinspires.inspection
04-20 06:33:37.050  9171  9171 I RCActivity: 410c serial number: 6f6bcdd8
04-20 06:33:37.050  9171  9171 I RobotCore: Android Device: maker=samsung model=SAMSUNG-SM-G900A sdk=23
04-20 06:33:37.050  9171  9171 V RCActivity: onStart()
04-20 06:33:37.050  9171  9171 V RCActivity: onResume()
04-20 06:33:37.060  9171  9171 D ViewRootImpl: #1 mView = com.android.internal.policy.PhoneWindow$DecorView{2c59f17 I.E...... R.....ID 0,0-0,0}
04-20 06:33:37.060  9171  9171 D SecWifiDisplayUtil: Metadata value : none
