--------- beginning of main
04-20 06:29:48.840  4522  4522 W SELinux : SELinux: seapp_context_lookup: seinfo=default, level=s0:c512,c768, pkgname=com.qualcomm.ftcrobotcontroller 
04-20 06:29:48.880  4522  4522 D TimaKeyStoreProvider: TimaSignature is unavailable
04-20 06:29:48.880  4522  4522 D ActivityThread: Added TimaKeyStore provider
04-20 06:29:49.200  4522  4522 W linker  : /data/app/com.qualcomm.ftcrobotcontroller-1/lib/arm/libsupportjni.so: is missing DT_SONAME will use basename as a replacement: "libsupportjni.so"
04-20 06:29:49.510  4522  4645 E StudioProfiler: Studio Profilers encountered an unexpected error. Consider reporting a bug, including logcat output below.
04-20 06:29:49.510  4522  4645 E StudioProfiler: See also: https://developer.android.com/studio/report-bugs.html#studio-bugs
04-20 06:29:49.510  4522  4645 E StudioProfiler: 
04-20 06:29:49.510  4522  4645 E StudioProfiler: Failed to capture application
04-20 06:29:49.550  4522  4522 V AppUtil : initializing: getExternalStorageDirectory()=/storage/emulated/0
04-20 06:29:49.560  4522  4645 V StudioProfiler: Acquiring Application for Events
04-20 06:29:49.590  4522  4652 V RobotCore: saving logcat to /storage/emulated/0/robotControllerLog.txt
04-20 06:29:49.590  4522  4652 V RobotCore: logging command line: exec logcat -f /storage/emulated/0/robotControllerLog.txt -r4096 -n4 -v threadtime UsbRequestJNI:S UsbRequest:S art:W ThreadPool:W System:W ExtendedExtractor:W OMXClient:W MediaPlayer:W dalvikvm:W  *:V
04-20 06:29:49.620  4522  4522 V ServiceStarter: attempting to start service MediaTransferProtocolMonitorService
04-20 06:29:49.640  4522  4522 V ServiceStarter: started service MediaTransferProtocolMonitorService
04-20 06:29:49.640  4522  4522 V ServiceStarter: attempting to start service OnBotJavaService
04-20 06:29:49.650  4522  4522 V ServiceStarter: started service OnBotJavaService
04-20 06:29:49.650  4522  4522 V RunOnBoot: onReceive() action=android.intent.action.BOOT_COMPLETED
04-20 06:29:49.660  4522  4522 V FtcRobotControllerWatchdogService: shouldAutoLauchRobotController() result=false
04-20 06:29:49.660  4522  4522 V RunOnBoot: shouldAutoLauchRobotController() result=false
04-20 06:29:49.660  4522  4522 V RunOnBoot: noteDragonboardPresenceAndExitIfNoRC()
04-20 06:29:49.660  4522  4522 V AppUtil : exitApplication(0)
04-20 06:29:49.670  4522  4522 I AndroidRuntime: VM exiting with result code 0, cleanup skipped.
04-20 06:29:50.710  4871  4871 W SELinux : SELinux: seapp_context_lookup: seinfo=default, level=s0:c512,c768, pkgname=com.qualcomm.ftcrobotcontroller 
04-20 06:29:50.750  4871  4871 D TimaKeyStoreProvider: TimaSignature is unavailable
04-20 06:29:50.750  4871  4871 D ActivityThread: Added TimaKeyStore provider
04-20 06:29:51.030  4871  4871 W linker  : /data/app/com.qualcomm.ftcrobotcontroller-1/lib/arm/libsupportjni.so: is missing DT_SONAME will use basename as a replacement: "libsupportjni.so"
04-20 06:29:51.910  4871  5104 E StudioProfiler: Studio Profilers encountered an unexpected error. Consider reporting a bug, including logcat output below.
04-20 06:29:51.910  4871  5104 E StudioProfiler: See also: https://developer.android.com/studio/report-bugs.html#studio-bugs
04-20 06:29:51.910  4871  5104 E StudioProfiler: 
04-20 06:29:51.910  4871  5104 E StudioProfiler: Failed to capture application
04-20 06:29:51.960  4871  5104 V StudioProfiler: Acquiring Application for Events
04-20 06:29:52.000  4871  4871 V AppUtil : initializing: getExternalStorageDirectory()=/storage/emulated/0
04-20 06:29:52.050  4871  4871 V ServiceStarter: attempting to start service MediaTransferProtocolMonitorService
04-20 06:29:52.050  4871  5111 V RobotCore: saving logcat to /storage/emulated/0/robotControllerLog.txt
04-20 06:29:52.050  4871  5111 V RobotCore: logging command line: exec logcat -f /storage/emulated/0/robotControllerLog.txt -r4096 -n4 -v threadtime UsbRequestJNI:S UsbRequest:S art:W ThreadPool:W System:W ExtendedExtractor:W OMXClient:W MediaPlayer:W dalvikvm:W  *:V
04-20 06:29:52.140  4871  4871 V ServiceStarter: started service MediaTransferProtocolMonitorService
04-20 06:29:52.150  4871  4871 V ServiceStarter: attempting to start service OnBotJavaService
04-20 06:29:52.170  4871  4871 V ServiceStarter: started service OnBotJavaService
04-20 06:29:52.180  4871  4871 V OnBotJavaService: onCreate()
04-20 06:29:52.180  4871  4871 V OnBotJavaService: onStartCommand() intent=Intent { cmp=com.qualcomm.ftcrobotcontroller/org.firstinspires.ftc.robotcore.internal.opmode.OnBotJavaService } flags=0x2 startId=1
04-20 06:29:52.180  4871  4871 V OnBotJava: OnBotJavaManager::static
04-20 06:29:52.200  4871  4871 W System.err: stat failed: ENOENT (No such file or directory) : java/android.jar
04-20 06:29:52.490  4871  5111 I RobotCore: Done running ps
04-20 06:29:52.590  4871  4871 W System.err: stat failed: ENOENT (No such file or directory) : java/onbotjava-classes.jar
04-20 06:29:52.980  4871  4871 V OnBotJava: ctor()...
04-20 06:29:53.010  4871  4871 V OnBotJava: ...ctor()
04-20 06:29:53.020  4871  4871 V MTPMonitorService: onCreate()
04-20 06:29:53.020  4871  4871 V MTPMonitorService: onStartCommand() intent=Intent { cmp=com.qualcomm.ftcrobotcontroller/org.firstinspires.ftc.robotcore.internal.files.MediaTransferProtocolMonitorService } flags=0x2 startId=1
04-20 06:29:53.020  4871  4871 V MTPMonitor: observing: /storage/emulated/0
04-20 06:29:53.110  4871  4871 W FileObserverManager: upgrading mask: path=/storage/emulated/0/FIRST/java/control old=0x00000ffc new=0x00004ffc: might possibly miss event
04-20 06:29:53.670  4871  4871 V MTPMonitorService: onStartCommand() intent=Intent { cmp=com.qualcomm.ftcrobotcontroller/org.firstinspires.ftc.robotcore.internal.files.MediaTransferProtocolMonitorService } flags=0x0 startId=2
04-20 06:29:53.710  4871  4871 V MTPMonitor: observing: /storage/emulated/0
04-20 06:29:53.760  4871  4871 W FileObserverManager: upgrading mask: path=/storage/emulated/0/FIRST/java/control old=0x00000ffc new=0x00004ffc: might possibly miss event
04-20 06:29:53.820  4871  4871 V OnBotJavaService: onStartCommand() intent=Intent { cmp=com.qualcomm.ftcrobotcontroller/org.firstinspires.ftc.robotcore.internal.opmode.OnBotJavaService } flags=0x0 startId=2
04-20 06:29:53.820  4871  4871 V OnBotJava: ctor()...
04-20 06:29:53.820  4871  4871 W FileObserverManager: upgrading mask: path=/storage/emulated/0/FIRST/java/control/buildRequest.txt old=0x00000ffc new=0x00000ffe: might possibly miss event
04-20 06:29:53.820  4871  4871 V OnBotJava: ...ctor()
04-20 06:30:29.280  4871  4871 V MTPMonitorService: onConfigurationChanged()
04-20 06:30:29.280  4871  4871 V OnBotJavaService: onConfigurationChanged()
--------- beginning of system
04-20 06:30:29.340  4871  4871 W ResourcesManager: getTopLevelResources: /data/app/com.qualcomm.ftcrobotcontroller-1/base.apk / 1.0 running in com.qualcomm.ftcrobotcontroller rsrc of package null
04-20 06:30:29.360  4871  4871 W ResourcesManager: getTopLevelResources: /data/app/com.qualcomm.ftcrobotcontroller-1/base.apk / 1.0 running in com.qualcomm.ftcrobotcontroller rsrc of package null
04-20 06:30:29.400  4871  4871 V AppUtil : rootActivity=FtcRobotControllerActivity
04-20 06:30:33.570  4871  4871 V RCActivity: onCreate()
04-20 06:30:33.580  4871  4871 V RCActivity: rootActivity is of class FtcRobotControllerActivity
04-20 06:30:33.600  4871  7774 V CallbackLooper: thread=595
04-20 06:30:33.600  4871  4871 V NetDiscover_wifiDirectAgent: doStart()...
04-20 06:30:33.600  4871  7774 V NetDiscover_wifiDirectAgent_bcast: wifiP2pEnabled=true
04-20 06:30:33.600  4871  7774 D NetDiscover_wifiDirectAgent_bcast: connection changed: networkInfo.state=UNKNOWN
04-20 06:30:33.600  4871  7774 V NetDiscover_wifiDirectAgent_bcast: NetworkInfo: [type: WIFI_P2P[] - WIFI_P2P, state: UNKNOWN/IDLE, reason: (unspecified), extra: (none), roaming: false, failover: false, isAvailable: true]
04-20 06:30:33.600  4871  7774 V NetDiscover_wifiDirectAgent_bcast: WifiP2pInfo: groupFormed: false isGroupOwner: false groupOwnerAddress: null
04-20 06:30:33.600  4871  7774 V NetDiscover_wifiDirectAgent_bcast: WifiP2pGroup: network: null, isGO: false, GO: null, interface: null, frequency: 0, networkId: 0
04-20 06:30:33.620  4871  4871 V NetDiscover_wifiDirectAgent: ...doStart()
04-20 06:30:33.620  4871  4871 V NetDiscover_name: doStart()...
04-20 06:30:33.620  4871  4871 V NetDiscover_name: ...doStart()
04-20 06:30:33.620  4871  7774 V NetDiscover_wifiDirectAgent_bcast: this device changed: Device=[Phone] 11212-C-RC deviceAddress=fe:db:b3:75:a8:79 primary type=10-0050F204-5 secondary type=null wps=0 grpcapab=0 devcapab=0 status=3 wfdInfo=null groupownerAddress=null GOdeviceName=null interfaceAddress= SConnectInfo =null contactInfoHash =null ssDevInfo =0 iconIdx =0
04-20 06:30:33.620  4871  7774 V NetDiscover_name: remembering wifiDirectName: [Phone] 11212-C-RC...
04-20 06:30:33.620  4871  7774 V NetDiscover_name: wifiDirectName=[Phone] 11212-C-RC
04-20 06:30:33.620  4871  7774 V NetDiscover_name: ...remembering wifiDirectName
04-20 06:30:33.620  4871  7774 V NetDiscover_wifiDirectAgent_bcast: wifi direct remembered groups cleared
04-20 06:30:33.620  4871  4871 V NetDiscover_prefremrc: ----- all preferences -----
04-20 06:30:33.620  4871  4871 V NetDiscover_prefremrc: name='pref_app_version' value=unavailable
04-20 06:30:33.620  4871  4871 V NetDiscover_prefremrc: name='pref_network_protocol_version' value=unavailable
04-20 06:30:33.620  4871  4871 V NetDiscover_prefremrc: name='pref_has_speaker' value=true
04-20 06:30:33.620  4871  4871 V NetDiscover_prefremrc: name='pref_pairing_kind' value=WIFIDIRECT
04-20 06:30:33.620  4871  4871 V NetDiscover_prefremrc: name='pref_has_independent_phone_battery' value=true
04-20 06:30:33.620  4871  4871 V NetDiscover_prefremrc: name='pref_app_theme' value=red
04-20 06:30:33.620  4871  4871 V NetDiscover_prefremrc: name='pref_wifip2p_remote_channel_change_works' value=true
04-20 06:30:33.620  4871  4871 V NetDiscover_prefremrc: name='pref_network_connection_info' value=unavailable
04-20 06:30:33.620  4871  4871 V NetDiscover_prefremrc: name='pref_hardware_config_filename' value={"isDirty":false,"location":"LOCAL_STORAGE","name":"rover_ruckus","resourceId":0}
04-20 06:30:33.620  4871  4871 V NetDiscover_prefremrc: name='pref_device_name' value=[Phone] 11212-C-RC
04-20 06:30:33.620  4871  4871 V NetDiscover_prefremrc: name='pref_device_name_old' value=[Phone] 11212-C-RC
04-20 06:30:33.620  4871  4871 V NetDiscover_prefremrc: name='pref_build_time' value=unavailable
04-20 06:30:33.620  4871  4871 V NetDiscover_prefremrc: name='pref_device_name_tracking' value=WIFIDIRECT
04-20 06:30:33.620  4871  4871 V NetDiscover_prefremrc: name='pref_sound_on_off' value=true
04-20 06:30:33.620  4871  4871 V NetDiscover_prefremrc: name='pref_lib_version' value=unavailable
04-20 06:30:33.620  4871  4871 V NetDiscover_prefremrc: name='pref_rc_connected' value=true
04-20 06:30:33.620  4871  4871 V NetDiscover_prefremrc: doStart()...
04-20 06:30:33.620  4871  4871 V NetDiscover_prefremrc: ...doStart()
04-20 06:30:33.630  4871  7774 V NetDiscover_wifiDirectAgent_bcast: wifiState=ENABLED
04-20 06:30:33.660  4871  4871 I WebViewFactory: Loading com.google.android.webview version 71.0.3578.99 (code 357809900)
04-20 06:30:33.740  4871  4871 W ResourcesManager: getTopLevelResources: /data/app/com.google.android.webview-1/base.apk / 1.0 running in com.qualcomm.ftcrobotcontroller rsrc of package null
04-20 06:30:33.800  4871  4871 I cr_LibraryLoader: Time to load native libraries: 1 ms (timestamps 1904-1905)
04-20 06:30:33.880  4871  4871 I chromium: [INFO:library_loader_hooks.cc(36)] Chromium logging enabled: level = 0, default verbosity = 0
04-20 06:30:33.880  4871  4871 I cr_LibraryLoader: Expected native library version number "71.0.3578.99", actual native library version number "71.0.3578.99"
04-20 06:30:33.880  4871  7793 W ResourcesManager: getTopLevelResources: /data/app/com.google.android.webview-1/base.apk / 1.0 running in com.qualcomm.ftcrobotcontroller rsrc of package null
04-20 06:30:33.940  4871  4871 I cr_BrowserStartup: Initializing chromium process, singleProcess=true
04-20 06:30:34.100  4871  4871 D SecWifiDisplayUtil: Metadata value : none
04-20 06:30:34.170  4871  4871 D ConnectivityManager: requestNetwork; getAppId(CallingUid) : 10198, CallingPid : 4871
04-20 06:30:34.380  4871  4871 V OnBotJava: getCurrentOutputJarDir() unavailable
04-20 06:30:34.380  4871  4871 V OnBotJava: getCurrentOutputJarDir() unavailable
04-20 06:30:34.390  4871  4871 W ClassManager: com.android.tools.profiler.agent.okhttp.OkHttp2Interceptor java.lang.ClassNotFoundException: com.android.tools.profiler.agent.okhttp.OkHttp2Interceptor
04-20 06:30:34.390  4871  4871 E ClassManager: java.lang.ClassNotFoundException: com.android.tools.profiler.agent.okhttp.OkHttp2Interceptor
04-20 06:30:34.390  4871  4871 E ClassManager: 	at java.lang.Class.classForName(Native Method)
04-20 06:30:34.400  4871  4871 E ClassManager: 	at java.lang.Class.forName(Class.java:324)
04-20 06:30:34.400  4871  4871 E ClassManager: 	at org.firstinspires.ftc.robotcore.internal.opmode.ClassManager.classNamesToClasses(ClassManager.java:187)
04-20 06:30:34.400  4871  4871 E ClassManager: 	at org.firstinspires.ftc.robotcore.internal.opmode.ClassManager.processAllClasses(ClassManager.java:253)
04-20 06:30:34.400  4871  4871 E ClassManager: 	at com.qualcomm.ftccommon.ClassManagerFactory.processAllClasses(ClassManagerFactory.java:90)
04-20 06:30:34.400  4871  4871 E ClassManager: 	at org.firstinspires.ftc.robotcontroller.internal.FtcRobotControllerActivity.onCreate(FtcRobotControllerActivity.java:299)
04-20 06:30:34.400  4871  4871 E ClassManager: 	at android.app.Activity.performCreate(Activity.java:6876)
04-20 06:30:34.400  4871  4871 E ClassManager: 	at android.app.Instrumentation.callActivityOnCreate(Instrumentation.java:1135)
04-20 06:30:34.400  4871  4871 E ClassManager: 	at android.app.ActivityThread.performLaunchActivity(ActivityThread.java:3206)
04-20 06:30:34.400  4871  4871 E ClassManager: 	at android.app.ActivityThread.handleLaunchActivity(ActivityThread.java:3349)
04-20 06:30:34.400  4871  4871 E ClassManager: 	at android.app.ActivityThread.access$1100(ActivityThread.java:221)
04-20 06:30:34.400  4871  4871 E ClassManager: 	at android.app.ActivityThread$H.handleMessage(ActivityThread.java:1794)
04-20 06:30:34.400  4871  4871 E ClassManager: 	at android.os.Handler.dispatchMessage(Handler.java:102)
04-20 06:30:34.400  4871  4871 E ClassManager: 	at android.os.Looper.loop(Looper.java:158)
04-20 06:30:34.400  4871  4871 E ClassManager: 	at android.app.ActivityThread.main(ActivityThread.java:7224)
04-20 06:30:34.400  4871  4871 E ClassManager: 	at java.lang.reflect.Method.invoke(Native Method)
04-20 06:30:34.400  4871  4871 E ClassManager: 	at com.android.internal.os.ZygoteInit$MethodAndArgsCaller.run(ZygoteInit.java:1230)
04-20 06:30:34.400  4871  4871 E ClassManager: 	at com.android.internal.os.ZygoteInit.main(ZygoteInit.java:1120)
04-20 06:30:34.400  4871  4871 E ClassManager: Caused by: java.lang.ClassNotFoundException: com.android.tools.profiler.agent.okhttp.OkHttp2Interceptor
04-20 06:30:34.400  4871  4871 E ClassManager: 	at org.firstinspires.ftc.robotcore.internal.opmode.OnBotJavaClassLoader.findClass(OnBotJavaClassLoader.java:211)
04-20 06:30:34.400  4871  4871 E ClassManager: 	at java.lang.ClassLoader.loadClass(ClassLoader.java:511)
04-20 06:30:34.400  4871  4871 E ClassManager: 	at org.firstinspires.ftc.robotcore.internal.opmode.OnBotJavaClassLoader.loadClass(OnBotJavaClassLoader.java:201)
04-20 06:30:34.400  4871  4871 E ClassManager: 	at java.lang.ClassLoader.loadClass(ClassLoader.java:469)
04-20 06:30:34.400  4871  4871 E ClassManager: 	... 18 more
04-20 06:30:34.400  4871  4871 E ClassManager: 	Suppressed: java.lang.ClassNotFoundException: Didn't find class "com.android.tools.profiler.agent.okhttp.OkHttp2Interceptor" on path: DexPathList[[zip file "/data/app/com.qualcomm.ftcrobotcontroller-1/base.apk"],nativeLibraryDirectories=[/data/app/com.qualcomm.ftcrobotcontroller-1/lib/arm, /data/app/com.qualcomm.ftcrobotcontroller-1/base.apk!/lib/armeabi-v7a, /vendor/lib, /system/lib]]
04-20 06:30:34.410  4871  4871 E ClassManager: 		at dalvik.system.BaseDexClassLoader.findClass(BaseDexClassLoader.java:56)
04-20 06:30:34.410  4871  4871 E ClassManager: 		at java.lang.ClassLoader.loadClass(ClassLoader.java:511)
04-20 06:30:34.410  4871  4871 E ClassManager: 		at java.lang.ClassLoader.loadClass(ClassLoader.java:504)
04-20 06:30:34.410  4871  4871 E ClassManager: 		... 20 more
04-20 06:30:34.410  4871  4871 E ClassManager: 		Suppressed: java.lang.NoClassDefFoundError: com.android.tools.profiler.agent.okhttp.OkHttp2Interceptor
04-20 06:30:34.410  4871  4871 E ClassManager: 			at dalvik.system.DexFile.defineClassNative(Native Method)
04-20 06:30:34.410  4871  4871 E ClassManager: 			at dalvik.system.DexFile.defineClass(DexFile.java:226)
04-20 06:30:34.410  4871  4871 E ClassManager: 			at dalvik.system.DexFile.loadClassBinaryName(DexFile.java:219)
04-20 06:30:34.410  4871  4871 E ClassManager: 			at dalvik.system.DexPathList.findClass(DexPathList.java:338)
04-20 06:30:34.410  4871  4871 E ClassManager: 			at dalvik.system.BaseDexClassLoader.findClass(BaseDexClassLoader.java:54)
04-20 06:30:34.410  4871  4871 E ClassManager: 			... 22 more
04-20 06:30:34.410  4871  4871 E ClassManager: 		Suppressed: java.lang.ClassNotFoundException: com.android.tools.profiler.agent.okhttp.OkHttp2Interceptor
04-20 06:30:34.410  4871  4871 E ClassManager: 			at java.lang.Class.classForName(Native Method)
04-20 06:30:34.410  4871  4871 E ClassManager: 			at java.lang.BootClassLoader.findClass(ClassLoader.java:781)
04-20 06:30:34.410  4871  4871 E ClassManager: 			at java.lang.BootClassLoader.loadClass(ClassLoader.java:841)
04-20 06:30:34.410  4871  4871 E ClassManager: 			at java.lang.ClassLoader.loadClass(ClassLoader.java:504)
04-20 06:30:34.410  4871  4871 E ClassManager: 			... 21 more
04-20 06:30:34.410  4871  4871 E ClassManager: 		Caused by: java.lang.NoClassDefFoundError: Class not found using the boot class loader; no stack trace available
04-20 06:30:34.410  4871  4871 W ClassManager: com.android.tools.profiler.agent.okhttp.OkHttp3Interceptor java.lang.ClassNotFoundException: com.android.tools.profiler.agent.okhttp.OkHttp3Interceptor
04-20 06:30:34.410  4871  4871 E ClassManager: java.lang.ClassNotFoundException: com.android.tools.profiler.agent.okhttp.OkHttp3Interceptor
04-20 06:30:34.410  4871  4871 E ClassManager: 	at java.lang.Class.classForName(Native Method)
04-20 06:30:34.410  4871  4871 E ClassManager: 	at java.lang.Class.forName(Class.java:324)
04-20 06:30:34.420  4871  4871 E ClassManager: 	at org.firstinspires.ftc.robotcore.internal.opmode.ClassManager.classNamesToClasses(ClassManager.java:187)
04-20 06:30:34.420  4871  4871 E ClassManager: 	at org.firstinspires.ftc.robotcore.internal.opmode.ClassManager.processAllClasses(ClassManager.java:253)
04-20 06:30:34.420  4871  4871 E ClassManager: 	at com.qualcomm.ftccommon.ClassManagerFactory.processAllClasses(ClassManagerFactory.java:90)
04-20 06:30:34.420  4871  4871 E ClassManager: 	at org.firstinspires.ftc.robotcontroller.internal.FtcRobotControllerActivity.onCreate(FtcRobotControllerActivity.java:299)
04-20 06:30:34.420  4871  4871 E ClassManager: 	at android.app.Activity.performCreate(Activity.java:6876)
04-20 06:30:34.420  4871  4871 E ClassManager: 	at android.app.Instrumentation.callActivityOnCreate(Instrumentation.java:1135)
04-20 06:30:34.420  4871  4871 E ClassManager: 	at android.app.ActivityThread.performLaunchActivity(ActivityThread.java:3206)
04-20 06:30:34.420  4871  4871 E ClassManager: 	at android.app.ActivityThread.handleLaunchActivity(ActivityThread.java:3349)
04-20 06:30:34.420  4871  4871 E ClassManager: 	at android.app.ActivityThread.access$1100(ActivityThread.java:221)
04-20 06:30:34.420  4871  4871 E ClassManager: 	at android.app.ActivityThread$H.handleMessage(ActivityThread.java:1794)
04-20 06:30:34.420  4871  4871 E ClassManager: 	at android.os.Handler.dispatchMessage(Handler.java:102)
04-20 06:30:34.420  4871  4871 E ClassManager: 	at android.os.Looper.loop(Looper.java:158)
04-20 06:30:34.420  4871  4871 E ClassManager: 	at android.app.ActivityThread.main(ActivityThread.java:7224)
04-20 06:30:34.420  4871  4871 E ClassManager: 	at java.lang.reflect.Method.invoke(Native Method)
04-20 06:30:34.420  4871  4871 E ClassManager: 	at com.android.internal.os.ZygoteInit$MethodAndArgsCaller.run(ZygoteInit.java:1230)
04-20 06:30:34.420  4871  4871 E ClassManager: 	at com.android.internal.os.ZygoteInit.main(ZygoteInit.java:1120)
04-20 06:30:34.420  4871  4871 E ClassManager: Caused by: java.lang.ClassNotFoundException: com.android.tools.profiler.agent.okhttp.OkHttp3Interceptor
04-20 06:30:34.420  4871  4871 E ClassManager: 	at org.firstinspires.ftc.robotcore.internal.opmode.OnBotJavaClassLoader.findClass(OnBotJavaClassLoader.java:211)
04-20 06:30:34.420  4871  4871 E ClassManager: 	at java.lang.ClassLoader.loadClass(ClassLoader.java:511)
04-20 06:30:34.420  4871  4871 E ClassManager: 	at org.firstinspires.ftc.robotcore.internal.opmode.OnBotJavaClassLoader.loadClass(OnBotJavaClassLoader.java:201)
04-20 06:30:34.420  4871  4871 E ClassManager: 	at java.lang.ClassLoader.loadClass(ClassLoader.java:469)
04-20 06:30:34.420  4871  4871 E ClassManager: 	... 18 more
04-20 06:30:34.420  4871  4871 E ClassManager: 	Suppressed: java.lang.ClassNotFoundException: Didn't find class "com.android.tools.profiler.agent.okhttp.OkHttp3Interceptor" on path: DexPathList[[zip file "/data/app/com.qualcomm.ftcrobotcontroller-1/base.apk"],nativeLibraryDirectories=[/data/app/com.qualcomm.ftcrobotcontroller-1/lib/arm, /data/app/com.qualcomm.ftcrobotcontroller-1/base.apk!/lib/armeabi-v7a, /vendor/lib, /system/lib]]
04-20 06:30:34.420  4871  4871 E ClassManager: 		at dalvik.system.BaseDexClassLoader.findClass(BaseDexClassLoader.java:56)
04-20 06:30:34.420  4871  4871 E ClassManager: 		at java.lang.ClassLoader.loadClass(ClassLoader.java:511)
04-20 06:30:34.420  4871  4871 E ClassManager: 		at java.lang.ClassLoader.loadClass(ClassLoader.java:504)
04-20 06:30:34.420  4871  4871 E ClassManager: 		... 20 more
04-20 06:30:34.420  4871  4871 E ClassManager: 		Suppressed: java.lang.NoClassDefFoundError: com.android.tools.profiler.agent.okhttp.OkHttp3Interceptor
04-20 06:30:34.420  4871  4871 E ClassManager: 			at dalvik.system.DexFile.defineClassNative(Native Method)
04-20 06:30:34.430  4871  4871 E ClassManager: 			at dalvik.system.DexFile.defineClass(DexFile.java:226)
04-20 06:30:34.430  4871  4871 E ClassManager: 			at dalvik.system.DexFile.loadClassBinaryName(DexFile.java:219)
04-20 06:30:34.430  4871  4871 E ClassManager: 			at dalvik.system.DexPathList.findClass(DexPathList.java:338)
04-20 06:30:34.430  4871  4871 E ClassManager: 			at dalvik.system.BaseDexClassLoader.findClass(BaseDexClassLoader.java:54)
04-20 06:30:34.430  4871  4871 E ClassManager: 			... 22 more
04-20 06:30:34.430  4871  4871 E ClassManager: 		Suppressed: java.lang.ClassNotFoundException: com.android.tools.profiler.agent.okhttp.OkHttp3Interceptor
04-20 06:30:34.430  4871  4871 E ClassManager: 			at java.lang.Class.classForName(Native Method)
04-20 06:30:34.430  4871  4871 E ClassManager: 			at java.lang.BootClassLoader.findClass(ClassLoader.java:781)
04-20 06:30:34.430  4871  4871 E ClassManager: 			at java.lang.BootClassLoader.loadClass(ClassLoader.java:841)
04-20 06:30:34.430  4871  4871 E ClassManager: 			at java.lang.ClassLoader.loadClass(ClassLoader.java:504)
04-20 06:30:34.430  4871  4871 E ClassManager: 			... 21 more
04-20 06:30:34.430  4871  4871 E ClassManager: 		Caused by: java.lang.NoClassDefFoundError: Class not found using the boot class loader; no stack trace available
04-20 06:30:34.480  4871  4871 W ClassManager: com.opencsv.bean.FieldMapByPosition$1$1 java.lang.ClassNotFoundException: com.opencsv.bean.FieldMapByPosition$1$1
04-20 06:30:34.480  4871  4871 E ClassManager: java.lang.ClassNotFoundException: com.opencsv.bean.FieldMapByPosition$1$1
04-20 06:30:34.480  4871  4871 E ClassManager: 	at java.lang.Class.classForName(Native Method)
04-20 06:30:34.480  4871  4871 E ClassManager: 	at java.lang.Class.forName(Class.java:324)
04-20 06:30:34.480  4871  4871 E ClassManager: 	at org.firstinspires.ftc.robotcore.internal.opmode.ClassManager.classNamesToClasses(ClassManager.java:187)
04-20 06:30:34.480  4871  4871 E ClassManager: 	at org.firstinspires.ftc.robotcore.internal.opmode.ClassManager.processAllClasses(ClassManager.java:253)
04-20 06:30:34.480  4871  4871 E ClassManager: 	at com.qualcomm.ftccommon.ClassManagerFactory.processAllClasses(ClassManagerFactory.java:90)
04-20 06:30:34.480  4871  4871 E ClassManager: 	at org.firstinspires.ftc.robotcontroller.internal.FtcRobotControllerActivity.onCreate(FtcRobotControllerActivity.java:299)
04-20 06:30:34.480  4871  4871 E ClassManager: 	at android.app.Activity.performCreate(Activity.java:6876)
04-20 06:30:34.480  4871  4871 E ClassManager: 	at android.app.Instrumentation.callActivityOnCreate(Instrumentation.java:1135)
04-20 06:30:34.480  4871  4871 E ClassManager: 	at android.app.ActivityThread.performLaunchActivity(ActivityThread.java:3206)
04-20 06:30:34.480  4871  4871 E ClassManager: 	at android.app.ActivityThread.handleLaunchActivity(ActivityThread.java:3349)
04-20 06:30:34.480  4871  4871 E ClassManager: 	at android.app.ActivityThread.access$1100(ActivityThread.java:221)
04-20 06:30:34.480  4871  4871 E ClassManager: 	at android.app.ActivityThread$H.handleMessage(ActivityThread.java:1794)
04-20 06:30:34.480  4871  4871 E ClassManager: 	at android.os.Handler.dispatchMessage(Handler.java:102)
04-20 06:30:34.480  4871  4871 E ClassManager: 	at android.os.Looper.loop(Looper.java:158)
04-20 06:30:34.480  4871  4871 E ClassManager: 	at android.app.ActivityThread.main(ActivityThread.java:7224)
04-20 06:30:34.480  4871  4871 E ClassManager: 	at java.lang.reflect.Method.invoke(Native Method)
04-20 06:30:34.480  4871  4871 E ClassManager: 	at com.android.internal.os.ZygoteInit$MethodAndArgsCaller.run(ZygoteInit.java:1230)
04-20 06:30:34.480  4871  4871 E ClassManager: 	at com.android.internal.os.ZygoteInit.main(ZygoteInit.java:1120)
04-20 06:30:34.480  4871  4871 E ClassManager: Caused by: java.lang.ClassNotFoundException: com.opencsv.bean.FieldMapByPosition$1$1
04-20 06:30:34.480  4871  4871 E ClassManager: 	at org.firstinspires.ftc.robotcore.internal.opmode.OnBotJavaClassLoader.findClass(OnBotJavaClassLoader.java:211)
04-20 06:30:34.480  4871  4871 E ClassManager: 	at java.lang.ClassLoader.loadClass(ClassLoader.java:511)
04-20 06:30:34.480  4871  4871 E ClassManager: 	at org.firstinspires.ftc.robotcore.internal.opmode.OnBotJavaClassLoader.loadClass(OnBotJavaClassLoader.java:201)
04-20 06:30:34.480  4871  4871 E ClassManager: 	at java.lang.ClassLoader.loadClass(ClassLoader.java:469)
04-20 06:30:34.480  4871  4871 E ClassManager: 	... 18 more
04-20 06:30:34.480  4871  4871 E ClassManager: 	Suppressed: java.lang.ClassNotFoundException: Didn't find class "com.opencsv.bean.FieldMapByPosition$1$1" on path: DexPathList[[zip file "/data/app/com.qualcomm.ftcrobotcontroller-1/base.apk"],nativeLibraryDirectories=[/data/app/com.qualcomm.ftcrobotcontroller-1/lib/arm, /data/app/com.qualcomm.ftcrobotcontroller-1/base.apk!/lib/armeabi-v7a, /vendor/lib, /system/lib]]
04-20 06:30:34.480  4871  4871 E ClassManager: 		at dalvik.system.BaseDexClassLoader.findClass(BaseDexClassLoader.java:56)
04-20 06:30:34.490  4871  4871 E ClassManager: 		at java.lang.ClassLoader.loadClass(ClassLoader.java:511)
04-20 06:30:34.490  4871  4871 E ClassManager: 		at java.lang.ClassLoader.loadClass(ClassLoader.java:504)
04-20 06:30:34.490  4871  4871 E ClassManager: 		... 20 more
04-20 06:30:34.490  4871  4871 E ClassManager: 		Suppressed: java.lang.NoClassDefFoundError: com.opencsv.bean.FieldMapByPosition$1$1
04-20 06:30:34.490  4871  4871 E ClassManager: 			at dalvik.system.DexFile.defineClassNative(Native Method)
04-20 06:30:34.490  4871  4871 E ClassManager: 			at dalvik.system.DexFile.defineClass(DexFile.java:226)
04-20 06:30:34.490  4871  4871 E ClassManager: 			at dalvik.system.DexFile.loadClassBinaryName(DexFile.java:219)
04-20 06:30:34.490  4871  4871 E ClassManager: 			at dalvik.system.DexPathList.findClass(DexPathList.java:338)
04-20 06:30:34.490  4871  4871 E ClassManager: 			at dalvik.system.BaseDexClassLoader.findClass(BaseDexClassLoader.java:54)
04-20 06:30:34.490  4871  4871 E ClassManager: 			... 22 more
04-20 06:30:34.490  4871  4871 E ClassManager: 		Suppressed: java.lang.ClassNotFoundException: com.opencsv.bean.FieldMapByPosition$1$1
04-20 06:30:34.490  4871  4871 E ClassManager: 			at java.lang.Class.classForName(Native Method)
04-20 06:30:34.490  4871  4871 E ClassManager: 			at java.lang.BootClassLoader.findClass(ClassLoader.java:781)
04-20 06:30:34.490  4871  4871 E ClassManager: 			at java.lang.BootClassLoader.loadClass(ClassLoader.java:841)
04-20 06:30:34.490  4871  4871 E ClassManager: 			at java.lang.ClassLoader.loadClass(ClassLoader.java:504)
04-20 06:30:34.490  4871  4871 E ClassManager: 			... 21 more
04-20 06:30:34.490  4871  4871 E ClassManager: 		Caused by: java.lang.NoClassDefFoundError: Class not found using the boot class loader; no stack trace available
04-20 06:30:34.900  4871  4871 W ClassManager: kotlin.streams.jdk8.StreamsKt$asStream$1 java.lang.ClassNotFoundException: kotlin.streams.jdk8.StreamsKt$asStream$1
04-20 06:30:34.900  4871  4871 E ClassManager: java.lang.ClassNotFoundException: kotlin.streams.jdk8.StreamsKt$asStream$1
04-20 06:30:34.900  4871  4871 E ClassManager: 	at java.lang.Class.classForName(Native Method)
04-20 06:30:34.900  4871  4871 E ClassManager: 	at java.lang.Class.forName(Class.java:324)
04-20 06:30:34.900  4871  4871 E ClassManager: 	at org.firstinspires.ftc.robotcore.internal.opmode.ClassManager.classNamesToClasses(ClassManager.java:187)
04-20 06:30:34.900  4871  4871 E ClassManager: 	at org.firstinspires.ftc.robotcore.internal.opmode.ClassManager.processAllClasses(ClassManager.java:253)
04-20 06:30:34.900  4871  4871 E ClassManager: 	at com.qualcomm.ftccommon.ClassManagerFactory.processAllClasses(ClassManagerFactory.java:90)
04-20 06:30:34.900  4871  4871 E ClassManager: 	at org.firstinspires.ftc.robotcontroller.internal.FtcRobotControllerActivity.onCreate(FtcRobotControllerActivity.java:299)
04-20 06:30:34.900  4871  4871 E ClassManager: 	at android.app.Activity.performCreate(Activity.java:6876)
04-20 06:30:34.900  4871  4871 E ClassManager: 	at android.app.Instrumentation.callActivityOnCreate(Instrumentation.java:1135)
04-20 06:30:34.900  4871  4871 E ClassManager: 	at android.app.ActivityThread.performLaunchActivity(ActivityThread.java:3206)
04-20 06:30:34.900  4871  4871 E ClassManager: 	at android.app.ActivityThread.handleLaunchActivity(ActivityThread.java:3349)
04-20 06:30:34.900  4871  4871 E ClassManager: 	at android.app.ActivityThread.access$1100(ActivityThread.java:221)
04-20 06:30:34.900  4871  4871 E ClassManager: 	at android.app.ActivityThread$H.handleMessage(ActivityThread.java:1794)
04-20 06:30:34.900  4871  4871 E ClassManager: 	at android.os.Handler.dispatchMessage(Handler.java:102)
04-20 06:30:34.900  4871  4871 E ClassManager: 	at android.os.Looper.loop(Looper.java:158)
04-20 06:30:34.900  4871  4871 E ClassManager: 	at android.app.ActivityThread.main(ActivityThread.java:7224)
04-20 06:30:34.900  4871  4871 E ClassManager: 	at java.lang.reflect.Method.invoke(Native Method)
04-20 06:30:34.900  4871  4871 E ClassManager: 	at com.android.internal.os.ZygoteInit$MethodAndArgsCaller.run(ZygoteInit.java:1230)
04-20 06:30:34.900  4871  4871 E ClassManager: 	at com.android.internal.os.ZygoteInit.main(ZygoteInit.java:1120)
04-20 06:30:34.900  4871  4871 E ClassManager: Caused by: java.lang.ClassNotFoundException: kotlin.streams.jdk8.StreamsKt$asStream$1
04-20 06:30:34.900  4871  4871 E ClassManager: 	at org.firstinspires.ftc.robotcore.internal.opmode.OnBotJavaClassLoader.findClass(OnBotJavaClassLoader.java:211)
04-20 06:30:34.900  4871  4871 E ClassManager: 	at java.lang.ClassLoader.loadClass(ClassLoader.java:511)
04-20 06:30:34.900  4871  4871 E ClassManager: 	at org.firstinspires.ftc.robotcore.internal.opmode.OnBotJavaClassLoader.loadClass(OnBotJavaClassLoader.java:201)
04-20 06:30:34.900  4871  4871 E ClassManager: 	at java.lang.ClassLoader.loadClass(ClassLoader.java:469)
04-20 06:30:34.900  4871  4871 E ClassManager: 	... 18 more
04-20 06:30:34.900  4871  4871 E ClassManager: 	Suppressed: java.lang.ClassNotFoundException: Didn't find class "kotlin.streams.jdk8.StreamsKt$asStream$1" on path: DexPathList[[zip file "/data/app/com.qualcomm.ftcrobotcontroller-1/base.apk"],nativeLibraryDirectories=[/data/app/com.qualcomm.ftcrobotcontroller-1/lib/arm, /data/app/com.qualcomm.ftcrobotcontroller-1/base.apk!/lib/armeabi-v7a, /vendor/lib, /system/lib]]
04-20 06:30:34.900  4871  4871 E ClassManager: 		at dalvik.system.BaseDexClassLoader.findClass(BaseDexClassLoader.java:56)
04-20 06:30:34.900  4871  4871 E ClassManager: 		at java.lang.ClassLoader.loadClass(ClassLoader.java:511)
04-20 06:30:34.910  4871  4871 E ClassManager: 		at java.lang.ClassLoader.loadClass(ClassLoader.java:504)
04-20 06:30:34.910  4871  4871 E ClassManager: 		... 20 more
04-20 06:30:34.910  4871  4871 E ClassManager: 		Suppressed: java.lang.NoClassDefFoundError: kotlin.streams.jdk8.StreamsKt$asStream$1
04-20 06:30:34.910  4871  4871 E ClassManager: 			at dalvik.system.DexFile.defineClassNative(Native Method)
04-20 06:30:34.910  4871  4871 E ClassManager: 			at dalvik.system.DexFile.defineClass(DexFile.java:226)
04-20 06:30:34.910  4871  4871 E ClassManager: 			at dalvik.system.DexFile.loadClassBinaryName(DexFile.java:219)
04-20 06:30:34.910  4871  4871 E ClassManager: 			at dalvik.system.DexPathList.findClass(DexPathList.java:338)
04-20 06:30:34.910  4871  4871 E ClassManager: 			at dalvik.system.BaseDexClassLoader.findClass(BaseDexClassLoader.java:54)
04-20 06:30:34.910  4871  4871 E ClassManager: 			... 22 more
04-20 06:30:34.910  4871  4871 E ClassManager: 		Suppressed: java.lang.ClassNotFoundException: kotlin.streams.jdk8.StreamsKt$asStream$1
04-20 06:30:34.910  4871  4871 E ClassManager: 			at java.lang.Class.classForName(Native Method)
04-20 06:30:34.910  4871  4871 E ClassManager: 			at java.lang.BootClassLoader.findClass(ClassLoader.java:781)
04-20 06:30:34.910  4871  4871 E ClassManager: 			at java.lang.BootClassLoader.loadClass(ClassLoader.java:841)
04-20 06:30:34.910  4871  4871 E ClassManager: 			at java.lang.ClassLoader.loadClass(ClassLoader.java:504)
04-20 06:30:34.910  4871  4871 E ClassManager: 			... 21 more
04-20 06:30:34.910  4871  4871 E ClassManager: 		Caused by: java.lang.NoClassDefFoundError: Class not found using the boot class loader; no stack trace available
04-20 06:30:41.950  4871  4871 V UpdateUI: Network: inactive, disconnected
04-20 06:30:41.960  4871  4871 V ServiceStarter: attempting to start service FtcRobotControllerWatchdogService
04-20 06:30:41.960  4871  4871 V ServiceStarter: started service FtcRobotControllerWatchdogService
04-20 06:30:41.970  4871  4871 V RobotCore: BuildConfig: versionCode=31 versionName=4.3 module=com.qualcomm.ftcrobotcontroller
04-20 06:30:41.970  4871  4871 V RobotCore: BuildConfig: versionCode=55 versionName=8.9 module=com.qualcomm.robotcore
04-20 06:30:41.970  4871  4871 V RobotCore: BuildConfig: versionCode=55 versionName=8.9 module=com.qualcomm.hardware
04-20 06:30:41.970  4871  4871 V RobotCore: BuildConfig: versionCode=55 versionName=8.9 module=com.qualcomm.ftccommon
04-20 06:30:41.970  4871  4871 V RobotCore: BuildConfig: versionCode=55 versionName=8.9 module=com.google.blocks
04-20 06:30:41.970  4871  4871 V RobotCore: BuildConfig: versionCode=55 versionName=8.9 module=org.firstinspires.inspection
04-20 06:30:41.970  4871  4871 I RCActivity: 410c serial number: 6f6bcdd8
04-20 06:30:41.970  4871  4871 I RobotCore: Android Device: maker=samsung model=SAMSUNG-SM-G900A sdk=23
04-20 06:30:41.970  4871  4871 V RCActivity: onStart()
04-20 06:30:41.980  4871  4871 V RCActivity: onResume()
04-20 06:30:41.980  4871  4871 D ViewRootImpl: #1 mView = com.android.internal.policy.PhoneWindow$DecorView{fcf6a86 I.E...... R.....ID 0,0-0,0}
04-20 06:30:41.980  4871  4871 D SecWifiDisplayUtil: Metadata value : none
04-20 06:30:41.990  4871  8135 D OpenGLRenderer: Use EGL_SWAP_BEHAVIOR_PRESERVED: true
04-20 06:30:42.000  4871  4871 D ConnectivityManager: requestNetwork; getAppId(CallingUid) : 10198, CallingPid : 4871
04-20 06:30:42.010  4871  4871 V RCActivity: onPause()
04-20 06:30:42.010  4871  4871 V RCActivity: ACTION_USB_DEVICE_ATTACHED: /dev/bus/usb/001/003
04-20 06:30:42.020  4871  4871 V RCActivity: onResume()
04-20 06:30:42.020  4871  4871 V RCActivity: onPause()
04-20 06:30:42.020  4871  4871 V RCActivity: ACTION_USB_DEVICE_ATTACHED: /dev/bus/usb/001/005
04-20 06:30:42.020  4871  4871 V RCActivity: onResume()
04-20 06:30:42.020  4871  4871 V ActivityThread: updateVisibility : ActivityRecord{c27a912 token=android.os.BinderProxy@eebaf61 {com.qualcomm.ftcrobotcontroller/org.firstinspires.ftc.robotcontroller.internal.FtcRobotControllerActivity}} show : true
04-20 06:30:42.030  4871  4871 V FtcRobotControllerWatchdogService: onCreate()
04-20 06:30:42.030  4871  4871 V FtcRobotControllerWatchdogService: onStartCommand() intent=Intent { cmp=com.qualcomm.ftcrobotcontroller/org.firstinspires.ftc.ftccommon.internal.FtcRobotControllerWatchdogService } flags=0x0 startId=1
04-20 06:30:42.030  4871  4871 V FtcRobotControllerWatchdogService: shouldAutoLauchRobotController() result=false
04-20 06:30:42.030  4871  4871 V FTCService: onCreate()
04-20 06:30:42.030  4871  4871 V FTCService: onBind()
04-20 06:30:42.030  4871  4871 V WebServer: creating NanoHTTPD(8080)
04-20 06:30:42.040  4871  4871 V RobotCore: Getting network assistant of type: WIFIDIRECT
04-20 06:30:42.040  4871  4871 V WifiDirect: There are 1 Wifi Direct Assistant Clients (+)
04-20 06:30:42.040  4871  4871 V WifiDirect: Enabling Wifi Direct Assistant
04-20 06:30:42.040  4871  4871 V WifiDirectInviteMonitor: startMonitoring()
04-20 06:30:42.040  4871  7774 V NetDiscover_wifiDirectAgent_bcast: wifiP2pEnabled=true
04-20 06:30:42.040  4871  7774 D NetDiscover_wifiDirectAgent_bcast: connection changed: networkInfo.state=UNKNOWN
04-20 06:30:42.040  4871  7774 V NetDiscover_wifiDirectAgent_bcast: NetworkInfo: [type: WIFI_P2P[] - WIFI_P2P, state: UNKNOWN/IDLE, reason: (unspecified), extra: (none), roaming: false, failover: false, isAvailable: true]
04-20 06:30:42.040  4871  7774 V NetDiscover_wifiDirectAgent_bcast: WifiP2pInfo: groupFormed: false isGroupOwner: false groupOwnerAddress: null
04-20 06:30:42.040  4871  7774 V NetDiscover_wifiDirectAgent_bcast: WifiP2pGroup: network: null, isGO: false, GO: null, interface: null, frequency: 0, networkId: 0
04-20 06:30:42.040  4871  7774 V NetDiscover_wifiDirectAgent_bcast: this device changed: Device=[Phone] 11212-C-RC deviceAddress=fe:db:b3:75:a8:79 primary type=10-0050F204-5 secondary type=null wps=0 grpcapab=0 devcapab=0 status=3 wfdInfo=null groupownerAddress=null GOdeviceName=null interfaceAddress= SConnectInfo =null contactInfoHash =null ssDevInfo =0 iconIdx =0
04-20 06:30:42.040  4871  7774 V NetDiscover_name: remembering wifiDirectName: [Phone] 11212-C-RC...
04-20 06:30:42.040  4871  7774 V NetDiscover_name: ...remembering wifiDirectName
04-20 06:30:42.040  4871  7774 V NetDiscover_wifiDirectAgent_bcast: wifi direct remembered groups cleared
04-20 06:30:42.040  4871  7774 V NetDiscover_wifiDirectAgent_bcast: wifiState=ENABLED
04-20 06:30:42.090  4871  8135 I Adreno-EGL: <qeglDrvAPI_eglInitialize:379>: EGL 1.4 QUALCOMM build:  (Ia10634f51b)
04-20 06:30:42.090  4871  8135 I Adreno-EGL: OpenGL ES Shader Compiler Version: E031.29.00.00
04-20 06:30:42.090  4871  8135 I Adreno-EGL: Build Date: 01/28/16 Thu
04-20 06:30:42.090  4871  8135 I Adreno-EGL: Local Branch: ss
04-20 06:30:42.090  4871  8135 I Adreno-EGL: Remote Branch: 
04-20 06:30:42.090  4871  8135 I Adreno-EGL: Local Patches: 
04-20 06:30:42.090  4871  8135 I Adreno-EGL: Reconstruct Branch: 
04-20 06:30:42.100  4871  8135 D libEGL  : eglInitialize EGLDisplay = 0x9a8727c4
04-20 06:30:42.100  4871  8135 I OpenGLRenderer: Initialized EGL, version 1.4
04-20 06:30:42.170  4871  4871 D WifiDirect: broadcast: state - enabled: true
04-20 06:30:42.170  4871  4871 D WifiDirect: broadcast: connection changed: connectStatus=NOT_CONNECTED networkInfo.state=UNKNOWN
04-20 06:30:42.180  4871  4871 D WifiDirect: broadcast: this device changed
04-20 06:30:42.180  4871  4871 V WifiDirect: device information: [Phone] 11212-C-RC fe:db:b3:75:a8:79
04-20 06:30:42.180  4871  8139 E File    : fail readDirectory() errno=2
04-20 06:30:42.180  4871  8139 W cr_CrashFileManager: /data/user/0/com.qualcomm.ftcrobotcontroller/cache/WebView/Crash Reports does not exist or is not a directory
04-20 06:30:42.180  4871  4871 V FTCService: RCActivity.controllerService=bound
04-20 06:30:42.180  4871  4871 V UpdateUI: Network: unknown, disconnected
04-20 06:30:42.180  4871  4871 V RobotCore: Robot Status: stopped
04-20 06:30:42.190  4871  8140 V RobotCore: thread: 'RobotSetupRunnable.run()' starting...
04-20 06:30:42.190  4871  8140 V FTCService: Processing robot setup
04-20 06:30:42.190  4871  8140 V RobotCore: Robot Status: stopped, scanning for USB devices
04-20 06:30:42.270  4871  4871 D ViewRootImpl: MSG_RESIZED_REPORT: ci=Rect(0, 0 - 0, 0) vi=Rect(0, 0 - 0, 0) or=2
04-20 06:30:42.290  4871  4871 I FTCService: onNetworkConnectionEvent: GROUP_CREATED
04-20 06:30:42.290  4871  4871 D WifiDirect: created group
04-20 06:30:42.290  4871  4871 W RobotCore: Wifi Direct failure while trying to discover peers - reason: BUSY
04-20 06:30:42.290  4871  4871 I FTCService: onNetworkConnectionEvent: ERROR
04-20 06:30:42.290  4871  4871 E FTCService: Network Connection Error: BUSY
04-20 06:30:42.290  4871  4871 V UpdateUI: Network: error, disconnected
04-20 06:30:42.330  4871  4871 I Timeline: Timeline: Activity_idle id: android.os.BinderProxy@eebaf61 time:100438
04-20 06:30:42.340  4871  4871 I Timeline: Timeline: Activity_idle id: android.os.BinderProxy@eebaf61 time:100440
04-20 06:30:42.490  4871  7774 V NetDiscover_wifiDirectAgent_bcast: this device changed: Device=[Phone] 11212-C-RC deviceAddress=fe:db:b3:75:a8:79 primary type=10-0050F204-5 secondary type=null wps=0 grpcapab=0 devcapab=0 status=0 wfdInfo=null groupownerAddress=null GOdeviceName=null interfaceAddress= SConnectInfo =null contactInfoHash =null ssDevInfo =0 iconIdx =0
04-20 06:30:42.490  4871  7774 V NetDiscover_name: remembering wifiDirectName: [Phone] 11212-C-RC...
04-20 06:30:42.490  4871  7774 V NetDiscover_name: ...remembering wifiDirectName
04-20 06:30:42.490  4871  4871 D WifiDirect: broadcast: this device changed
04-20 06:30:42.490  4871  4871 V WifiDirect: device information: [Phone] 11212-C-RC fe:db:b3:75:a8:79
04-20 06:30:42.500  4871  7774 D NetDiscover_wifiDirectAgent_bcast: connection changed: networkInfo.state=CONNECTED
04-20 06:30:42.500  4871  7774 V NetDiscover_wifiDirectAgent_bcast: NetworkInfo: [type: WIFI_P2P[] - WIFI_P2P, state: CONNECTED/CONNECTED, reason: (unspecified), extra: (none), roaming: false, failover: false, isAvailable: true]
04-20 06:30:42.500  4871  4871 D WifiDirect: broadcast: connection changed: connectStatus=NOT_CONNECTED networkInfo.state=CONNECTED
04-20 06:30:42.500  4871  4871 V WifiDirect: writing pref name=pref_wifip2p_groupowner_connectedto value=[Phone] 11212-C-RC
04-20 06:30:42.500  4871  7774 V NetDiscover_wifiDirectAgent_bcast: WifiP2pInfo: groupFormed: true isGroupOwner: true groupOwnerAddress: /192.168.49.1
04-20 06:30:42.500  4871  7774 V NetDiscover_wifiDirectAgent_bcast: WifiP2pGroup: network: DIRECT-41-11212-C-RC, isGO: true, GO: Device: [Phone] 11212-C-RC, deviceAddress: fe:db:b3:75:a8:79, primary type: 10-0050F204-5, secondary type: null, wps: 0, grpcapab: 0, devcapab: 0, status: 3, wfdInfo: null, groupownerAddress: null, GOdeviceName: null, interfaceAddress: , SConnectInfo : null, contactInfoHash : null, ssDevInfo : 0, iconIdx : 0, interface: p2p-wlan0-0, frequency: 2437, networkId: -1
04-20 06:30:42.510  4871  4871 V NetDiscover_prefremrc: onSharedPreferenceChanged(name=pref_wifip2p_groupowner_connectedto, value=[Phone] 11212-C-RC)
04-20 06:30:42.510  4871  4871 D WifiDirect: group owners address: /192.168.49.1
04-20 06:30:42.510  4871  4871 D WifiDirect: group formed, this device is the group owner (GO)
04-20 06:30:42.510  4871  4871 I FTCService: onNetworkConnectionEvent: CONNECTED_AS_GROUP_OWNER
04-20 06:30:42.510  4871  4871 I FTCService: Wifi Direct - connected as group owner
04-20 06:30:42.510  4871  4871 V UpdateUI: Network: enabled, disconnected
04-20 06:30:42.520  4871  4871 V WifiDirect: connection information available
04-20 06:30:42.520  4871  4871 V WifiDirect: connection information - groupOwnerName = [Phone] 11212-C-RC
04-20 06:30:42.520  4871  4871 V WifiDirect: connection information - groupOwnerMacAddress = fe:db:b3:75:a8:79
04-20 06:30:42.520  4871  4871 V WifiDirect: connection information - groupInterface = p2p-wlan0-0
04-20 06:30:42.520  4871  4871 V WifiDirect: connection information - groupNetworkName = DIRECT-41-11212-C-RC
04-20 06:30:42.520  4871  4871 I FTCService: onNetworkConnectionEvent: CONNECTION_INFO_AVAILABLE
04-20 06:30:42.520  4871  4871 I FTCService: Network Connection Passphrase: BKVHiFEv
04-20 06:30:42.540  4871  4871 V WebServer: starting port=8080
04-20 06:30:42.550  4871  4871 V RobotCore: Getting network assistant of type: WIFIDIRECT
04-20 06:30:42.550  4871  4871 V WifiDirect: There are 2 Wifi Direct Assistant Clients (+)
04-20 06:30:42.560  4871  4871 V WebServer: started port=8080
04-20 06:30:42.560  4871  7774 V NetDiscover_wifiDirectAgent_bcast: wifiP2pEnabled=true
04-20 06:30:42.560  4871  4871 V UpdateUI: Network: active, disconnected
04-20 06:30:42.560  4871  7774 D NetDiscover_wifiDirectAgent_bcast: connection changed: networkInfo.state=CONNECTED
04-20 06:30:42.560  4871  7774 V NetDiscover_wifiDirectAgent_bcast: NetworkInfo: [type: WIFI_P2P[] - WIFI_P2P, state: CONNECTED/CONNECTED, reason: (unspecified), extra: (none), roaming: false, failover: false, isAvailable: true]
04-20 06:30:42.560  4871  7774 V NetDiscover_wifiDirectAgent_bcast: WifiP2pInfo: groupFormed: true isGroupOwner: true groupOwnerAddress: /192.168.49.1
04-20 06:30:42.560  4871  7774 V NetDiscover_wifiDirectAgent_bcast: WifiP2pGroup: network: DIRECT-41-11212-C-RC, isGO: true, GO: Device: [Phone] 11212-C-RC, deviceAddress: fe:db:b3:75:a8:79, primary type: 10-0050F204-5, secondary type: null, wps: 0, grpcapab: 0, devcapab: 0, status: 3, wfdInfo: null, groupownerAddress: null, GOdeviceName: null, interfaceAddress: , SConnectInfo : null, contactInfoHash : null, ssDevInfo : 0, iconIdx : 0, interface: p2p-wlan0-0, frequency: 2437, networkId: -1
04-20 06:30:42.560  4871  7774 V NetDiscover_wifiDirectAgent_bcast: this device changed: Device=[Phone] 11212-C-RC deviceAddress=fe:db:b3:75:a8:79 primary type=10-0050F204-5 secondary type=null wps=0 grpcapab=0 devcapab=0 status=0 wfdInfo=null groupownerAddress=null GOdeviceName=null interfaceAddress= SConnectInfo =null contactInfoHash =null ssDevInfo =0 iconIdx =0
04-20 06:30:42.560  4871  7774 V NetDiscover_name: remembering wifiDirectName: [Phone] 11212-C-RC...
04-20 06:30:42.560  4871  7774 V NetDiscover_name: ...remembering wifiDirectName
04-20 06:30:42.560  4871  7774 V NetDiscover_wifiDirectAgent_bcast: wifi direct remembered groups cleared
04-20 06:30:42.560  4871  7774 V NetDiscover_wifiDirectAgent_bcast: wifiState=ENABLED
04-20 06:30:42.570  4871  4871 E libEGL  : validate_display:255 error 3008 (EGL_BAD_DISPLAY)
04-20 06:30:42.570  4871  4871 D libEGL  : eglInitialize EGLDisplay = 0xbeeca34c
04-20 06:30:47.190  4871  8140 V RobotCore: EventLoopManager state is NOT_STARTED
04-20 06:30:47.190  4871  8140 V RobotCore: Robot Status: stopped, waiting for Wifi to enable
04-20 06:30:47.190  4871  8140 I RobotCore: state = 3
04-20 06:30:47.190  4871  8140 V RobotCore: Robot Status: stopped, waiting for Wifi Direct to enable
04-20 06:30:47.190  4871  8140 V FTCService: Waiting for a connection to a wifi service
04-20 06:30:47.190  4871  8140 V RobotCore: Robot Status: stopped, waiting for network to become active
04-20 06:30:47.190  4871  8140 V WebServer: Asked an already running WebServer to start
04-20 06:30:47.190  4871  8140 V RobotCore: Robot Status: stopped, starting robot
04-20 06:30:47.190  4871  8140 V Robocol : EventLoopManager.start()
04-20 06:30:47.190  4871  8140 V RobotCore: Getting network assistant of type: WIFIDIRECT
04-20 06:30:47.190  4871  8140 V Robocol : Spoofing a Network Connection event...
04-20 06:30:47.190  4871  8140 I EventLoopManager: onNetworkConnectionEvent: CONNECTION_INFO_AVAILABLE
04-20 06:30:47.190  4871  8140 I Robocol : Received network connection event
04-20 06:30:47.190  4871  8140 I NetworkConnectionHandler: Handling new network connection infomation, connected: true setup needed: true
04-20 06:30:47.190  4871  8140 V RobotCore: EventLoopManager state is STOPPED
04-20 06:30:47.190  4871  8198 V RobotCore: thread: 'SetupRunnable.run()' starting...
04-20 06:30:47.190  4871  8140 V Robocol : eventLoop=FtcEventLoop
04-20 06:30:47.190  4871  8140 V RobotCore: EventLoopManager state is INIT
04-20 06:30:47.190  4871  8140 V RobotCore: Robot Status: initializing, starting robot
04-20 06:30:47.190  4871  8140 I FtcEventLoop: ======= INIT START =======
04-20 06:30:47.200  4871  8140 V OpmodeRegistration: registered {DefaultOpMode} as {$Stop$Robot$}
04-20 06:30:47.200  4871  8140 V FileBasedLock: locked /storage/emulated/0/FIRST/blocks/projectslock/lock.dat
04-20 06:30:47.200  4871  8140 V FileBasedLock: unlocking /storage/emulated/0/FIRST/blocks/projectslock/lock.dat
