04-14 12:16:46.642 30013  6853 I RobotCore: logging command line: exec logcat -d -T '4-14 12:15:24.000' -f /storage/emulated/0/FIRST/matchlogs/Match-0-TeleOp.txt -n4 -v threadtime UsbRequestJNI:S UsbRequest:S art:W ThreadPool:W System:W ExtendedExtractor:W OMXClient:W MediaPlayer:W dalvikvm:W  *:V
04-14 12:16:46.672 30013  6555 V RobotCore: thread: ...terminating 'LinearOpMode main'
04-14 12:16:46.682 30013 30890 I RobotCore: Attempting to switch to op mode $Stop$Robot$
04-14 12:16:46.712 30013 30923 V Robocol : sending CMD_NOTIFY_INIT_OP_MODE(41130), attempt: 0
04-14 12:16:46.732 30013 30885 V Robocol : received command: CMD_RUN_OP_MODE(49645) $Stop$Robot$
04-14 12:16:46.752 30013 30923 V Robocol : sending CMD_NOTIFY_RUN_OP_MODE(41135), attempt: 0
04-14 12:16:47.032 30013  6853 I RobotCore: Done running exec logcat -d -T '4-14 12:15:24.000' -f /storage/emulated/0/FIRST/matchlogs/Match-0-TeleOp.txt -n4 -v threadtime UsbRequestJNI:S UsbRequest:S art:W ThreadPool:W System:W ExtendedExtractor:W OMXClient:W MediaPlayer:W dalvikvm:W  *:V
04-14 12:16:47.032 30013  6853 I RobotCore: exiting match logcat for /storage/emulated/0/FIRST/matchlogs/Match-0-TeleOp.txt
04-14 12:16:47.262 30013 30885 V Robocol : received command: CMD_INIT_OP_MODE(49656) $Stop$Robot$
04-14 12:16:47.272 30013 30890 I RobotCore: Attempting to switch to op mode $Stop$Robot$
04-14 12:16:47.352 30013 30923 V Robocol : sending CMD_NOTIFY_INIT_OP_MODE(41150), attempt: 0
04-14 12:16:47.412 30013 30885 V Robocol : received command: CMD_RUN_OP_MODE(49663) $Stop$Robot$
04-14 12:16:47.432 30013 30923 V Robocol : sending CMD_NOTIFY_RUN_OP_MODE(41156), attempt: 0
04-14 12:16:49.692 30013 30885 V Robocol : received command: CMD_SET_MATCH_NUMBER(49697) 0
04-14 12:16:49.692 30013 30885 V Robocol : received command: CMD_INIT_OP_MODE(49698) Select Parameters
04-14 12:16:49.712 30013 30884 I RobotCore: ******************** START - OPMODE Select Parameters ********************
04-14 12:16:49.722 30013 30890 I RobotCore: Attempting to switch to op mode Select Parameters
04-14 12:16:49.782 30013 30890 W LynxPwmOutputController: LynxSetPWMEnableCommand not implemented by lynx hw; ignoring
04-14 12:16:49.792 30013 30890 W LynxPwmOutputController: LynxSetPWMConfigurationCommand not implemented by lynx hw; ignoring
04-14 12:16:49.792 30013 30890 W LynxPwmOutputController: LynxSetPWMEnableCommand not implemented by lynx hw; ignoring
04-14 12:16:49.802 30013 30890 W LynxPwmOutputController: LynxSetPWMConfigurationCommand not implemented by lynx hw; ignoring
04-14 12:16:49.802 30013 30890 W LynxPwmOutputController: LynxSetPWMEnableCommand not implemented by lynx hw; ignoring
04-14 12:16:49.812 30013 30890 W LynxPwmOutputController: LynxSetPWMConfigurationCommand not implemented by lynx hw; ignoring
04-14 12:16:49.812 30013 30890 W LynxPwmOutputController: LynxSetPWMEnableCommand not implemented by lynx hw; ignoring
04-14 12:16:49.822 30013 30890 W LynxPwmOutputController: LynxSetPWMConfigurationCommand not implemented by lynx hw; ignoring
04-14 12:16:49.822 30013 30890 W LynxPwmOutputController: LynxSetPWMEnableCommand not implemented by lynx hw; ignoring
04-14 12:16:49.832 30013 30890 W LynxPwmOutputController: LynxSetPWMConfigurationCommand not implemented by lynx hw; ignoring
04-14 12:16:49.832 30013 30890 W LynxPwmOutputController: LynxSetPWMEnableCommand not implemented by lynx hw; ignoring
04-14 12:16:49.842 30013 30890 W LynxPwmOutputController: LynxSetPWMConfigurationCommand not implemented by lynx hw; ignoring
04-14 12:16:49.842 30013 30890 W LynxPwmOutputController: LynxSetPWMEnableCommand not implemented by lynx hw; ignoring
04-14 12:16:49.852 30013 30890 W LynxPwmOutputController: LynxSetPWMConfigurationCommand not implemented by lynx hw; ignoring
04-14 12:16:49.852 30013 30890 W LynxPwmOutputController: LynxSetPWMEnableCommand not implemented by lynx hw; ignoring
04-14 12:16:49.862 30013 30890 W LynxPwmOutputController: LynxSetPWMConfigurationCommand not implemented by lynx hw; ignoring
04-14 12:16:50.152 30013  6863 V RobotCore: thread: 'LinearOpMode main' starting...
04-14 12:16:50.152 30013 30923 V Robocol : sending CMD_NOTIFY_INIT_OP_MODE(41203), attempt: 0
04-14 12:16:50.452 30013 30885 V Robocol : received command: CMD_RUN_OP_MODE(49713) Select Parameters
04-14 12:16:50.512 30013 30923 V Robocol : sending CMD_NOTIFY_RUN_OP_MODE(41210), attempt: 0
04-14 12:17:05.852 30013 30885 V Robocol : received command: CMD_INIT_OP_MODE(50153) $Stop$Robot$
04-14 12:17:05.862 30013 30884 I RobotCore: ******************** STOP - OPMODE /storage/emulated/0/FIRST/matchlogs/Match-0-Select_Parameters.txt ********************
04-14 12:17:05.862 30013  6863 V RobotCore: thread: ...terminating 'LinearOpMode main'
04-14 12:17:05.862 30013 30890 I RobotCore: Attempting to switch to op mode $Stop$Robot$
04-14 12:17:05.862 30013  6942 I RobotCore: saving match logcat to /storage/emulated/0/FIRST/matchlogs/Match-0-Select_Parameters.txt
04-14 12:17:05.862 30013  6942 I RobotCore: logging command line: exec logcat -d -T '4-14 12:16:49.000' -f /storage/emulated/0/FIRST/matchlogs/Match-0-Select_Parameters.txt -n4 -v threadtime UsbRequestJNI:S UsbRequest:S art:W ThreadPool:W System:W ExtendedExtractor:W OMXClient:W MediaPlayer:W dalvikvm:W  *:V
04-14 12:17:05.952 30013 30923 V Robocol : sending CMD_NOTIFY_INIT_OP_MODE(41670), attempt: 0
04-14 12:17:05.972 30013 30885 V Robocol : received command: CMD_RUN_OP_MODE(50160) $Stop$Robot$
04-14 12:17:05.992 30013 30923 V Robocol : sending CMD_NOTIFY_RUN_OP_MODE(41676), attempt: 0
04-14 12:17:06.182 30013  6942 I RobotCore: Done running exec logcat -d -T '4-14 12:16:49.000' -f /storage/emulated/0/FIRST/matchlogs/Match-0-Select_Parameters.txt -n4 -v threadtime UsbRequestJNI:S UsbRequest:S art:W ThreadPool:W System:W ExtendedExtractor:W OMXClient:W MediaPlayer:W dalvikvm:W  *:V
04-14 12:17:06.182 30013  6942 I RobotCore: exiting match logcat for /storage/emulated/0/FIRST/matchlogs/Match-0-Select_Parameters.txt
04-14 12:17:06.492 30013 30885 V Robocol : received command: CMD_INIT_OP_MODE(50172) $Stop$Robot$
04-14 12:17:06.512 30013 30890 I RobotCore: Attempting to switch to op mode $Stop$Robot$
04-14 12:17:06.592 30013 30923 V Robocol : sending CMD_NOTIFY_INIT_OP_MODE(41689), attempt: 0
04-14 12:17:06.652 30013 30885 V Robocol : received command: CMD_RUN_OP_MODE(50178) $Stop$Robot$
04-14 12:17:06.672 30013 30923 V Robocol : sending CMD_NOTIFY_RUN_OP_MODE(41695), attempt: 0
04-14 12:17:08.092 30013 30885 V Robocol : received command: CMD_SET_MATCH_NUMBER(50202) 0
04-14 12:17:08.092 30013 30885 V Robocol : received command: CMD_INIT_OP_MODE(50203) Main Autonomous
04-14 12:17:08.122 30013 30884 I RobotCore: ******************** START - OPMODE Main Autonomous ********************
04-14 12:17:08.122 30013 30890 I RobotCore: Attempting to switch to op mode Main Autonomous
04-14 12:17:08.202 30013 30890 W LynxPwmOutputController: LynxSetPWMEnableCommand not implemented by lynx hw; ignoring
04-14 12:17:08.212 30013 30890 W LynxPwmOutputController: LynxSetPWMConfigurationCommand not implemented by lynx hw; ignoring
04-14 12:17:08.212 30013 30890 W LynxPwmOutputController: LynxSetPWMEnableCommand not implemented by lynx hw; ignoring
04-14 12:17:08.222 30013 30890 W LynxPwmOutputController: LynxSetPWMConfigurationCommand not implemented by lynx hw; ignoring
04-14 12:17:08.222 30013 30890 W LynxPwmOutputController: LynxSetPWMEnableCommand not implemented by lynx hw; ignoring
04-14 12:17:08.232 30013 30890 W LynxPwmOutputController: LynxSetPWMConfigurationCommand not implemented by lynx hw; ignoring
04-14 12:17:08.242 30013 30890 W LynxPwmOutputController: LynxSetPWMEnableCommand not implemented by lynx hw; ignoring
04-14 12:17:08.242 30013 30890 W LynxPwmOutputController: LynxSetPWMConfigurationCommand not implemented by lynx hw; ignoring
04-14 12:17:08.252 30013 30890 W LynxPwmOutputController: LynxSetPWMEnableCommand not implemented by lynx hw; ignoring
04-14 12:17:08.262 30013 30890 W LynxPwmOutputController: LynxSetPWMConfigurationCommand not implemented by lynx hw; ignoring
04-14 12:17:08.262 30013 30890 W LynxPwmOutputController: LynxSetPWMEnableCommand not implemented by lynx hw; ignoring
04-14 12:17:08.272 30013 30890 W LynxPwmOutputController: LynxSetPWMConfigurationCommand not implemented by lynx hw; ignoring
04-14 12:17:08.282 30013 30890 W LynxPwmOutputController: LynxSetPWMEnableCommand not implemented by lynx hw; ignoring
04-14 12:17:08.282 30013 30890 W LynxPwmOutputController: LynxSetPWMConfigurationCommand not implemented by lynx hw; ignoring
04-14 12:17:08.292 30013 30890 W LynxPwmOutputController: LynxSetPWMEnableCommand not implemented by lynx hw; ignoring
04-14 12:17:08.292 30013 30890 W LynxPwmOutputController: LynxSetPWMConfigurationCommand not implemented by lynx hw; ignoring
04-14 12:17:08.572 30013  6953 V RobotCore: thread: 'LinearOpMode main' starting...
04-14 12:17:08.592 30013 30923 V Robocol : sending CMD_NOTIFY_INIT_OP_MODE(41731), attempt: 0
04-14 12:17:08.822 30013  6953 V RobotCore: addr=false data=true arb=false clock=false
04-14 12:17:08.822 30013  6953 E LynxI2cDeviceSynch: readStatusQuery: cbExpected=1 cbRead=0
04-14 12:17:08.822 30013  6953 E LynxI2cDeviceSynch: placeholder: readStatusQuery
04-14 12:17:08.912 30013  6953 V RobotCore: addr=false data=true arb=false clock=false
04-14 12:17:08.912 30013  6953 E LynxI2cDeviceSynch: readStatusQuery: cbExpected=1 cbRead=0
04-14 12:17:08.992 30013  6953 V RobotCore: addr=false data=true arb=false clock=false
04-14 12:17:08.992 30013  6953 E LynxI2cDeviceSynch: readStatusQuery: cbExpected=1 cbRead=0
04-14 12:17:09.072 30013  6953 V RobotCore: addr=false data=true arb=false clock=false
04-14 12:17:09.072 30013  6953 E LynxI2cDeviceSynch: readStatusQuery: cbExpected=1 cbRead=0
04-14 12:17:09.812 30013 31020 V RobotCore: nack rec'd mod=1 msg#=164 ref#=0 reason=PACKET_TYPE_ID_UNKNOWN:255
04-14 12:17:09.812 30013  6953 E LynxI2cDeviceSynch: LynxI2cWriteSingleByteCommand not supported by module mod#=1 cmd#=32514
04-14 12:17:09.812 30013  6953 E LynxI2cDeviceSynch: placeholder: readTimestamped
04-14 12:17:09.812 30013 30890 D RobotCore: system telemetry: key=$System$Warning$ msg="problem with "imu""
04-14 12:17:09.822 30013 30889 W AudioTrack: AUDIO_OUTPUT_FLAG_FAST denied by client; transfer 4, track 44100 Hz, output 48000 Hz
04-14 12:17:09.842 30013 30889 D SoundPlayer: playing volume=1.000000 samp=2|ms=1044
04-14 12:17:09.872 30013 30923 V Robocol : sending CMD_PLAY_SOUND(41747), attempt: 0
04-14 12:17:09.882 30013 31020 E LynxModule: unable to find originating LynxRespondable for mod=1 msg#=84 ref#=169
04-14 12:17:09.942 30013 31020 V RobotCore: nack rec'd mod=1 msg#=180 ref#=0 reason=PACKET_TYPE_ID_UNKNOWN:255
04-14 12:17:09.942 30013  6953 E LynxI2cDeviceSynch: LynxI2cWriteSingleByteCommand not supported by module mod#=1 cmd#=32514
04-14 12:17:10.952 30013 31020 V RobotCore: nack rec'd mod=1 msg#=182 ref#=0 reason=PACKET_TYPE_ID_UNKNOWN:255
04-14 12:17:10.962 30013  6953 E LynxI2cDeviceSynch: LynxI2cWriteSingleByteCommand not supported by module mod#=1 cmd#=32514
04-14 12:17:11.012 30013 31020 V RobotCore: nack rec'd mod=1 msg#=192 ref#=0 reason=PACKET_TYPE_ID_UNKNOWN:255
04-14 12:17:11.012 30013  6953 E LynxI2cDeviceSynch: LynxI2cWriteSingleByteCommand not supported by module mod#=1 cmd#=32514
04-14 12:17:12.232 30013 31020 V RobotCore: nack rec'd mod=1 msg#=194 ref#=0 reason=PACKET_TYPE_ID_UNKNOWN:255
04-14 12:17:12.232 30013  6953 E LynxI2cDeviceSynch: LynxI2cWriteSingleByteCommand not supported by module mod#=1 cmd#=32514
04-14 12:17:12.282 30013 31020 V RobotCore: nack rec'd mod=1 msg#=206 ref#=0 reason=PACKET_TYPE_ID_UNKNOWN:255
04-14 12:17:12.292 30013  6953 E LynxI2cDeviceSynch: LynxI2cWriteSingleByteCommand not supported by module mod#=1 cmd#=32514
04-14 12:17:13.742 30013 31020 V RobotCore: nack rec'd mod=1 msg#=208 ref#=0 reason=PACKET_TYPE_ID_UNKNOWN:255
04-14 12:17:13.752 30013  6953 E LynxI2cDeviceSynch: LynxI2cWriteSingleByteCommand not supported by module mod#=1 cmd#=32514
04-14 12:17:13.802 30013 31020 V RobotCore: nack rec'd mod=1 msg#=221 ref#=0 reason=PACKET_TYPE_ID_UNKNOWN:255
04-14 12:17:13.802 30013  6953 E LynxI2cDeviceSynch: LynxI2cWriteSingleByteCommand not supported by module mod#=1 cmd#=32514
04-14 12:17:15.552 30013 30890 D RobotCore: system telemetry: key=$System$None$ msg=""
04-14 12:17:15.742 30013  6953 V RobotCore: addr=false data=true arb=false clock=false
04-14 12:17:15.742 30013  6953 E LynxI2cDeviceSynch: readStatusQuery: cbExpected=1 cbRead=0
04-14 12:17:15.742 30013  6953 E LynxI2cDeviceSynch: placeholder: readStatusQuery
04-14 12:17:15.902 30013  6953 V RobotCore: addr=false data=true arb=false clock=false
04-14 12:17:15.902 30013  6953 E LynxI2cDeviceSynch: readStatusQuery: cbExpected=1 cbRead=0
04-14 12:17:16.062 30013  6953 V RobotCore: addr=false data=true arb=false clock=false
04-14 12:17:16.062 30013  6953 E LynxI2cDeviceSynch: readStatusQuery: cbExpected=1 cbRead=0
04-14 12:17:16.222 30013  6953 V RobotCore: addr=false data=true arb=false clock=false
04-14 12:17:16.222 30013  6953 E LynxI2cDeviceSynch: readStatusQuery: cbExpected=1 cbRead=0
04-14 12:17:17.762 30013  6953 D CameraBridge: call checkCurrentState
04-14 12:17:17.812 30013 30013 D CameraBridge: call surfaceChanged event
04-14 12:17:17.812 30013 30013 D CameraBridge: call checkCurrentState
04-14 12:17:17.812 30013 30013 D CameraBridge: call processExitState: 0
04-14 12:17:17.812 30013 30013 D CameraBridge: call processEnterState: 1
04-14 12:17:17.812 30013 30013 D CameraBridge: call onEnterStartedState
04-14 12:17:17.812 30013 30013 D JavaCameraView: Connecting to camera
04-14 12:17:17.812 30013 30013 D JavaCameraView: Initialize java camera
04-14 12:17:17.812 30013 30013 D JavaCameraView: Trying to open camera with new open(0)
04-14 12:17:18.092 30013 30013 D JavaCameraView: getSupportedPreviewSizes()
04-14 12:17:18.092 30013 30013 D JavaCameraView: Set preview size to 1280x720
04-14 12:17:18.112 30013 30013 D JavaCameraView: startPreview
04-14 12:17:18.522 30013 30013 D JavaCameraView: Starting processing thread
04-14 12:17:19.112 30013 30013 D JavaCameraView: Preview Frame received. Frame size: 1382400
04-14 12:17:19.132 30013 30031 E BufferQueueProducer: [SurfaceTexture-10-30013-13] dequeueBuffer: min undequeued buffer count (2) exceeded (dequeued=5 undequeued=1)
04-14 12:17:19.132 30013 30013 D JavaCameraView: Preview Frame received. Frame size: 1382400
04-14 12:17:19.162 30013 30013 D JavaCameraView: Preview Frame received. Frame size: 1382400
04-14 12:17:19.202 30013 30013 D JavaCameraView: Preview Frame received. Frame size: 1382400
04-14 12:17:19.232 30013 30013 D JavaCameraView: Preview Frame received. Frame size: 1382400
04-14 12:17:19.262 30013  7079 D CustomCameraView: mStretch value: 0.0
04-14 12:17:19.272 30013 30013 D JavaCameraView: Preview Frame received. Frame size: 1382400
04-14 12:17:19.302 30013 30013 D JavaCameraView: Preview Frame received. Frame size: 1382400
04-14 12:17:19.332 30013 30013 D JavaCameraView: Preview Frame received. Frame size: 1382400
04-14 12:17:19.362 30013 30013 D JavaCameraView: Preview Frame received. Frame size: 1382400
04-14 12:17:19.392 30013  7079 D CustomCameraView: mStretch value: 0.0
04-14 12:17:19.402 30013 30013 D JavaCameraView: Preview Frame received. Frame size: 1382400
04-14 12:17:19.432 30013 30013 D JavaCameraView: Preview Frame received. Frame size: 1382400
04-14 12:17:19.462 30013 30013 D JavaCameraView: Preview Frame received. Frame size: 1382400
04-14 12:17:19.502 30013 30013 D JavaCameraView: Preview Frame received. Frame size: 1382400
04-14 12:17:19.512 30013  7079 D CustomCameraView: mStretch value: 0.0
04-14 12:17:19.532 30013 30013 D JavaCameraView: Preview Frame received. Frame size: 1382400
04-14 12:17:19.562 30013 30013 D JavaCameraView: Preview Frame received. Frame size: 1382400
04-14 12:17:19.602 30013 30013 D JavaCameraView: Preview Frame received. Frame size: 1382400
04-14 12:17:19.612 30013  7079 D CustomCameraView: mStretch value: 0.0
04-14 12:17:19.632 30013 30013 D JavaCameraView: Preview Frame received. Frame size: 1382400
04-14 12:17:19.662 30013 30013 D JavaCameraView: Preview Frame received. Frame size: 1382400
04-14 12:17:19.682 30013  7079 D CustomCameraView: mStretch value: 0.0
04-14 12:17:19.702 30013 30013 D JavaCameraView: Preview Frame received. Frame size: 1382400
04-14 12:17:19.732 30013 30013 D JavaCameraView: Preview Frame received. Frame size: 1382400
04-14 12:17:19.752 30013  7079 D CustomCameraView: mStretch value: 0.0
04-14 12:17:19.762 30013 30013 D JavaCameraView: Preview Frame received. Frame size: 1382400
04-14 12:17:19.802 30013 30013 D JavaCameraView: Preview Frame received. Frame size: 1382400
04-14 12:17:19.832 30013 30013 D JavaCameraView: Preview Frame received. Frame size: 1382400
04-14 12:17:19.842 30013  7079 D CustomCameraView: mStretch value: 0.0
04-14 12:17:19.862 30013 30013 D JavaCameraView: Preview Frame received. Frame size: 1382400
04-14 12:17:19.902 30013 30013 D JavaCameraView: Preview Frame received. Frame size: 1382400
04-14 12:17:19.942 30013  7079 D CustomCameraView: mStretch value: 0.0
04-14 12:17:19.942 30013 30013 D JavaCameraView: Preview Frame received. Frame size: 1382400
04-14 12:17:19.972 30013 30013 D JavaCameraView: Preview Frame received. Frame size: 1382400
04-14 12:17:20.002 30013 30013 D JavaCameraView: Preview Frame received. Frame size: 1382400
04-14 12:17:20.032 30013 30013 D JavaCameraView: Preview Frame received. Frame size: 1382400
04-14 12:17:20.042 30013  7079 D CustomCameraView: mStretch value: 0.0
04-14 12:17:20.062 30013 30013 D JavaCameraView: Preview Frame received. Frame size: 1382400
04-14 12:17:20.092 30013 30013 D JavaCameraView: Preview Frame received. Frame size: 1382400
04-14 12:17:20.132 30013 30013 D JavaCameraView: Preview Frame received. Frame size: 1382400
04-14 12:17:20.152 30013  7079 D CustomCameraView: mStretch value: 0.0
04-14 12:17:20.172 30013 30013 D JavaCameraView: Preview Frame received. Frame size: 1382400
04-14 12:17:20.202 30013 30013 D JavaCameraView: Preview Frame received. Frame size: 1382400
04-14 12:17:20.232 30013 30013 D JavaCameraView: Preview Frame received. Frame size: 1382400
04-14 12:17:20.262 30013  7079 D CustomCameraView: mStretch value: 0.0
04-14 12:17:20.262 30013 30013 D JavaCameraView: Preview Frame received. Frame size: 1382400
04-14 12:17:20.302 30013 30013 D JavaCameraView: Preview Frame received. Frame size: 1382400
04-14 12:17:20.332 30013 30013 D JavaCameraView: Preview Frame received. Frame size: 1382400
04-14 12:17:20.362 30013 30013 D JavaCameraView: Preview Frame received. Frame size: 1382400
04-14 12:17:20.372 30013  7079 D CustomCameraView: mStretch value: 0.0
04-14 12:17:20.402 30013 30013 D JavaCameraView: Preview Frame received. Frame size: 1382400
04-14 12:17:20.432 30013 30013 D JavaCameraView: Preview Frame received. Frame size: 1382400
04-14 12:17:20.462 30013 30013 D JavaCameraView: Preview Frame received. Frame size: 1382400
04-14 12:17:20.472 30013  7079 D CustomCameraView: mStretch value: 0.0
04-14 12:17:20.502 30013 30013 D JavaCameraView: Preview Frame received. Frame size: 1382400
04-14 12:17:20.532 30013 30013 D JavaCameraView: Preview Frame received. Frame size: 1382400
04-14 12:17:20.562 30013 30013 D JavaCameraView: Preview Frame received. Frame size: 1382400
04-14 12:17:20.572 30013  7079 D CustomCameraView: mStretch value: 0.0
04-14 12:17:20.602 30013 30013 D JavaCameraView: Preview Frame received. Frame size: 1382400
04-14 12:17:20.632 30013 30013 D JavaCameraView: Preview Frame received. Frame size: 1382400
04-14 12:17:20.662 30013 30013 D JavaCameraView: Preview Frame received. Frame size: 1382400
04-14 12:17:20.682 30013  7079 D CustomCameraView: mStretch value: 0.0
04-14 12:17:20.702 30013 30013 D JavaCameraView: Preview Frame received. Frame size: 1382400
04-14 12:17:20.732 30013 30013 D JavaCameraView: Preview Frame received. Frame size: 1382400
04-14 12:17:20.762 30013 30013 D JavaCameraView: Preview Frame received. Frame size: 1382400
04-14 12:17:20.802 30013 30013 D JavaCameraView: Preview Frame received. Frame size: 1382400
04-14 12:17:20.802 30013  7079 D CustomCameraView: mStretch value: 0.0
04-14 12:17:20.832 30013 30013 D JavaCameraView: Preview Frame received. Frame size: 1382400
04-14 12:17:20.872 30013 30013 D JavaCameraView: Preview Frame received. Frame size: 1382400
04-14 12:17:20.902 30013 30013 D JavaCameraView: Preview Frame received. Frame size: 1382400
04-14 12:17:20.922 30013  7079 D CustomCameraView: mStretch value: 0.0
04-14 12:17:20.942 30013 30013 D JavaCameraView: Preview Frame received. Frame size: 1382400
04-14 12:17:20.972 30013 30013 D JavaCameraView: Preview Frame received. Frame size: 1382400
04-14 12:17:21.002 30013 30013 D JavaCameraView: Preview Frame received. Frame size: 1382400
04-14 12:17:21.032 30013 30013 D JavaCameraView: Preview Frame received. Frame size: 1382400
04-14 12:17:21.042 30013  7079 D CustomCameraView: mStretch value: 0.0
04-14 12:17:21.072 30013 30013 D JavaCameraView: Preview Frame received. Frame size: 1382400
04-14 12:17:21.102 30013 30013 D JavaCameraView: Preview Frame received. Frame size: 1382400
04-14 12:17:21.132 30013 30013 D JavaCameraView: Preview Frame received. Frame size: 1382400
04-14 12:17:21.142 30013  7079 D CustomCameraView: mStretch value: 0.0
04-14 12:17:21.172 30013 30013 D JavaCameraView: Preview Frame received. Frame size: 1382400
04-14 12:17:21.202 30013 30013 D JavaCameraView: Preview Frame received. Frame size: 1382400
04-14 12:17:21.222 30013  7079 D CustomCameraView: mStretch value: 0.0
04-14 12:17:21.232 30013 30013 D JavaCameraView: Preview Frame received. Frame size: 1382400
04-14 12:17:21.272 30013 30013 D JavaCameraView: Preview Frame received. Frame size: 1382400
04-14 12:17:21.282 30013  7079 D CustomCameraView: mStretch value: 0.0
04-14 12:17:21.302 30013 30013 D JavaCameraView: Preview Frame received. Frame size: 1382400
04-14 12:17:21.332 30013 30013 D JavaCameraView: Preview Frame received. Frame size: 1382400
04-14 12:17:21.352 30013  7079 D CustomCameraView: mStretch value: 0.0
04-14 12:17:21.372 30013 30013 D JavaCameraView: Preview Frame received. Frame size: 1382400
04-14 12:17:21.402 30013 30013 D JavaCameraView: Preview Frame received. Frame size: 1382400
04-14 12:17:21.412 30013  7079 D CustomCameraView: mStretch value: 0.0
04-14 12:17:21.432 30013 30013 D JavaCameraView: Preview Frame received. Frame size: 1382400
04-14 12:17:21.472 30013 30013 D JavaCameraView: Preview Frame received. Frame size: 1382400
04-14 12:17:21.502 30013 30013 D JavaCameraView: Preview Frame received. Frame size: 1382400
04-14 12:17:21.512 30013  7079 D CustomCameraView: mStretch value: 0.0
04-14 12:17:21.532 30013 30013 D JavaCameraView: Preview Frame received. Frame size: 1382400
04-14 12:17:21.562 30013 30013 D JavaCameraView: Preview Frame received. Frame size: 1382400
04-14 12:17:21.602 30013  7079 D CustomCameraView: mStretch value: 0.0
04-14 12:17:21.602 30013 30013 D JavaCameraView: Preview Frame received. Frame size: 1382400
04-14 12:17:21.632 30013 30013 D JavaCameraView: Preview Frame received. Frame size: 1382400
04-14 12:17:21.672 30013 30013 D JavaCameraView: Preview Frame received. Frame size: 1382400
04-14 12:17:21.692 30013  7079 D CustomCameraView: mStretch value: 0.0
04-14 12:17:21.702 30013 30013 D JavaCameraView: Preview Frame received. Frame size: 1382400
04-14 12:17:21.732 30013 30013 D JavaCameraView: Preview Frame received. Frame size: 1382400
04-14 12:17:21.772 30013 30013 D JavaCameraView: Preview Frame received. Frame size: 1382400
04-14 12:17:21.802 30013  7079 D CustomCameraView: mStretch value: 0.0
04-14 12:17:21.802 30013 30013 D JavaCameraView: Preview Frame received. Frame size: 1382400
04-14 12:17:21.832 30013 30013 D JavaCameraView: Preview Frame received. Frame size: 1382400
04-14 12:17:21.862 30013 30013 D JavaCameraView: Preview Frame received. Frame size: 1382400
04-14 12:17:21.872 30013  7079 D CustomCameraView: mStretch value: 0.0
04-14 12:17:21.902 30013 30013 D JavaCameraView: Preview Frame received. Frame size: 1382400
04-14 12:17:21.942 30013 30013 D JavaCameraView: Preview Frame received. Frame size: 1382400
04-14 12:17:21.952 30013  7079 D CustomCameraView: mStretch value: 0.0
04-14 12:17:21.972 30013 30013 D JavaCameraView: Preview Frame received. Frame size: 1382400
04-14 12:17:22.002 30013 30013 D JavaCameraView: Preview Frame received. Frame size: 1382400
04-14 12:17:22.022 30013  7079 D CustomCameraView: mStretch value: 0.0
04-14 12:17:22.042 30013 30013 D JavaCameraView: Preview Frame received. Frame size: 1382400
04-14 12:17:22.072 30013 30013 D JavaCameraView: Preview Frame received. Frame size: 1382400
04-14 12:17:22.102 30013  7079 D CustomCameraView: mStretch value: 0.0
04-14 12:17:22.102 30013 30013 D JavaCameraView: Preview Frame received. Frame size: 1382400
04-14 12:17:22.132 30013 30013 D JavaCameraView: Preview Frame received. Frame size: 1382400
04-14 12:17:22.172 30013 30013 D JavaCameraView: Preview Frame received. Frame size: 1382400
04-14 12:17:22.172 30013  7079 D CustomCameraView: mStretch value: 0.0
04-14 12:17:22.212 30013 30013 D JavaCameraView: Preview Frame received. Frame size: 1382400
04-14 12:17:22.252 30013 30013 D JavaCameraView: Preview Frame received. Frame size: 1382400
04-14 12:17:22.272 30013 30013 D JavaCameraView: Preview Frame received. Frame size: 1382400
04-14 12:17:22.292 30013  7079 D CustomCameraView: mStretch value: 0.0
04-14 12:17:22.302 30013 30013 D JavaCameraView: Preview Frame received. Frame size: 1382400
04-14 12:17:22.332 30013 30013 D JavaCameraView: Preview Frame received. Frame size: 1382400
04-14 12:17:22.372 30013 30013 D JavaCameraView: Preview Frame received. Frame size: 1382400
04-14 12:17:22.392 30013  7079 D CustomCameraView: mStretch value: 0.0
04-14 12:17:22.402 30013 30013 D JavaCameraView: Preview Frame received. Frame size: 1382400
04-14 12:17:22.432 30013 30013 D JavaCameraView: Preview Frame received. Frame size: 1382400
04-14 12:17:22.462 30013 30013 D JavaCameraView: Preview Frame received. Frame size: 1382400
04-14 12:17:22.472 30013  7079 D CustomCameraView: mStretch value: 0.0
04-14 12:17:22.502 30013 30013 D JavaCameraView: Preview Frame received. Frame size: 1382400
04-14 12:17:22.532 30013 30013 D JavaCameraView: Preview Frame received. Frame size: 1382400
04-14 12:17:22.542 30013  7079 D CustomCameraView: mStretch value: 0.0
04-14 12:17:22.572 30013 30013 D JavaCameraView: Preview Frame received. Frame size: 1382400
04-14 12:17:22.602 30013 30013 D JavaCameraView: Preview Frame received. Frame size: 1382400
04-14 12:17:22.612 30013  7079 D CustomCameraView: mStretch value: 0.0
04-14 12:17:22.632 30013 30013 D JavaCameraView: Preview Frame received. Frame size: 1382400
04-14 12:17:22.672 30013 30013 D JavaCameraView: Preview Frame received. Frame size: 1382400
04-14 12:17:22.682 30013  7079 D CustomCameraView: mStretch value: 0.0
04-14 12:17:22.702 30013 30013 D JavaCameraView: Preview Frame received. Frame size: 1382400
04-14 12:17:22.732 30013 30013 D JavaCameraView: Preview Frame received. Frame size: 1382400
04-14 12:17:22.772 30013  7079 D CustomCameraView: mStretch value: 0.0
04-14 12:17:22.772 30013 30013 D JavaCameraView: Preview Frame received. Frame size: 1382400
04-14 12:17:22.802 30013 30013 D JavaCameraView: Preview Frame received. Frame size: 1382400
04-14 12:17:22.832 30013  7079 D CustomCameraView: mStretch value: 0.0
04-14 12:17:22.832 30013 30013 D JavaCameraView: Preview Frame received. Frame size: 1382400
04-14 12:17:22.872 30013 30013 D JavaCameraView: Preview Frame received. Frame size: 1382400
04-14 12:17:22.892 30013  7079 D CustomCameraView: mStretch value: 0.0
04-14 12:17:22.902 30013 30013 D JavaCameraView: Preview Frame received. Frame size: 1382400
04-14 12:17:22.932 30013 30013 D JavaCameraView: Preview Frame received. Frame size: 1382400
04-14 12:17:22.962 30013  7079 D CustomCameraView: mStretch value: 0.0
04-14 12:17:22.972 30013 30013 D JavaCameraView: Preview Frame received. Frame size: 1382400
04-14 12:17:23.022 30013 30013 D JavaCameraView: Preview Frame received. Frame size: 1382400
04-14 12:17:23.032 30013  7079 D CustomCameraView: mStretch value: 0.0
04-14 12:17:23.032 30013 30013 D JavaCameraView: Preview Frame received. Frame size: 1382400
04-14 12:17:23.072 30013 30013 D JavaCameraView: Preview Frame received. Frame size: 1382400
04-14 12:17:23.102 30013 30013 D JavaCameraView: Preview Frame received. Frame size: 1382400
04-14 12:17:23.102 30013  7079 D CustomCameraView: mStretch value: 0.0
04-14 12:17:23.132 30013 30013 D JavaCameraView: Preview Frame received. Frame size: 1382400
04-14 12:17:23.172 30013 30013 D JavaCameraView: Preview Frame received. Frame size: 1382400
04-14 12:17:23.182 30013  7079 D CustomCameraView: mStretch value: 0.0
04-14 12:17:23.202 30013 30013 D JavaCameraView: Preview Frame received. Frame size: 1382400
04-14 12:17:23.232 30013 30013 D JavaCameraView: Preview Frame received. Frame size: 1382400
04-14 12:17:23.252 30013  7079 D CustomCameraView: mStretch value: 0.0
04-14 12:17:23.272 30013 30013 D JavaCameraView: Preview Frame received. Frame size: 1382400
04-14 12:17:23.302 30013 30013 D JavaCameraView: Preview Frame received. Frame size: 1382400
04-14 12:17:23.312 30013  7079 D CustomCameraView: mStretch value: 0.0
04-14 12:17:23.332 30013 30013 D JavaCameraView: Preview Frame received. Frame size: 1382400
04-14 12:17:23.372 30013 30013 D JavaCameraView: Preview Frame received. Frame size: 1382400
04-14 12:17:23.402 30013 30013 D JavaCameraView: Preview Frame received. Frame size: 1382400
04-14 12:17:23.412 30013  7079 D CustomCameraView: mStretch value: 0.0
04-14 12:17:23.432 30013 30013 D JavaCameraView: Preview Frame received. Frame size: 1382400
04-14 12:17:23.472 30013 30013 D JavaCameraView: Preview Frame received. Frame size: 1382400
04-14 12:17:23.482 30013  7079 D CustomCameraView: mStretch value: 0.0
04-14 12:17:23.502 30013 30013 D JavaCameraView: Preview Frame received. Frame size: 1382400
04-14 12:17:23.532 30013 30013 D JavaCameraView: Preview Frame received. Frame size: 1382400
04-14 12:17:23.552 30013  7079 D CustomCameraView: mStretch value: 0.0
04-14 12:17:23.572 30013 30013 D JavaCameraView: Preview Frame received. Frame size: 1382400
04-14 12:17:23.602 30013 30013 D JavaCameraView: Preview Frame received. Frame size: 1382400
04-14 12:17:23.632 30013 30013 D JavaCameraView: Preview Frame received. Frame size: 1382400
04-14 12:17:23.642 30013  7079 D CustomCameraView: mStretch value: 0.0
04-14 12:17:23.672 30013 30013 D JavaCameraView: Preview Frame received. Frame size: 1382400
04-14 12:17:23.702 30013 30013 D JavaCameraView: Preview Frame received. Frame size: 1382400
04-14 12:17:23.732 30013 30013 D JavaCameraView: Preview Frame received. Frame size: 1382400
04-14 12:17:23.772 30013 30013 D JavaCameraView: Preview Frame received. Frame size: 1382400
04-14 12:17:23.772 30013  7079 D CustomCameraView: mStretch value: 0.0
04-14 12:17:23.802 30013 30013 D JavaCameraView: Preview Frame received. Frame size: 1382400
04-14 12:17:23.832 30013 30013 D JavaCameraView: Preview Frame received. Frame size: 1382400
04-14 12:17:23.852 30013  7079 D CustomCameraView: mStretch value: 0.0
04-14 12:17:23.872 30013 30013 D JavaCameraView: Preview Frame received. Frame size: 1382400
04-14 12:17:23.902 30013 30013 D JavaCameraView: Preview Frame received. Frame size: 1382400
04-14 12:17:23.922 30013  7079 D CustomCameraView: mStretch value: 0.0
04-14 12:17:23.942 30013 30013 D JavaCameraView: Preview Frame received. Frame size: 1382400
04-14 12:17:23.982 30013 30013 D JavaCameraView: Preview Frame received. Frame size: 1382400
04-14 12:17:24.002 30013 30013 D JavaCameraView: Preview Frame received. Frame size: 1382400
04-14 12:17:24.002 30013  7079 D CustomCameraView: mStretch value: 0.0
04-14 12:17:24.032 30013 30013 D JavaCameraView: Preview Frame received. Frame size: 1382400
04-14 12:17:24.052 30013 30885 V Robocol : received command: CMD_RUN_OP_MODE(50376) Main Autonomous
04-14 12:17:24.072 30013 30013 D JavaCameraView: Preview Frame received. Frame size: 1382400
04-14 12:17:24.072 30013  7079 D CustomCameraView: mStretch value: 0.0
04-14 12:17:24.072 30013 30923 V Robocol : sending CMD_NOTIFY_RUN_OP_MODE(41894), attempt: 0
04-14 12:17:24.092 30013  6953 D CameraBridge: call checkCurrentState
04-14 12:17:24.092 30013  6953 D CameraBridge: call processExitState: 1
04-14 12:17:24.092 30013  6953 D JavaCameraView: Disconnecting from camera
04-14 12:17:24.092 30013  6953 D JavaCameraView: Notify thread
04-14 12:17:24.092 30013  6953 D JavaCameraView: Waiting for thread
04-14 12:17:24.102 30013 30013 D JavaCameraView: Preview Frame received. Frame size: 1382400
04-14 12:17:24.132 30013  7079 D CustomCameraView: mStretch value: 0.0
04-14 12:17:24.142 30013  7079 D JavaCameraView: Finish processing thread
04-14 12:17:24.142 30013 30013 D JavaCameraView: Preview Frame received. Frame size: 1382400
04-14 12:17:24.532 30013  6953 D CameraBridge: call processEnterState: 0
04-14 12:17:24.542 30013 30013 D CameraBridge: call checkCurrentState
04-14 12:17:30.252 30013 30885 V Robocol : received command: CMD_INIT_OP_MODE(50436) $Stop$Robot$
04-14 12:17:30.262 30013 30884 I RobotCore: ******************** STOP - OPMODE /storage/emulated/0/FIRST/matchlogs/Match-0-Main_Autonomous.txt ********************
04-14 12:17:30.272 30013  7160 I RobotCore: saving match logcat to /storage/emulated/0/FIRST/matchlogs/Match-0-Main_Autonomous.txt
04-14 12:17:30.272 30013  7160 I RobotCore: logging command line: exec logcat -d -T '4-14 12:17:8.000' -f /storage/emulated/0/FIRST/matchlogs/Match-0-Main_Autonomous.txt -n4 -v threadtime UsbRequestJNI:S UsbRequest:S art:W ThreadPool:W System:W ExtendedExtractor:W OMXClient:W MediaPlayer:W dalvikvm:W  *:V
04-14 12:17:30.272 30013  6953 D RobotCore: LinearOpMode received an InterruptedException; shutting down this linear op mode
04-14 12:17:30.272 30013  6953 V RobotCore: thread: ...terminating 'LinearOpMode main'
04-14 12:17:30.272 30013 30890 I RobotCore: Attempting to switch to op mode $Stop$Robot$
04-14 12:17:30.352 30013 30923 V Robocol : sending CMD_NOTIFY_INIT_OP_MODE(41962), attempt: 0
04-14 12:17:30.372 30013 30885 V Robocol : received command: CMD_RUN_OP_MODE(50442) $Stop$Robot$
04-14 12:17:30.392 30013 30923 V Robocol : sending CMD_NOTIFY_RUN_OP_MODE(41967), attempt: 0
04-14 12:17:30.592 30013  7160 I RobotCore: Done running exec logcat -d -T '4-14 12:17:8.000' -f /storage/emulated/0/FIRST/matchlogs/Match-0-Main_Autonomous.txt -n4 -v threadtime UsbRequestJNI:S UsbRequest:S art:W ThreadPool:W System:W ExtendedExtractor:W OMXClient:W MediaPlayer:W dalvikvm:W  *:V
04-14 12:17:30.592 30013  7160 I RobotCore: exiting match logcat for /storage/emulated/0/FIRST/matchlogs/Match-0-Main_Autonomous.txt
04-14 12:17:35.742 30013 30885 V Robocol : received command: CMD_INIT_OP_MODE(50514) $Stop$Robot$
04-14 12:17:35.742 30013 30890 I RobotCore: Attempting to switch to op mode $Stop$Robot$
04-14 12:17:35.792 30013 30923 V Robocol : sending CMD_NOTIFY_INIT_OP_MODE(42048), attempt: 0
04-14 12:17:35.892 30013 30885 V Robocol : received command: CMD_RUN_OP_MODE(50521) $Stop$Robot$
04-14 12:17:35.912 30013 30923 V Robocol : sending CMD_NOTIFY_RUN_OP_MODE(42054), attempt: 0
04-14 12:17:37.932 30013 30885 V Robocol : received command: CMD_SET_MATCH_NUMBER(50551) 0
04-14 12:17:37.932 30013 30885 V Robocol : received command: CMD_INIT_OP_MODE(50552) Select Parameters
04-14 12:17:37.952 30013 30884 I RobotCore: ******************** START - OPMODE Select Parameters ********************
04-14 12:17:37.952 30013 30890 I RobotCore: Attempting to switch to op mode Select Parameters
04-14 12:17:38.012 30013 30890 W LynxPwmOutputController: LynxSetPWMEnableCommand not implemented by lynx hw; ignoring
04-14 12:17:38.022 30013 30890 W LynxPwmOutputController: LynxSetPWMConfigurationCommand not implemented by lynx hw; ignoring
04-14 12:17:38.022 30013 30890 W LynxPwmOutputController: LynxSetPWMEnableCommand not implemented by lynx hw; ignoring
04-14 12:17:38.022 30013 30890 W LynxPwmOutputController: LynxSetPWMConfigurationCommand not implemented by lynx hw; ignoring
04-14 12:17:38.032 30013 30890 W LynxPwmOutputController: LynxSetPWMEnableCommand not implemented by lynx hw; ignoring
04-14 12:17:38.032 30013 30890 W LynxPwmOutputController: LynxSetPWMConfigurationCommand not implemented by lynx hw; ignoring
04-14 12:17:38.042 30013 30890 W LynxPwmOutputController: LynxSetPWMEnableCommand not implemented by lynx hw; ignoring
04-14 12:17:38.042 30013 30890 W LynxPwmOutputController: LynxSetPWMConfigurationCommand not implemented by lynx hw; ignoring
04-14 12:17:38.042 30013 30890 W LynxPwmOutputController: LynxSetPWMEnableCommand not implemented by lynx hw; ignoring
04-14 12:17:38.052 30013 30890 W LynxPwmOutputController: LynxSetPWMConfigurationCommand not implemented by lynx hw; ignoring
04-14 12:17:38.052 30013 30890 W LynxPwmOutputController: LynxSetPWMEnableCommand not implemented by lynx hw; ignoring
04-14 12:17:38.062 30013 30890 W LynxPwmOutputController: LynxSetPWMConfigurationCommand not implemented by lynx hw; ignoring
04-14 12:17:38.062 30013 30890 W LynxPwmOutputController: LynxSetPWMEnableCommand not implemented by lynx hw; ignoring
04-14 12:17:38.072 30013 30890 W LynxPwmOutputController: LynxSetPWMConfigurationCommand not implemented by lynx hw; ignoring
04-14 12:17:38.072 30013 30890 W LynxPwmOutputController: LynxSetPWMEnableCommand not implemented by lynx hw; ignoring
04-14 12:17:38.072 30013 30890 W LynxPwmOutputController: LynxSetPWMConfigurationCommand not implemented by lynx hw; ignoring
04-14 12:17:38.392 30013  7191 V RobotCore: thread: 'LinearOpMode main' starting...
04-14 12:17:38.392 30013 30923 V Robocol : sending CMD_NOTIFY_INIT_OP_MODE(42096), attempt: 0
04-14 12:17:38.942 30013 30885 V Robocol : received command: CMD_RUN_OP_MODE(50569) Select Parameters
04-14 12:17:38.952 30013 30923 V Robocol : sending CMD_NOTIFY_RUN_OP_MODE(42107), attempt: 0
04-14 12:17:41.372 30013 30885 V Robocol : received command: CMD_INIT_OP_MODE(50631) $Stop$Robot$
04-14 12:17:41.382 30013 30884 I RobotCore: ******************** STOP - OPMODE /storage/emulated/0/FIRST/matchlogs/Match-0-Select_Parameters.txt ********************
04-14 12:17:41.382 30013 30884 I RobotCore: Pruning old logs deleting Match-0-Main_Autonomous.txt
04-14 12:17:41.392 30013  7191 V RobotCore: thread: ...terminating 'LinearOpMode main'
04-14 12:17:41.392 30013 30890 I RobotCore: Attempting to switch to op mode $Stop$Robot$
04-14 12:17:41.392 30013  7196 I RobotCore: saving match logcat to /storage/emulated/0/FIRST/matchlogs/Match-0-Select_Parameters.txt
04-14 12:17:41.392 30013  7196 I RobotCore: logging command line: exec logcat -d -T '4-14 12:17:37.000' -f /storage/emulated/0/FIRST/matchlogs/Match-0-Select_Parameters.txt -n4 -v threadtime UsbRequestJNI:S UsbRequest:S art:W ThreadPool:W System:W ExtendedExtractor:W OMXClient:W MediaPlayer:W dalvikvm:W  *:V
04-14 12:17:41.472 30013 30923 V Robocol : sending CMD_NOTIFY_INIT_OP_MODE(42176), attempt: 0
04-14 12:17:41.492 30013 30885 V Robocol : received command: CMD_RUN_OP_MODE(50640) $Stop$Robot$
04-14 12:17:41.512 30013 30923 V Robocol : sending CMD_NOTIFY_RUN_OP_MODE(42182), attempt: 0
