01-05 15:07:37.660 15356 15386 I FtcDashboard: [SENT]	{"data":{"ArmController":{"firstJointOffset":0.0,"enabled":true,"secondJointOffset":0.0},"Autonomous":{"mineral":0,"landed":true,"TIME_GOING_DOWN":2500,"debug":true,"STRAFE_AMOUNT":200.0},"ComplementaryVuforiaLocalizer":{"LOW_FREQ_WEIGHT":0.02,"CAMERA_LEFT_DISPLACEMENT":0,"CAMERA_VERTICAL_DISPLACEMENT":200,"CAMERA_FORWARD_DISPLACEMENT":110},"DriveConstants":{"kV":0.025,"WHEEL_RADIUS":2.0,"TRACK_WIDTH":12.74,"GEAR_RATIO":1.5,"kA":0.0,"BASE_CONSTRAINTS":{"maximumVelocity":24.0,"maximumAcceleration":12.0,"maximumAngularVelocity":1.5707963267948966,"maximumAngularAcceleration":0.7853981633974483},"kStatic":0.0},"DriveFFTuningOpMode":{},"DriveVelocityPIDTuner":{"MOTOR_PID":{"kI":0.0,"kD":0.0,"kP":0.0},"USE_THEORETICAL_KV":true,"DISTANCE":24.0},"NewTrackWidthCalibrationOpMode":{"NUM_TRIALS":1,"CIRCUMFERENTIAL_DISTANCE":200},"RobotConstants":{"SECOND_JOINT_PID":{"kI":0.0,"kD":0.0,"kP":0.0025},"INTAKE_JOINT_MARKER":0.7,"CONTOUR_MIN_AREA":500.0,"LOCK_ENGAGED":0.65,"SORTER_TUCKED":0.35,"SAMPLING_SERVO_UP":1.0,"DOOR_BLOCK":0.53,"OPEN_CLAW_LEFT":0.78,"MANUAL_SPEED":10.0,"INTAKE_JOINT_UP":0.7,"FIRST_JOINT_PID":{"kI":0.0,"kD":0.0,"kP":0.0025},"INTAKE_JOINT_COLLECT":0.5,"WIDE_CLAW_LEFT":0.69,"SAMPLING_SERVO_DOWN":0.55,"LOCK_DISENGAGED":0.413,"NARROW_CUBE_CLAW_RIGHT":0.62,"INTAKE_JOINT_DOWN":0.07,"SORTER_OUT":0.8,"NARROW_CUBE_CLAW_LEFT":0.36,"DOOR_RELEASED":0.21,"INTAKE_SPEED":0.5,"WIDE_CLAW_RIGHT":0.29,"OPEN_CLAW_RIGHT":0.16},"RoverRuckusMecanumDriveREVOptimized":{"HEADING_PID":{"kI":0.0,"kD":0.0,"kP":0.0},"TRANSLATIONAL_PID":{"kI":0.0,"kD":0.0,"kP":0.0},"reset":true},"SampleMecanumDriveBase":{"HEADING_PID":{"kI":0.0,"kD":0.0,"kP":0.0},"TRANSLATIONAL_PID":{"kI":0.0,"kD":0.0,"kP":0.0}},"SamplingPipeline":{"idealArea":600.0,"idealSolidity":0.8},"StandardTrackingWheelLocalizer":{"LATERAL_DISTANCE":10.0,"WHEEL_RADIUS":2.0,"GEAR_RATIO":1.0,"FORWARD_OFFSET":4.0,"TICKS_PER_REV":1.0},"StraightTestOpMode":{"distance":48.0},"TelemetryOpmode":{"debugPosition":false},"TrajectoryManager":{"trajectory":""},"Vuforia_Test":{}},"type":"RECEIVE_CONFIG_OPTIONS"}
01-05 15:07:37.660 15356 15386 I FtcDashboard: [RECV]	{"type":"GET_ROBOT_STATUS"}
01-05 15:07:37.670 15356 15386 I FtcDashboard: [SENT]	{"data":{"activeOpMode":"","activeOpModeStatus":"STOPPED","available":false,"errorMessage":"","warningMessage":""},"type":"RECEIVE_ROBOT_STATUS"}
01-05 15:07:38.630 15356 15386 I FtcDashboard: [RECV]	{"type":"GET_ROBOT_STATUS"}
01-05 15:07:38.630 15356 15386 I FtcDashboard: [SENT]	{"data":{"activeOpMode":"","activeOpModeStatus":"STOPPED","available":false,"errorMessage":"","warningMessage":""},"type":"RECEIVE_ROBOT_STATUS"}
01-05 15:07:39.150 15356 15356 V RCActivity: onCreate()
01-05 15:07:39.150 15356 15356 V RCActivity: rootActivity is of class FtcRobotControllerActivity
01-05 15:07:39.160 15356 15392 V CallbackLooper: thread=1018
01-05 15:07:39.160 15356 15356 V NetDiscover_wifiDirectAgent: doStart()...
01-05 15:07:39.160 15356 15392 V NetDiscover_wifiDirectAgent_bcast: wifiP2pEnabled=true
01-05 15:07:39.160 15356 15356 V NetDiscover_wifiDirectAgent: ...doStart()
01-05 15:07:39.160 15356 15356 V NetDiscover_name: doStart()...
01-05 15:07:39.160 15356 15356 V NetDiscover_name: ...doStart()
01-05 15:07:39.160 15356 15356 V NetDiscover_prefremrc: ----- all preferences -----
01-05 15:07:39.160 15356 15356 V NetDiscover_prefremrc: name='pref_app_version' value=unavailable
01-05 15:07:39.160 15356 15356 V NetDiscover_prefremrc: name='pref_wifip2p_groupowner_connectedto' value=[Phone] 11212-RC
01-05 15:07:39.160 15356 15356 V NetDiscover_prefremrc: name='pref_network_protocol_version' value=unavailable
01-05 15:07:39.160 15356 15356 V NetDiscover_prefremrc: name='pref_has_speaker' value=true
01-05 15:07:39.160 15356 15356 V NetDiscover_prefremrc: name='variations_seed_native_stored' value=true
01-05 15:07:39.160 15356 15356 V NetDiscover_prefremrc: name='pref_pairing_kind' value=WIFIDIRECT
01-05 15:07:39.160 15356 15356 V NetDiscover_prefremrc: name='pref_has_independent_phone_battery' value=true
01-05 15:07:39.160 15356 15356 V NetDiscover_prefremrc: name='pref_app_theme' value=red
01-05 15:07:39.160 15356 15356 V NetDiscover_prefremrc: name='pref_wifip2p_remote_channel_change_works' value=true
01-05 15:07:39.160 15356 15356 V NetDiscover_prefremrc: name='pref_network_connection_info' value=unavailable
01-05 15:07:39.160 15356 15356 V NetDiscover_prefremrc: name='pref_hardware_config_filename' value={"isDirty":false,"location":"LOCAL_STORAGE","name":"rover_ruckus","resourceId":0}
01-05 15:07:39.160 15356 15356 V NetDiscover_prefremrc: name='pref_device_name' value=[Phone] 11212-RC
01-05 15:07:39.160 15356 15356 V NetDiscover_prefremrc: name='pref_device_name_old' value=[Phone] 11212-RC
01-05 15:07:39.160 15356 15356 V NetDiscover_prefremrc: name='pref_build_time' value=unavailable
01-05 15:07:39.160 15356 15356 V NetDiscover_prefremrc: name='pref_device_name_tracking' value=WIFIDIRECT
01-05 15:07:39.160 15356 15356 V NetDiscover_prefremrc: name='pref_sound_on_off' value=false
01-05 15:07:39.160 15356 15356 V NetDiscover_prefremrc: name='pref_lib_version' value=unavailable
01-05 15:07:39.160 15356 15356 V NetDiscover_prefremrc: name='pref_rc_connected' value=true
01-05 15:07:39.160 15356 15356 V NetDiscover_prefremrc: doStart()...
01-05 15:07:39.160 15356 15356 V NetDiscover_prefremrc: ...doStart()
01-05 15:07:39.170 15356 15392 D NetDiscover_wifiDirectAgent_bcast: connection changed: networkInfo.state=CONNECTED
01-05 15:07:39.170 15356 15392 V NetDiscover_wifiDirectAgent_bcast: NetworkInfo: [type: WIFI_P2P[] - WIFI_P2P, state: CONNECTED/CONNECTED, reason: (unspecified), extra: (none), roaming: false, failover: false, isAvailable: true]
01-05 15:07:39.170 15356 15392 V NetDiscover_wifiDirectAgent_bcast: WifiP2pInfo: groupFormed: true isGroupOwner: true groupOwnerAddress: /192.168.49.1
01-05 15:07:39.170 15356 15392 V NetDiscover_wifiDirectAgent_bcast: WifiP2pGroup: network: DIRECT-Us-11212-RC, isGO: true, GO: Device: [Phone] 11212-RC, deviceAddress: 9a:f1:70:82:3c:25, primary type: 10-0050F204-5, secondary type: null, wps: 0, grpcapab: 0, devcapab: 0, status: 3, wfdInfo: null, groupownerAddress: null, GOdeviceName: null, interfaceAddress: , SConnectInfo : null, contactInfoHash : null, ssDevInfo : 0, iconIdx : 0, Client: Device: 11212-DS, deviceAddress: d2:5b:a8:5c:30:43, primary type: 10-0050F204-5, secondary type: null, wps: 392, grpcapab: 0, devcapab: 37, status: 0, wfdInfo: null, groupownerAddress: null, GOdeviceName: null, interfaceAddress: , SConnectInfo : null, contactInfoHash : null, ssDevInfo : 0, iconIdx : 0, Client: Device: , deviceAddress: 00:f4:8d:a6:9d:f1, primary type: null, secondary type: null, wps: 0, grpcapab: 0, devcapab: 0, status: 4, wfdInfo: null, groupownerAddress: null, GOdeviceName: null, interfaceAddress: , SConnectInfo : null, contactInfoHash : null, ssDevInfo : 0, iconIdx : 0, interface: p2p-wlan0-0, frequency: 2437, networkId: -1
01-05 15:07:39.170 15356 15392 V NetDiscover_wifiDirectAgent_bcast: this device changed: Device=[Phone] 11212-RC deviceAddress=9a:f1:70:82:3c:25 primary type=10-0050F204-5 secondary type=null wps=0 grpcapab=0 devcapab=0 status=0 wfdInfo=null groupownerAddress=null GOdeviceName=null interfaceAddress= SConnectInfo =null contactInfoHash =null ssDevInfo =0 iconIdx =0
01-05 15:07:39.170 15356 15392 V NetDiscover_name: remembering wifiDirectName: [Phone] 11212-RC...
01-05 15:07:39.170 15356 15392 V NetDiscover_name: wifiDirectName=[Phone] 11212-RC
01-05 15:07:39.170 15356 15392 V NetDiscover_name: ...remembering wifiDirectName
01-05 15:07:39.170 15356 15392 V NetDiscover_wifiDirectAgent_bcast: p2p discoverPeers()=true
01-05 15:07:39.170 15356 15392 V NetDiscover_wifiDirectAgent_bcast: wifi direct remembered groups cleared
01-05 15:07:39.170 15356 15392 V NetDiscover_wifiDirectAgent_bcast: wifiState=ENABLED
01-05 15:07:39.190 15356 15356 I WebViewFactory: Loading com.google.android.webview version 70.0.3538.110 (code 353811000)
01-05 15:07:39.220 15356 15356 W ResourcesManager: getTopLevelResources: /data/app/com.google.android.webview-1/base.apk / 1.0 running in com.qualcomm.ftcrobotcontroller rsrc of package null
01-05 15:07:39.250 15356 15356 I cr_LibraryLoader: Time to load native libraries: 1 ms (timestamps 7568-7569)
01-05 15:07:39.280 15356 15356 I chromium: [INFO:library_loader_hooks.cc(36)] Chromium logging enabled: level = 0, default verbosity = 0
01-05 15:07:39.280 15356 15356 I cr_LibraryLoader: Expected native library version number "70.0.3538.110", actual native library version number "70.0.3538.110"
01-05 15:07:39.300 15356 15356 I cr_BrowserStartup: Initializing chromium process, singleProcess=true
01-05 15:07:39.330 15356 15356 D SecWifiDisplayUtil: Metadata value : none
01-05 15:07:39.360 15356 15356 D ConnectivityManager: requestNetwork; getAppId(CallingUid) : 10207, CallingPid : 15356
01-05 15:07:39.410 15356 15356 V OnBotJava: OnBotJavaManager::static
01-05 15:07:39.410 15356 15356 W System.err: stat failed: ENOENT (No such file or directory) : java/android.jar
01-05 15:07:39.480 15356 15356 W System.err: stat failed: ENOENT (No such file or directory) : java/onbotjava-classes.jar
01-05 15:07:39.620 15356 15386 I FtcDashboard: [RECV]	{"type":"GET_ROBOT_STATUS"}
01-05 15:07:39.620 15356 15386 I FtcDashboard: [SENT]	{"data":{"activeOpMode":"","activeOpModeStatus":"STOPPED","available":false,"errorMessage":"","warningMessage":""},"type":"RECEIVE_ROBOT_STATUS"}
01-05 15:07:39.630 15356 15356 V OnBotJava: getCurrentOutputJarDir() unavailable
01-05 15:07:39.630 15356 15356 V OnBotJava: getCurrentOutputJarDir() unavailable
01-05 15:07:40.030 15356 15356 W ClassManager: kotlin.streams.jdk8.StreamsKt$asStream$1 java.lang.ClassNotFoundException: kotlin.streams.jdk8.StreamsKt$asStream$1
01-05 15:07:40.040 15356 15356 E ClassManager: java.lang.ClassNotFoundException: kotlin.streams.jdk8.StreamsKt$asStream$1
01-05 15:07:40.040 15356 15356 E ClassManager: 	at java.lang.Class.classForName(Native Method)
01-05 15:07:40.040 15356 15356 E ClassManager: 	at java.lang.Class.forName(Class.java:324)
01-05 15:07:40.040 15356 15356 E ClassManager: 	at org.firstinspires.ftc.robotcore.internal.opmode.ClassManager.classNamesToClasses(ClassManager.java:187)
01-05 15:07:40.040 15356 15356 E ClassManager: 	at org.firstinspires.ftc.robotcore.internal.opmode.ClassManager.processAllClasses(ClassManager.java:253)
01-05 15:07:40.040 15356 15356 E ClassManager: 	at com.qualcomm.ftccommon.ClassManagerFactory.processAllClasses(ClassManagerFactory.java:90)
01-05 15:07:40.040 15356 15356 E ClassManager: 	at org.firstinspires.ftc.robotcontroller.internal.FtcRobotControllerActivity.onCreate(FtcRobotControllerActivity.java:299)
01-05 15:07:40.040 15356 15356 E ClassManager: 	at android.app.Activity.performCreate(Activity.java:6876)
01-05 15:07:40.040 15356 15356 E ClassManager: 	at android.app.Instrumentation.callActivityOnCreate(Instrumentation.java:1135)
01-05 15:07:40.040 15356 15356 E ClassManager: 	at android.app.ActivityThread.performLaunchActivity(ActivityThread.java:3206)
01-05 15:07:40.040 15356 15356 E ClassManager: 	at android.app.ActivityThread.handleLaunchActivity(ActivityThread.java:3349)
01-05 15:07:40.040 15356 15356 E ClassManager: 	at android.app.ActivityThread.access$1100(ActivityThread.java:221)
01-05 15:07:40.040 15356 15356 E ClassManager: 	at android.app.ActivityThread$H.handleMessage(ActivityThread.java:1794)
01-05 15:07:40.040 15356 15356 E ClassManager: 	at android.os.Handler.dispatchMessage(Handler.java:102)
01-05 15:07:40.040 15356 15356 E ClassManager: 	at android.os.Looper.loop(Looper.java:158)
01-05 15:07:40.040 15356 15356 E ClassManager: 	at android.app.ActivityThread.main(ActivityThread.java:7224)
01-05 15:07:40.040 15356 15356 E ClassManager: 	at java.lang.reflect.Method.invoke(Native Method)
01-05 15:07:40.040 15356 15356 E ClassManager: 	at com.android.internal.os.ZygoteInit$MethodAndArgsCaller.run(ZygoteInit.java:1230)
01-05 15:07:40.040 15356 15356 E ClassManager: 	at com.android.internal.os.ZygoteInit.main(ZygoteInit.java:1120)
01-05 15:07:40.040 15356 15356 E ClassManager: Caused by: java.lang.ClassNotFoundException: kotlin.streams.jdk8.StreamsKt$asStream$1
01-05 15:07:40.040 15356 15356 E ClassManager: 	at org.firstinspires.ftc.robotcore.internal.opmode.OnBotJavaClassLoader.findClass(OnBotJavaClassLoader.java:211)
01-05 15:07:40.040 15356 15356 E ClassManager: 	at java.lang.ClassLoader.loadClass(ClassLoader.java:511)
01-05 15:07:40.040 15356 15356 E ClassManager: 	at org.firstinspires.ftc.robotcore.internal.opmode.OnBotJavaClassLoader.loadClass(OnBotJavaClassLoader.java:201)
01-05 15:07:40.040 15356 15356 E ClassManager: 	at java.lang.ClassLoader.loadClass(ClassLoader.java:469)
01-05 15:07:40.040 15356 15356 E ClassManager: 	... 18 more
01-05 15:07:40.040 15356 15356 E ClassManager: 	Suppressed: java.lang.ClassNotFoundException: Didn't find class "kotlin.streams.jdk8.StreamsKt$asStream$1" on path: DexPathList[[zip file "/data/app/com.qualcomm.ftcrobotcontroller-1/base.apk"],nativeLibraryDirectories=[/data/app/com.qualcomm.ftcrobotcontroller-1/lib/arm, /data/app/com.qualcomm.ftcrobotcontroller-1/base.apk!/lib/armeabi-v7a, /vendor/lib, /system/lib]]
01-05 15:07:40.040 15356 15356 E ClassManager: 		at dalvik.system.BaseDexClassLoader.findClass(BaseDexClassLoader.java:56)
01-05 15:07:40.040 15356 15356 E ClassManager: 		at java.lang.ClassLoader.loadClass(ClassLoader.java:511)
01-05 15:07:40.040 15356 15356 E ClassManager: 		at java.lang.ClassLoader.loadClass(ClassLoader.java:504)
01-05 15:07:40.040 15356 15356 E ClassManager: 		... 20 more
01-05 15:07:40.040 15356 15356 E ClassManager: 		Suppressed: java.lang.NoClassDefFoundError: kotlin.streams.jdk8.StreamsKt$asStream$1
01-05 15:07:40.040 15356 15356 E ClassManager: 			at dalvik.system.DexFile.defineClassNative(Native Method)
01-05 15:07:40.040 15356 15356 E ClassManager: 			at dalvik.system.DexFile.defineClass(DexFile.java:226)
01-05 15:07:40.040 15356 15356 E ClassManager: 			at dalvik.system.DexFile.loadClassBinaryName(DexFile.java:219)
01-05 15:07:40.040 15356 15356 E ClassManager: 			at dalvik.system.DexPathList.findClass(DexPathList.java:338)
01-05 15:07:40.050 15356 15356 E ClassManager: 			at dalvik.system.BaseDexClassLoader.findClass(BaseDexClassLoader.java:54)
01-05 15:07:40.050 15356 15356 E ClassManager: 			... 22 more
01-05 15:07:40.050 15356 15356 E ClassManager: 		Suppressed: java.lang.ClassNotFoundException: kotlin.streams.jdk8.StreamsKt$asStream$1
01-05 15:07:40.050 15356 15356 E ClassManager: 			at java.lang.Class.classForName(Native Method)
01-05 15:07:40.050 15356 15356 E ClassManager: 			at java.lang.BootClassLoader.findClass(ClassLoader.java:781)
01-05 15:07:40.050 15356 15356 E ClassManager: 			at java.lang.BootClassLoader.loadClass(ClassLoader.java:841)
01-05 15:07:40.050 15356 15356 E ClassManager: 			at java.lang.ClassLoader.loadClass(ClassLoader.java:504)
01-05 15:07:40.050 15356 15356 E ClassManager: 			... 21 more
01-05 15:07:40.050 15356 15356 E ClassManager: 		Caused by: java.lang.NoClassDefFoundError: Class not found using the boot class loader; no stack trace available
01-05 15:07:40.620 15356 15386 I FtcDashboard: [RECV]	{"type":"GET_ROBOT_STATUS"}
01-05 15:07:40.620 15356 15386 I FtcDashboard: [SENT]	{"data":{"activeOpMode":"","activeOpModeStatus":"STOPPED","available":false,"errorMessage":"","warningMessage":""},"type":"RECEIVE_ROBOT_STATUS"}
01-05 15:07:41.630 15356 15386 I FtcDashboard: [RECV]	{"type":"GET_ROBOT_STATUS"}
01-05 15:07:41.630 15356 15386 I FtcDashboard: [SENT]	{"data":{"activeOpMode":"","activeOpModeStatus":"STOPPED","available":false,"errorMessage":"","warningMessage":""},"type":"RECEIVE_ROBOT_STATUS"}
01-05 15:07:42.630 15356 15386 I FtcDashboard: [RECV]	{"type":"GET_ROBOT_STATUS"}
01-05 15:07:42.630 15356 15386 I FtcDashboard: [SENT]	{"data":{"activeOpMode":"","activeOpModeStatus":"STOPPED","available":false,"errorMessage":"","warningMessage":""},"type":"RECEIVE_ROBOT_STATUS"}
01-05 15:07:43.630 15356 15386 I FtcDashboard: [RECV]	{"type":"GET_ROBOT_STATUS"}
01-05 15:07:43.630 15356 15386 I FtcDashboard: [SENT]	{"data":{"activeOpMode":"","activeOpModeStatus":"STOPPED","available":false,"errorMessage":"","warningMessage":""},"type":"RECEIVE_ROBOT_STATUS"}
01-05 15:07:44.640 15356 15386 I FtcDashboard: [RECV]	{"type":"GET_ROBOT_STATUS"}
01-05 15:07:44.640 15356 15386 I FtcDashboard: [SENT]	{"data":{"activeOpMode":"","activeOpModeStatus":"STOPPED","available":false,"errorMessage":"","warningMessage":""},"type":"RECEIVE_ROBOT_STATUS"}
01-05 15:07:45.630 15356 15386 I FtcDashboard: [RECV]	{"type":"GET_ROBOT_STATUS"}
01-05 15:07:45.630 15356 15386 I FtcDashboard: [SENT]	{"data":{"activeOpMode":"","activeOpModeStatus":"STOPPED","available":false,"errorMessage":"","warningMessage":""},"type":"RECEIVE_ROBOT_STATUS"}
01-05 15:07:45.710 15356 15356 V UpdateUI: Network: inactive, disconnected
01-05 15:07:45.720 15356 15356 V ServiceStarter: attempting to start service FtcRobotControllerWatchdogService
01-05 15:07:45.720 15356 15356 V ServiceStarter: started service FtcRobotControllerWatchdogService
01-05 15:07:45.730 15356 15356 V RobotCore: BuildConfig: versionCode=31 versionName=4.3 module=com.qualcomm.ftcrobotcontroller
01-05 15:07:45.730 15356 15356 V RobotCore: BuildConfig: versionCode=55 versionName=8.9 module=com.qualcomm.robotcore
01-05 15:07:45.730 15356 15356 V RobotCore: BuildConfig: versionCode=55 versionName=8.9 module=com.qualcomm.hardware
01-05 15:07:45.730 15356 15356 V RobotCore: BuildConfig: versionCode=55 versionName=8.9 module=com.qualcomm.ftccommon
01-05 15:07:45.730 15356 15356 V RobotCore: BuildConfig: versionCode=55 versionName=8.9 module=com.google.blocks
01-05 15:07:45.730 15356 15356 V RobotCore: BuildConfig: versionCode=55 versionName=8.9 module=org.firstinspires.inspection
01-05 15:07:45.730 15356 15356 I RCActivity: 410c serial number: cd218ab4
01-05 15:07:45.730 15356 15356 I RobotCore: Android Device: maker=samsung model=SAMSUNG-SM-G900A sdk=23
01-05 15:07:45.730 15356 15356 V RCActivity: onStart()
01-05 15:07:45.730 15356 15356 V RCActivity: onResume()
01-05 15:07:45.730 15356 15356 D ViewRootImpl: #1 mView = com.android.internal.policy.PhoneWindow$DecorView{24168f0 I.E...... R.....ID 0,0-0,0}
01-05 15:07:45.730 15356 15356 D SecWifiDisplayUtil: Metadata value : none
01-05 15:07:45.740 15356 15422 D OpenGLRenderer: Use EGL_SWAP_BEHAVIOR_PRESERVED: true
01-05 15:07:45.750 15356 15356 D ConnectivityManager: requestNetwork; getAppId(CallingUid) : 10207, CallingPid : 15356
01-05 15:07:45.760 15356 15356 V MTPMonitorService: onCreate()
01-05 15:07:45.760 15356 15356 V MTPMonitorService: onStartCommand() intent=Intent { cmp=com.qualcomm.ftcrobotcontroller/org.firstinspires.ftc.robotcore.internal.files.MediaTransferProtocolMonitorService } flags=0x0 startId=1
01-05 15:07:45.760 15356 15356 V MTPMonitor: observing: /storage/emulated/0
01-05 15:07:45.770 15356 15356 W FileObserverManager: upgrading mask: path=/storage/emulated/0/FIRST/blocks old=0x00000ffc new=0x00004ffc: might possibly miss event
01-05 15:07:45.770 15356 15356 W FileObserverManager: upgrading mask: path=/storage/emulated/0/FIRST/java/status old=0x00000ffc new=0x00004ffc: might possibly miss event
01-05 15:07:45.910 15356 15356 V OnBotJavaService: onCreate()
01-05 15:07:45.910 15356 15356 V OnBotJavaService: onStartCommand() intent=Intent { cmp=com.qualcomm.ftcrobotcontroller/org.firstinspires.ftc.robotcore.internal.opmode.OnBotJavaService } flags=0x0 startId=1
01-05 15:07:45.910 15356 15356 V OnBotJava: ctor()...
01-05 15:07:45.920 15356 15356 V OnBotJava: ...ctor()
01-05 15:07:45.920 15356 15356 V RCActivity: onPause()
01-05 15:07:45.920 15356 15356 V RCActivity: ACTION_USB_DEVICE_ATTACHED: /dev/bus/usb/001/011
01-05 15:07:45.920 15356 15356 V RCActivity: onResume()
01-05 15:07:45.920 15356 15356 V FtcRobotControllerWatchdogService: onCreate()
01-05 15:07:45.920 15356 15356 V FtcRobotControllerWatchdogService: onStartCommand() intent=Intent { cmp=com.qualcomm.ftcrobotcontroller/org.firstinspires.ftc.ftccommon.internal.FtcRobotControllerWatchdogService } flags=0x0 startId=1
01-05 15:07:45.920 15356 15356 V FtcRobotControllerWatchdogService: shouldAutoLauchRobotController() result=false
01-05 15:07:45.920 15356 15356 V FTCService: onCreate()
01-05 15:07:45.920 15356 15356 V FTCService: onBind()
01-05 15:07:45.930 15356 15356 V WebServer: creating NanoHTTPD(8080)
01-05 15:07:45.930 15356 15356 V RobotCore: Getting network assistant of type: WIFIDIRECT
01-05 15:07:45.940 15356 15356 V NetDiscover_prefremrc: onSharedPreferenceChanged(name=pref_wifip2p_groupowner_connectedto, value=null)
01-05 15:07:45.940 15356 15356 V WifiDirect: There are 1 Wifi Direct Assistant Clients (+)
01-05 15:07:45.940 15356 15356 V WifiDirect: Enabling Wifi Direct Assistant
01-05 15:07:45.940 15356 15356 V WifiDirectInviteMonitor: startMonitoring()
01-05 15:07:45.950 15356 15392 V NetDiscover_wifiDirectAgent_bcast: wifiP2pEnabled=true
01-05 15:07:45.950 15356 15392 D NetDiscover_wifiDirectAgent_bcast: connection changed: networkInfo.state=CONNECTED
01-05 15:07:45.950 15356 15392 V NetDiscover_wifiDirectAgent_bcast: NetworkInfo: [type: WIFI_P2P[] - WIFI_P2P, state: CONNECTED/CONNECTED, reason: (unspecified), extra: (none), roaming: false, failover: false, isAvailable: true]
01-05 15:07:45.950 15356 15392 V NetDiscover_wifiDirectAgent_bcast: WifiP2pInfo: groupFormed: true isGroupOwner: true groupOwnerAddress: /192.168.49.1
01-05 15:07:45.950 15356 15392 V NetDiscover_wifiDirectAgent_bcast: WifiP2pGroup: network: DIRECT-Us-11212-RC, isGO: true, GO: Device: [Phone] 11212-RC, deviceAddress: 9a:f1:70:82:3c:25, primary type: 10-0050F204-5, secondary type: null, wps: 0, grpcapab: 0, devcapab: 0, status: 3, wfdInfo: null, groupownerAddress: null, GOdeviceName: null, interfaceAddress: , SConnectInfo : null, contactInfoHash : null, ssDevInfo : 0, iconIdx : 0, Client: Device: 11212-DS, deviceAddress: d2:5b:a8:5c:30:43, primary type: 10-0050F204-5, secondary type: null, wps: 392, grpcapab: 0, devcapab: 37, status: 0, wfdInfo: null, groupownerAddress: null, GOdeviceName: null, interfaceAddress: , SConnectInfo : null, contactInfoHash : null, ssDevInfo : 0, iconIdx : 0, Client: Device: , deviceAddress: 00:f4:8d:a6:9d:f1, primary type: null, secondary type: null, wps: 0, grpcapab: 0, devcapab: 0, status: 4, wfdInfo: null, groupownerAddress: null, GOdeviceName: null, interfaceAddress: , SConnectInfo : null, contactInfoHash : null, ssDevInfo : 0, iconIdx : 0, interface: p2p-wlan0-0, frequency: 2437, networkId: -1
01-05 15:07:45.950 15356 15392 V NetDiscover_wifiDirectAgent_bcast: this device changed: Device=[Phone] 11212-RC deviceAddress=9a:f1:70:82:3c:25 primary type=10-0050F204-5 secondary type=null wps=0 grpcapab=0 devcapab=0 status=0 wfdInfo=null groupownerAddress=null GOdeviceName=null interfaceAddress= SConnectInfo =null contactInfoHash =null ssDevInfo =0 iconIdx =0
01-05 15:07:45.950 15356 15392 V NetDiscover_name: remembering wifiDirectName: [Phone] 11212-RC...
01-05 15:07:45.950 15356 15392 V NetDiscover_name: ...remembering wifiDirectName
01-05 15:07:45.950 15356 15392 V NetDiscover_wifiDirectAgent_bcast: p2p discoverPeers()=true
01-05 15:07:45.950 15356 15392 V NetDiscover_wifiDirectAgent_bcast: wifi direct remembered groups cleared
01-05 15:07:45.950 15356 15392 V NetDiscover_wifiDirectAgent_bcast: wifiState=ENABLED
01-05 15:07:45.980 15356 15422 I Adreno-EGL: <qeglDrvAPI_eglInitialize:379>: EGL 1.4 QUALCOMM build:  (Ia10634f51b)
01-05 15:07:45.980 15356 15422 I Adreno-EGL: OpenGL ES Shader Compiler Version: E031.29.00.00
01-05 15:07:45.980 15356 15422 I Adreno-EGL: Build Date: 01/28/16 Thu
01-05 15:07:45.980 15356 15422 I Adreno-EGL: Local Branch: ss
01-05 15:07:45.980 15356 15422 I Adreno-EGL: Remote Branch: 
01-05 15:07:45.980 15356 15422 I Adreno-EGL: Local Patches: 
01-05 15:07:45.980 15356 15422 I Adreno-EGL: Reconstruct Branch: 
01-05 15:07:45.990 15356 15422 D libEGL  : eglInitialize EGLDisplay = 0x9a3da7c4
01-05 15:07:45.990 15356 15422 I OpenGLRenderer: Initialized EGL, version 1.4
01-05 15:07:46.040 15356 15356 D WifiDirect: broadcast: state - enabled: true
01-05 15:07:46.040 15356 15356 D WifiDirect: broadcast: connection changed: connectStatus=NOT_CONNECTED networkInfo.state=CONNECTED
01-05 15:07:46.040 15356 15356 V WifiDirect: writing pref name=pref_wifip2p_groupowner_connectedto value=[Phone] 11212-RC
01-05 15:07:46.040 15356 15356 V NetDiscover_prefremrc: onSharedPreferenceChanged(name=pref_wifip2p_groupowner_connectedto, value=[Phone] 11212-RC)
01-05 15:07:46.040 15356 15356 D WifiDirect: broadcast: this device changed
01-05 15:07:46.040 15356 15356 V WifiDirect: device information: [Phone] 11212-RC 9a:f1:70:82:3c:25
01-05 15:07:46.040 15356 15356 D WifiDirect: cannot create group, does group already exist?
01-05 15:07:46.040 15356 15356 V FTCService: RCActivity.controllerService=bound
01-05 15:07:46.040 15356 15356 V UpdateUI: Network: unknown, disconnected
01-05 15:07:46.040 15356 15356 V RobotCore: Robot Status: stopped
01-05 15:07:46.050 15356 15426 V RobotCore: thread: 'RobotSetupRunnable.run()' starting...
01-05 15:07:46.050 15356 15426 V FTCService: Processing robot setup
01-05 15:07:46.050 15356 15426 V RobotCore: Robot Status: stopped, scanning for USB devices
01-05 15:07:46.090 15356 15356 D ViewRootImpl: MSG_RESIZED_REPORT: ci=Rect(0, 0 - 0, 0) vi=Rect(0, 0 - 0, 0) or=2
01-05 15:07:46.100 15356 15356 D WifiDirect: group owners address: /192.168.49.1
01-05 15:07:46.100 15356 15356 D WifiDirect: group formed, this device is the group owner (GO)
01-05 15:07:46.100 15356 15356 I FTCService: onNetworkConnectionEvent: CONNECTED_AS_GROUP_OWNER
01-05 15:07:46.100 15356 15356 I FTCService: Wifi Direct - connected as group owner
01-05 15:07:46.100 15356 15356 V UpdateUI: Network: enabled, disconnected
01-05 15:07:46.140 15356 15356 V WifiDirect: connection information available
01-05 15:07:46.140 15356 15356 V WifiDirect: connection information - groupOwnerName = [Phone] 11212-RC
01-05 15:07:46.140 15356 15356 V WifiDirect: connection information - groupOwnerMacAddress = 9a:f1:70:82:3c:25
01-05 15:07:46.140 15356 15356 V WifiDirect: connection information - groupInterface = p2p-wlan0-0
01-05 15:07:46.140 15356 15356 V WifiDirect: connection information - groupNetworkName = DIRECT-Us-11212-RC
01-05 15:07:46.140 15356 15356 I FTCService: onNetworkConnectionEvent: CONNECTION_INFO_AVAILABLE
01-05 15:07:46.140 15356 15356 I FTCService: Network Connection Passphrase: LMU0e8ty
01-05 15:07:46.140 15356 15356 V WebServer: starting port=8080
01-05 15:07:46.150 15356 15356 V RobotCore: Getting network assistant of type: WIFIDIRECT
01-05 15:07:46.150 15356 15356 V WifiDirect: There are 2 Wifi Direct Assistant Clients (+)
01-05 15:07:46.150 15356 15356 V WebServer: started port=8080
01-05 15:07:46.150 15356 15392 V NetDiscover_wifiDirectAgent_bcast: wifiP2pEnabled=true
01-05 15:07:46.150 15356 15356 V UpdateUI: Network: active, disconnected
01-05 15:07:46.160 15356 15392 D NetDiscover_wifiDirectAgent_bcast: connection changed: networkInfo.state=CONNECTED
01-05 15:07:46.160 15356 15392 V NetDiscover_wifiDirectAgent_bcast: NetworkInfo: [type: WIFI_P2P[] - WIFI_P2P, state: CONNECTED/CONNECTED, reason: (unspecified), extra: (none), roaming: false, failover: false, isAvailable: true]
01-05 15:07:46.160 15356 15392 V NetDiscover_wifiDirectAgent_bcast: WifiP2pInfo: groupFormed: true isGroupOwner: true groupOwnerAddress: /192.168.49.1
01-05 15:07:46.160 15356 15392 V NetDiscover_wifiDirectAgent_bcast: WifiP2pGroup: network: DIRECT-Us-11212-RC, isGO: true, GO: Device: [Phone] 11212-RC, deviceAddress: 9a:f1:70:82:3c:25, primary type: 10-0050F204-5, secondary type: null, wps: 0, grpcapab: 0, devcapab: 0, status: 3, wfdInfo: null, groupownerAddress: null, GOdeviceName: null, interfaceAddress: , SConnectInfo : null, contactInfoHash : null, ssDevInfo : 0, iconIdx : 0, Client: Device: 11212-DS, deviceAddress: d2:5b:a8:5c:30:43, primary type: 10-0050F204-5, secondary type: null, wps: 392, grpcapab: 0, devcapab: 37, status: 0, wfdInfo: null, groupownerAddress: null, GOdeviceName: null, interfaceAddress: , SConnectInfo : null, contactInfoHash : null, ssDevInfo : 0, iconIdx : 0, Client: Device: , deviceAddress: 00:f4:8d:a6:9d:f1, primary type: null, secondary type: null, wps: 0, grpcapab: 0, devcapab: 0, status: 4, wfdInfo: null, groupownerAddress: null, GOdeviceName: null, interfaceAddress: , SConnectInfo : null, contactInfoHash : null, ssDevInfo : 0, iconIdx : 0, interface: p2p-wlan0-0, frequency: 2437, networkId: -1
01-05 15:07:46.160 15356 15392 V NetDiscover_wifiDirectAgent_bcast: this device changed: Device=[Phone] 11212-RC deviceAddress=9a:f1:70:82:3c:25 primary type=10-0050F204-5 secondary type=null wps=0 grpcapab=0 devcapab=0 status=0 wfdInfo=null groupownerAddress=null GOdeviceName=null interfaceAddress= SConnectInfo =null contactInfoHash =null ssDevInfo =0 iconIdx =0
01-05 15:07:46.160 15356 15392 V NetDiscover_name: remembering wifiDirectName: [Phone] 11212-RC...
01-05 15:07:46.160 15356 15392 V NetDiscover_name: ...remembering wifiDirectName
01-05 15:07:46.160 15356 15392 V NetDiscover_wifiDirectAgent_bcast: p2p discoverPeers()=true
01-05 15:07:46.160 15356 15392 V NetDiscover_wifiDirectAgent_bcast: wifi direct remembered groups cleared
01-05 15:07:46.160 15356 15392 V NetDiscover_wifiDirectAgent_bcast: wifiState=ENABLED
01-05 15:07:46.170 15356 15356 E libEGL  : validate_display:255 error 3008 (EGL_BAD_DISPLAY)
01-05 15:07:46.170 15356 15356 D libEGL  : eglInitialize EGLDisplay = 0xbeb9e384
01-05 15:07:46.200 15356 15356 I Timeline: Timeline: Activity_idle id: android.os.BinderProxy@10a5d33 time:1964520
01-05 15:07:46.640 15356 15386 I FtcDashboard: [RECV]	{"type":"GET_ROBOT_STATUS"}
01-05 15:07:46.640 15356 15386 I FtcDashboard: [SENT]	{"data":{"activeOpMode":"$Stop$Robot$","activeOpModeStatus":"STOPPED","available":true,"errorMessage":"","warningMessage":""},"type":"RECEIVE_ROBOT_STATUS"}
01-05 15:07:47.630 15356 15386 I FtcDashboard: [RECV]	{"type":"GET_ROBOT_STATUS"}
01-05 15:07:47.630 15356 15386 I FtcDashboard: [SENT]	{"data":{"activeOpMode":"$Stop$Robot$","activeOpModeStatus":"STOPPED","available":true,"errorMessage":"","warningMessage":""},"type":"RECEIVE_ROBOT_STATUS"}
01-05 15:07:48.640 15356 15386 I FtcDashboard: [RECV]	{"type":"GET_ROBOT_STATUS"}
01-05 15:07:48.640 15356 15386 I FtcDashboard: [SENT]	{"data":{"activeOpMode":"$Stop$Robot$","activeOpModeStatus":"STOPPED","available":true,"errorMessage":"","warningMessage":""},"type":"RECEIVE_ROBOT_STATUS"}
01-05 15:07:49.630 15356 15386 I FtcDashboard: [RECV]	{"type":"GET_ROBOT_STATUS"}
01-05 15:07:49.640 15356 15386 I FtcDashboard: [SENT]	{"data":{"activeOpMode":"$Stop$Robot$","activeOpModeStatus":"STOPPED","available":true,"errorMessage":"","warningMessage":""},"type":"RECEIVE_ROBOT_STATUS"}
01-05 15:07:50.640 15356 15386 I FtcDashboard: [RECV]	{"type":"GET_ROBOT_STATUS"}
01-05 15:07:50.640 15356 15386 I FtcDashboard: [SENT]	{"data":{"activeOpMode":"$Stop$Robot$","activeOpModeStatus":"STOPPED","available":true,"errorMessage":"","warningMessage":""},"type":"RECEIVE_ROBOT_STATUS"}
01-05 15:07:51.050 15356 15426 V RobotCore: EventLoopManager state is NOT_STARTED
01-05 15:07:51.060 15356 15426 V RobotCore: Robot Status: stopped, waiting for Wifi to enable
01-05 15:07:51.060 15356 15426 I RobotCore: state = 3
01-05 15:07:51.060 15356 15426 V RobotCore: Robot Status: stopped, waiting for Wifi Direct to enable
01-05 15:07:51.060 15356 15426 V FTCService: Waiting for a connection to a wifi service
01-05 15:07:51.060 15356 15426 V RobotCore: Robot Status: stopped, waiting for network to become active
01-05 15:07:51.060 15356 15426 V WebServer: Asked an already running WebServer to start
01-05 15:07:51.060 15356 15426 V RobotCore: Robot Status: stopped, starting robot
01-05 15:07:51.060 15356 15426 V Robocol : EventLoopManager.start()
01-05 15:07:51.060 15356 15426 V RobotCore: Getting network assistant of type: WIFIDIRECT
01-05 15:07:51.060 15356 15426 V Robocol : Spoofing a Network Connection event...
01-05 15:07:51.060 15356 15426 I EventLoopManager: onNetworkConnectionEvent: CONNECTION_INFO_AVAILABLE
01-05 15:07:51.060 15356 15426 I Robocol : Received network connection event
01-05 15:07:51.060 15356 15426 I NetworkConnectionHandler: Handling new network connection infomation, connected: true setup needed: true
01-05 15:07:51.060 15356 15426 V RobotCore: EventLoopManager state is STOPPED
01-05 15:07:51.060 15356 15466 V RobotCore: thread: 'SetupRunnable.run()' starting...
01-05 15:07:51.060 15356 15426 V Robocol : eventLoop=FtcEventLoop
01-05 15:07:51.060 15356 15426 V RobotCore: EventLoopManager state is INIT
01-05 15:07:51.060 15356 15426 V RobotCore: Robot Status: initializing, starting robot
01-05 15:07:51.060 15356 15426 I FtcEventLoop: ======= INIT START =======
01-05 15:07:51.060 15356 15426 V OpmodeRegistration: registered {DefaultOpMode} as {$Stop$Robot$}
01-05 15:07:51.070 15356 15426 V FileBasedLock: locked /storage/emulated/0/FIRST/blocks/projectslock/lock.dat
01-05 15:07:51.070 15356 15426 V FileBasedLock: unlocking /storage/emulated/0/FIRST/blocks/projectslock/lock.dat
01-05 15:07:51.070 15356 15356 D WifiDirect: cannot create group, does group already exist?
01-05 15:07:51.070 15356 15426 V OpmodeRegistration: registered {TelemetryOpmode} as {TeleOp}
01-05 15:07:51.070 15356 15426 V OpmodeRegistration: registered {SelectParameters} as {Select Parameters}
01-05 15:07:51.070 15356 15426 V OpmodeRegistration: registered {SplineTestOpMode} as {SplineTestOpMode}
01-05 15:07:51.070 15356 15426 V OpmodeRegistration: registered {AutoCalibrateOpMode} as {AutoCalibrate}
01-05 15:07:51.080 15356 15426 V OpmodeRegistration: registered {TurnTestOpMode} as {TurnTestOpMode}
01-05 15:07:51.080 15356 15426 V OpmodeRegistration: registered {DriveFFTuningOpMode} as {DriveFFTuningOpMode}
01-05 15:07:51.080 15356 15426 V OpmodeRegistration: registered {Autonomous} as {Main Autonomous}
01-05 15:07:51.080 15356 15426 V OpmodeRegistration: registered {CoordinateTest} as {Corrdinate Testing}
01-05 15:07:51.080 15356 15426 V OpmodeRegistration: registered {NewTrackWidthCalibrationOpMode} as {NewTrackWidthCalibrationOpMode}
01-05 15:07:51.080 15356 15426 V OpmodeRegistration: registered {StraightTestOpMode} as {StraightTestOpMode}
01-05 15:07:51.080 15356 15426 V OpmodeRegistration: registered {DistanceSensorTest} as {Distance Test?}
01-05 15:07:51.080 15356 15426 V OpmodeRegistration: registered {DriveVelocityPIDTuner} as {DriveVelocityPIDTuner}
01-05 15:07:51.080 15356 15426 V OpmodeRegistration: registered {Vuforia_Test} as {Vuforia_Test}
01-05 15:07:51.080 15356 15426 V OpmodeRegistration: registered {FollowerPIDTuner} as {FollowerPIDTuner}
01-05 15:07:51.080 15356 15426 V OpmodeRegistration: registered {ServoTestOpMode} as {Servo Tester}
01-05 15:07:51.080 15356 15427 I FtcDashboard: [SENT]	{"data":["TeleOp","Select Parameters","SplineTestOpMode","AutoCalibrate","TurnTestOpMode","DriveFFTuningOpMode","Main Autonomous","Corrdinate Testing","NewTrackWidthCalibrationOpMode","StraightTestOpMode","Distance Test?","DriveVelocityPIDTuner","Vuforia_Test","FollowerPIDTuner","Servo Tester"],"type":"RECEIVE_OP_MODE_LIST"}
01-05 15:07:51.090 15356 15466 D Robocol : RobocolDatagramSocket listening addr=/192.168.49.1:20884 cbRec=65520 cbSend=163840 msRecTO=300
01-05 15:07:51.090 15356 15466 V Robocol : RecvLoopRunnable created
01-05 15:07:51.100 15356 15466 V PeerDiscovery: Starting peer discovery remote: /192.168.49.1 local: /192.168.49.1
01-05 15:07:51.100 15356 15466 V PeerDiscovery: No need for peer discovery, we are the peer discovery device
01-05 15:07:51.100 15356 15466 V RobotCore: Setup complete
01-05 15:07:51.100 15356 15466 V RobotCore: thread: ...terminating 'SetupRunnable.run()'
01-05 15:07:51.100 15356 15469 V RobotCore: thread: 'RecvLoopRunnable.run()' starting...
01-05 15:07:51.140 15356 15426 V HardwareFactory: createHardwareMap()
01-05 15:07:51.140 15356 15426 V WifiDirectInviteMonitor: clearUILynxModule()
01-05 15:07:51.150 15356 15426 V RobotCore: Creating REV Robotics USB Expansion Hub Portal [DQ2FYPMN]
01-05 15:07:51.150 15356 15426 V LynxUsb : creating new [DQ2FYPMN]: 0x0846467a
01-05 15:07:51.150 15356 15426 V FtDevice: initialize(vid=0x0403 pid=0x6015 bcdDevice=0x1000)
01-05 15:07:51.160 15356 15426 V MonitoredUsbDeviceConnection: closing UsbDeviceConnection(DQ2FYPMN)
01-05 15:07:51.160 15356 15426 D UsbDeviceConnectionJNI: close
01-05 15:07:51.160 15356 15426 V MonitoredUsbDeviceConnection: closing UsbDeviceConnection(DQ2FYPMN)
01-05 15:07:51.160 15356 15426 D UsbDeviceConnectionJNI: close
01-05 15:07:51.160 15356 15426 V FtDeviceManager: createDeviceInfoList(): 1 USB devices
01-05 15:07:51.160 15356 15426 V FtDevice: vv********************DQ2FYPMN opening********************vv 0x06079421
01-05 15:07:51.160 15356 15426 V FtDevice: ^^********************DQ2FYPMN opened ********************^^
01-05 15:07:51.160 15356 15426 V FtDevice: resetting DQ2FYPMN
01-05 15:07:51.170 15356 15426 V LynxUsb : armDevice() serial=DQ2FYPMN...
01-05 15:07:51.170 15356 15426 V LynxModule: resetDevice() serial=DQ2FYPMN
01-05 15:07:51.350 15356 15469 D RobotCore: system telemetry: key=$System$None$ msg=""
01-05 15:07:51.360 15356 15469 V PeerDiscovery: new remote peer discovered: 192.168.49.183
01-05 15:07:51.360 15356 15469 D Robocol : RobocolDatagramSocket connected to /192.168.49.183:20884
01-05 15:07:51.360 15356 15469 V NetworkConnectionHandler: starting sending loop
01-05 15:07:51.360 15356 15469 V Robocol : SendOnceRunnable created
01-05 15:07:51.370 15356 15469 V NetDiscover_prefremrc: sendAllPreferences()
01-05 15:07:51.370 15356 15469 V NetDiscover_prefremrc: sending RC pref name=pref_wifip2p_remote_channel_change_works value=true
01-05 15:07:51.370 15356 15469 V NetDiscover_prefremrc: sending RC pref name=pref_device_name value=[Phone] 11212-RC
01-05 15:07:51.370 15356 15469 V NetDiscover_prefremrc: sending RC pref name=pref_has_independent_phone_battery value=true
01-05 15:07:51.370 15356 15469 V NetDiscover_prefremrc: sending RC pref name=pref_has_speaker value=true
01-05 15:07:51.370 15356 15469 V NetDiscover_prefremrc: sending RC pref name=pref_app_theme value=red
01-05 15:07:51.370 15356 15469 V NetDiscover_prefremrc: sending RC pref name=pref_sound_on_off value=false
01-05 15:07:51.380 15356 15469 V MediaPlayer-JNI: native_setup
01-05 15:07:51.380 15356 15469 E ExtMediaPlayer-JNI: env->IsInstanceOf fails
01-05 15:07:51.380 15356 15469 E MediaPlayer-JNI: JNIMediaPlayerFactory: bIsQCMediaPlayerPresent 0
01-05 15:07:51.380 15356 15469 E ExtMediaPlayer-JNI: env->IsInstanceOf fails
01-05 15:07:51.380 15356 15469 E MediaPlayer-JNI: JNIMediaPlayerFactory: bIsQCMediaPlayerPresent 0
01-05 15:07:51.390 15356 15469 V MediaPlayer-JNI: setParameter: key 1400
01-05 15:07:51.390 15356 15469 V MediaPlayer-JNI: setAudioStreamType: 3
01-05 15:07:51.390 15356 15469 V MediaPlayer-JNI: set_session_id(): 110
01-05 15:07:51.390 15356 15469 V UpdateUI: Network: active, connected
01-05 15:07:51.390 15356 15480 V MediaPlayer-JNI: reset
01-05 15:07:51.390 15356 15480 V MediaPlayer-JNI: setDataSourceFD: fd 81
01-05 15:07:51.400 15356 15477 V Robocol : sending CMD_NOTIFY_USER_DEVICE_LIST(17), attempt: 0
01-05 15:07:51.400 15356 15477 V Robocol : sending CMD_ROBOT_CONTROLLER_PREFERENCE(18), attempt: 0
01-05 15:07:51.400 15356 15477 V Robocol : sending CMD_ROBOT_CONTROLLER_PREFERENCE(19), attempt: 0
01-05 15:07:51.400 15356 15477 V Robocol : sending CMD_ROBOT_CONTROLLER_PREFERENCE(20), attempt: 0
01-05 15:07:51.400 15356 15477 V Robocol : sending CMD_ROBOT_CONTROLLER_PREFERENCE(21), attempt: 0
01-05 15:07:51.400 15356 15477 V Robocol : sending CMD_ROBOT_CONTROLLER_PREFERENCE(22), attempt: 0
01-05 15:07:51.400 15356 15477 V Robocol : sending CMD_ROBOT_CONTROLLER_PREFERENCE(23), attempt: 0
01-05 15:07:51.420 15356 15378 W MediaPlayer: info/warning (10973, 0)
01-05 15:07:51.430 15356 15480 V MediaPlayer-JNI: getDuration: 485 (msec)
01-05 15:07:51.430 15356 15480 V SoundInfo: construct(0x0d9da659)
01-05 15:07:51.450 15356 15469 V Robocol : received command: CMD_REQUEST_UI_STATE(10002) 
01-05 15:07:51.460 15356 15392 D SoundPlayer: onLoadComplete(samp=1|ms=485, samp=1)=0
01-05 15:07:51.460 15356 15480 W AudioTrack: AUDIO_OUTPUT_FLAG_FAST denied by client; transfer 4, track 44100 Hz, output 48000 Hz
01-05 15:07:51.470 15356 15480 D SoundPlayer: playing volume=0.000000 samp=1|ms=485
01-05 15:07:51.480 15356 15477 V Robocol : sending CMD_PLAY_SOUND(34), attempt: 0
01-05 15:07:51.520 15356 15426 V LynxUsb : ...done armDevice()
01-05 15:07:51.520 15356 15426 V LynxUsb : 0x031d7db8 on 0x0846467a: new delegate to [DQ2FYPMN]
01-05 15:07:51.520 15356 15426 V RobotCore: Creating Lynx Module - mod=1 parent=true
01-05 15:07:51.520 15356 15487 V RobotCore: thread: 'lynx incoming datagrams' starting...
01-05 15:07:51.520 15356 15426 V RobotCore: Creating Lynx Module - mod=2 parent=false
01-05 15:07:51.520 15356 15426 V LynxUsb : addConfiguredModule() module#=1
01-05 15:07:51.520 15356 15426 V LynxModule: pingAndQueryKnownInterfaces mod=1
01-05 15:07:51.530 15356 15487 V LynxUsb : synchronization gained: serial=DQ2FYPMN
01-05 15:07:51.540 15356 15426 V LynxModule: mod#=1 queryInterface(DEKA)=54 commands starting at 4096
01-05 15:07:51.540 15356 15426 V LynxModule: sending LynxFtdiResetControlCommand(true) wasInterrupted=false
01-05 15:07:51.550 15356 15426 V LynxModule: sendLEDPatternSteps(): #steps=4
01-05 15:07:51.560 15356 15426 V LynxUsb : addConfiguredModule() module#=2
01-05 15:07:51.560 15356 15426 V LynxModule: pingAndQueryKnownInterfaces mod=2
01-05 15:07:51.560 15356 15488 V LynxModule: received status: LynxGetModuleStatusResponse(status=0x02 alerts=0x00: Reset)
01-05 15:07:51.570 15356 15426 V LynxModule: mod#=2 queryInterface(DEKA)=49 commands starting at 4096
01-05 15:07:51.570 15356 15426 V LynxModule: mod#=2 intf=DEKA: expected 54 commands; found 49
01-05 15:07:51.570 15356 15426 V LynxModule: sendLEDPatternSteps(): #steps=6
01-05 15:07:51.580 15356 15426 V LynxMotor: initializeHardware() mod#=1
01-05 15:07:51.580 15356 15489 V LynxModule: received status: LynxGetModuleStatusResponse(status=0x05 alerts=0x00: KeepAliveTimeout|FailSafe)
01-05 15:07:51.580 15356 15489 V LynxModule: resendCurrentPattern()
01-05 15:07:51.580 15356 15489 V LynxModule: sendLEDPatternSteps(): #steps=6
01-05 15:07:51.640 15356 15386 I FtcDashboard: [RECV]	{"type":"GET_ROBOT_STATUS"}
01-05 15:07:51.640 15356 15386 I FtcDashboard: [SENT]	{"data":{"activeOpMode":"$Stop$Robot$","activeOpModeStatus":"STOPPED","available":true,"errorMessage":"","warningMessage":""},"type":"RECEIVE_ROBOT_STATUS"}
01-05 15:07:51.640 15356 15426 V RobotCore: DcMotorImpl(type=NeveRest60Gearmotor)
01-05 15:07:51.640 15356 15426 V RobotCore: DcMotorImpl(type=NeveRest60Gearmotor)
01-05 15:07:51.640 15356 15426 V RobotCore: DcMotorImpl(type=NeveRest60Gearmotor)
01-05 15:07:51.640 15356 15426 V RobotCore: DcMotorImpl(type=TetrixMotor)
01-05 15:07:51.640 15356 15426 V LynxServoController: initializeHardware() mod#=1
01-05 15:07:51.670 15356 15426 V LynxVoltageSensor: initializeHardware() mod#=1
01-05 15:07:51.670 15356 15426 V LynxPwmOutputController: initializeHardware() mod#=1
01-05 15:07:51.680 15356 15426 W LynxPwmOutputController: LynxSetPWMEnableCommand not implemented by lynx hw; ignoring
01-05 15:07:51.680 15356 15426 W LynxPwmOutputController: LynxSetPWMConfigurationCommand not implemented by lynx hw; ignoring
01-05 15:07:51.680 15356 15426 W LynxPwmOutputController: LynxSetPWMEnableCommand not implemented by lynx hw; ignoring
01-05 15:07:51.690 15356 15426 W LynxPwmOutputController: LynxSetPWMConfigurationCommand not implemented by lynx hw; ignoring
01-05 15:07:51.690 15356 15426 W LynxPwmOutputController: LynxSetPWMEnableCommand not implemented by lynx hw; ignoring
01-05 15:07:51.690 15356 15426 W LynxPwmOutputController: LynxSetPWMConfigurationCommand not implemented by lynx hw; ignoring
01-05 15:07:51.690 15356 15426 W LynxPwmOutputController: LynxSetPWMEnableCommand not implemented by lynx hw; ignoring
01-05 15:07:51.700 15356 15426 W LynxPwmOutputController: LynxSetPWMConfigurationCommand not implemented by lynx hw; ignoring
01-05 15:07:51.700 15356 15426 V LynxAnalogInputController: initializeHardware() mod#=1
01-05 15:07:51.700 15356 15426 V LynxDigitalChannelController: initializeHardware() mod#=1
01-05 15:07:51.720 15356 15426 V RobotCore: Creating user sensor REV Expansion Hub IMU - on Lynx module=1 bus=0
01-05 15:07:51.720 15356 15426 V RobotCore: Creating I2cDeviceSynch (Lynx) - mod=1 bus=0
01-05 15:07:51.720 15356 15426 I RobotCore: LynxFirmwareVersionManager: LynxI2cDeviceSynchV2
01-05 15:07:51.720 15356 15426 V LynxI2cDeviceSynch: initializeHardware() mod#=1
01-05 15:07:51.720 15356 15426 V LynxMotor: initializeHardware() mod#=2
01-05 15:07:51.810 15356 15426 V RobotCore: DcMotorImpl(type=NeveRest40Gearmotor)
01-05 15:07:51.810 15356 15426 V RobotCore: DcMotorImpl(type=NeveRest40Gearmotor)
01-05 15:07:51.810 15356 15426 V RobotCore: DcMotorImpl(type=NeveRest40Gearmotor)
01-05 15:07:51.810 15356 15426 V RobotCore: DcMotorImpl(type=NeveRest40Gearmotor)
01-05 15:07:51.810 15356 15426 V LynxServoController: initializeHardware() mod#=2
01-05 15:07:51.850 15356 15426 V LynxVoltageSensor: initializeHardware() mod#=2
01-05 15:07:51.850 15356 15426 V LynxPwmOutputController: initializeHardware() mod#=2
01-05 15:07:51.860 15356 15426 W LynxPwmOutputController: LynxSetPWMEnableCommand not implemented by lynx hw; ignoring
01-05 15:07:51.860 15356 15426 W LynxPwmOutputController: LynxSetPWMConfigurationCommand not implemented by lynx hw; ignoring
01-05 15:07:51.870 15356 15426 W LynxPwmOutputController: LynxSetPWMEnableCommand not implemented by lynx hw; ignoring
01-05 15:07:51.870 15356 15426 W LynxPwmOutputController: LynxSetPWMConfigurationCommand not implemented by lynx hw; ignoring
01-05 15:07:51.870 15356 15426 W LynxPwmOutputController: LynxSetPWMEnableCommand not implemented by lynx hw; ignoring
01-05 15:07:51.880 15356 15426 W LynxPwmOutputController: LynxSetPWMConfigurationCommand not implemented by lynx hw; ignoring
01-05 15:07:51.880 15356 15426 W LynxPwmOutputController: LynxSetPWMEnableCommand not implemented by lynx hw; ignoring
01-05 15:07:51.880 15356 15426 W LynxPwmOutputController: LynxSetPWMConfigurationCommand not implemented by lynx hw; ignoring
01-05 15:07:51.880 15356 15426 V LynxAnalogInputController: initializeHardware() mod#=2
01-05 15:07:51.880 15356 15426 V LynxDigitalChannelController: initializeHardware() mod#=2
01-05 15:07:51.910 15356 15426 V RobotCore: Creating Webcam [3F2DF43F]
01-05 15:07:51.910 15356 15426 V CameraManager: construct(hash=0x08e5d79e|inst#=0)
01-05 15:07:51.960 15356 15426 D Uvc     : [jni.cpp:72] JNI_OnLoad()...
01-05 15:07:51.960 15356 15426 D Uvc     : [JniEnv.h:32] ScopedJniEnv::onJniLoad()...
01-05 15:07:51.960 15356 15426 D Uvc     : [JniEnv.h:32] ...ScopedJniEnv::onJniLoad()
01-05 15:07:51.960 15356 15426 D Uvc     : [jni.cpp:72] ...JNI_OnLoad()
01-05 15:07:51.960 15356 15426 D libusb  : [ 0.000087] [00003c42] libusb: debug [op_init] sysfs(/sys/bus/usb/devices) available
01-05 15:07:51.960 15356 15426 D libusb  : [ 0.000119] [00003c42] libusb: debug [op_init] sysfs can relate devices
01-05 15:07:51.960 15356 15426 D libusb  : [ 0.000135] [00003c42] libusb: debug [op_init] sysfs has complete descriptors
01-05 15:07:51.960 15356 15426 D libusb  : [ 0.000148] [00003c42] libusb: debug [op_init] sysfs has serial numbers
01-05 15:07:51.960 15356 15426 V UvcContext: construct(pointer=0x9b11ee50|inst#=0)
01-05 15:07:51.960 15356 15426 I RobotCore: ========= Device Information ===================================================
01-05 15:07:51.960 15356 15426 I RobotCore: Type                                               Name                           Connection
01-05 15:07:51.960 15356 15426 I RobotCore: Motor                                              intake                         USB DQ2FYPMN; module 1; port 3
01-05 15:07:51.960 15356 15426 I RobotCore: Motor                                              frontLeft                      USB DQ2FYPMN; module 2; port 2
01-05 15:07:51.960 15356 15426 I RobotCore: Servo                                              pawServo                       USB DQ2FYPMN; module 2; port 1
01-05 15:07:51.960 15356 15426 I RobotCore: Expansion Hub DC Motor Controller                  Expansion Hub 1                USB DQ2FYPMN; module 1
01-05 15:07:51.960 15356 15426 I RobotCore: Expansion Hub Servo Controller                     Expansion Hub 1                USB DQ2FYPMN; module 1
01-05 15:07:51.960 15356 15426 I RobotCore: Expansion Hub Voltage Sensor                       Expansion Hub 1                USB DQ2FYPMN; module 1
01-05 15:07:51.960 15356 15426 I RobotCore: Expansion Hub Pwm Controller                       Expansion Hub 1                USB DQ2FYPMN; module 1
01-05 15:07:51.960 15356 15426 I RobotCore: Expansion Hub Analog Input Controller              Expansion Hub 1                USB DQ2FYPMN; module 1
01-05 15:07:51.960 15356 15426 I RobotCore: Expansion Hub Digital Channel Controller           Expansion Hub 1                USB DQ2FYPMN; module 1
01-05 15:07:51.960 15356 15426 I RobotCore: Expansion Hub (HW: 20, Maj: 1, Min: 8, Eng: 2)     Expansion Hub 1                USB DQ2FYPMN; module 1
01-05 15:07:51.960 15356 15426 I RobotCore: Servo                                              right                          USB DQ2FYPMN; module 2; port 4
01-05 15:07:51.960 15356 15426 I RobotCore: Motor                                              backLeft                       USB DQ2FYPMN; module 2; port 3
